Archive member included to satisfy reference by file (symbol)

/home/schiavon/tools/riscv/riscv32-unknown-elf/lib/libc_nano.a(lib_a-atexit.o)
                              /tmp/ccxMATow.o (atexit)
/home/schiavon/tools/riscv/riscv32-unknown-elf/lib/libc_nano.a(lib_a-exit.o)
                              /tmp/ccxMATow.o (exit)
/home/schiavon/tools/riscv/riscv32-unknown-elf/lib/libc_nano.a(lib_a-fini.o)
                              /tmp/ccxMATow.o (__libc_fini_array)
/home/schiavon/tools/riscv/riscv32-unknown-elf/lib/libc_nano.a(lib_a-impure.o)
                              /home/schiavon/tools/riscv/riscv32-unknown-elf/lib/libc_nano.a(lib_a-exit.o) (_global_impure_ptr)
/home/schiavon/tools/riscv/riscv32-unknown-elf/lib/libc_nano.a(lib_a-init.o)
                              /tmp/ccxMATow.o (__libc_init_array)
/home/schiavon/tools/riscv/riscv32-unknown-elf/lib/libc_nano.a(lib_a-memset.o)
                              /tmp/ccxMATow.o (memset)
/home/schiavon/tools/riscv/riscv32-unknown-elf/lib/libc_nano.a(lib_a-puts.o)
                              /tmp/ccorGXPu.o (puts)
/home/schiavon/tools/riscv/riscv32-unknown-elf/lib/libc_nano.a(lib_a-reent.o)
                              /tmp/ccVJsQix.o (symbol from plugin) (errno)
/home/schiavon/tools/riscv/riscv32-unknown-elf/lib/libc_nano.a(lib_a-wbuf.o)
                              /home/schiavon/tools/riscv/riscv32-unknown-elf/lib/libc_nano.a(lib_a-puts.o) (__swbuf_r)
/home/schiavon/tools/riscv/riscv32-unknown-elf/lib/libc_nano.a(lib_a-wsetup.o)
                              /home/schiavon/tools/riscv/riscv32-unknown-elf/lib/libc_nano.a(lib_a-puts.o) (__swsetup_r)
/home/schiavon/tools/riscv/riscv32-unknown-elf/lib/libc_nano.a(lib_a-__atexit.o)
                              /home/schiavon/tools/riscv/riscv32-unknown-elf/lib/libc_nano.a(lib_a-atexit.o) (__register_exitproc)
/home/schiavon/tools/riscv/riscv32-unknown-elf/lib/libc_nano.a(lib_a-__call_atexit.o)
                              /home/schiavon/tools/riscv/riscv32-unknown-elf/lib/libc_nano.a(lib_a-__atexit.o) (__call_exitprocs)
/home/schiavon/tools/riscv/riscv32-unknown-elf/lib/libc_nano.a(lib_a-fflush.o)
                              /home/schiavon/tools/riscv/riscv32-unknown-elf/lib/libc_nano.a(lib_a-wbuf.o) (_fflush_r)
/home/schiavon/tools/riscv/riscv32-unknown-elf/lib/libc_nano.a(lib_a-findfp.o)
                              /home/schiavon/tools/riscv/riscv32-unknown-elf/lib/libc_nano.a(lib_a-puts.o) (__sinit)
/home/schiavon/tools/riscv/riscv32-unknown-elf/lib/libc_nano.a(lib_a-fwalk.o)
                              /home/schiavon/tools/riscv/riscv32-unknown-elf/lib/libc_nano.a(lib_a-findfp.o) (_fwalk)
/home/schiavon/tools/riscv/riscv32-unknown-elf/lib/libc_nano.a(lib_a-makebuf.o)
                              /home/schiavon/tools/riscv/riscv32-unknown-elf/lib/libc_nano.a(lib_a-wsetup.o) (__smakebuf_r)
/home/schiavon/tools/riscv/riscv32-unknown-elf/lib/libc_nano.a(lib_a-nano-freer.o)
                              /home/schiavon/tools/riscv/riscv32-unknown-elf/lib/libc_nano.a(lib_a-reent.o) (_free_r)
/home/schiavon/tools/riscv/riscv32-unknown-elf/lib/libc_nano.a(lib_a-nano-mallocr.o)
                              /home/schiavon/tools/riscv/riscv32-unknown-elf/lib/libc_nano.a(lib_a-findfp.o) (_malloc_r)
/home/schiavon/tools/riscv/riscv32-unknown-elf/lib/libc_nano.a(lib_a-sbrkr.o)
                              /home/schiavon/tools/riscv/riscv32-unknown-elf/lib/libc_nano.a(lib_a-nano-mallocr.o) (_sbrk_r)
/home/schiavon/tools/riscv/riscv32-unknown-elf/lib/libc_nano.a(lib_a-stdio.o)
                              /home/schiavon/tools/riscv/riscv32-unknown-elf/lib/libc_nano.a(lib_a-findfp.o) (__sread)
/home/schiavon/tools/riscv/riscv32-unknown-elf/lib/libc_nano.a(lib_a-writer.o)
                              /home/schiavon/tools/riscv/riscv32-unknown-elf/lib/libc_nano.a(lib_a-stdio.o) (_write_r)
/home/schiavon/tools/riscv/riscv32-unknown-elf/lib/libc_nano.a(lib_a-closer.o)
                              /home/schiavon/tools/riscv/riscv32-unknown-elf/lib/libc_nano.a(lib_a-stdio.o) (_close_r)
/home/schiavon/tools/riscv/riscv32-unknown-elf/lib/libc_nano.a(lib_a-fstatr.o)
                              /home/schiavon/tools/riscv/riscv32-unknown-elf/lib/libc_nano.a(lib_a-makebuf.o) (_fstat_r)
/home/schiavon/tools/riscv/riscv32-unknown-elf/lib/libc_nano.a(lib_a-isattyr.o)
                              /home/schiavon/tools/riscv/riscv32-unknown-elf/lib/libc_nano.a(lib_a-makebuf.o) (_isatty_r)
/home/schiavon/tools/riscv/riscv32-unknown-elf/lib/libc_nano.a(lib_a-lseekr.o)
                              /home/schiavon/tools/riscv/riscv32-unknown-elf/lib/libc_nano.a(lib_a-stdio.o) (_lseek_r)
/home/schiavon/tools/riscv/riscv32-unknown-elf/lib/libc_nano.a(lib_a-mlock.o)
                              /home/schiavon/tools/riscv/riscv32-unknown-elf/lib/libc_nano.a(lib_a-nano-freer.o) (__malloc_lock)
/home/schiavon/tools/riscv/riscv32-unknown-elf/lib/libc_nano.a(lib_a-readr.o)
                              /home/schiavon/tools/riscv/riscv32-unknown-elf/lib/libc_nano.a(lib_a-stdio.o) (_read_r)
/home/schiavon/tools/riscv/riscv32-unknown-elf/lib/libc_nano.a(lib_a-memcpy-asm.o)
                              /tmp/cccSA4Py.ltrans0.ltrans.o (memcpy)
/home/schiavon/tools/riscv/riscv32-unknown-elf/lib/libc_nano.a(lib_a-printf.o)
                              /tmp/cccSA4Py.ltrans0.ltrans.o (printf)
/home/schiavon/tools/riscv/riscv32-unknown-elf/lib/libc_nano.a(lib_a-nano-vfprintf.o)
                              /home/schiavon/tools/riscv/riscv32-unknown-elf/lib/libc_nano.a(lib_a-printf.o) (_vfprintf_r)
/home/schiavon/tools/riscv/riscv32-unknown-elf/lib/libc_nano.a(lib_a-fvwrite.o)
                              /home/schiavon/tools/riscv/riscv32-unknown-elf/lib/libc_nano.a(lib_a-nano-vfprintf.o) (__sfvwrite_r)
/home/schiavon/tools/riscv/riscv32-unknown-elf/lib/libc_nano.a(lib_a-memchr.o)
                              /home/schiavon/tools/riscv/riscv32-unknown-elf/lib/libc_nano.a(lib_a-nano-vfprintf.o) (memchr)
/home/schiavon/tools/riscv/riscv32-unknown-elf/lib/libc_nano.a(lib_a-memmove.o)
                              /home/schiavon/tools/riscv/riscv32-unknown-elf/lib/libc_nano.a(lib_a-fvwrite.o) (memmove)
/home/schiavon/tools/riscv/riscv32-unknown-elf/lib/libc_nano.a(lib_a-nano-reallocr.o)
                              /home/schiavon/tools/riscv/riscv32-unknown-elf/lib/libc_nano.a(lib_a-fvwrite.o) (_realloc_r)
/home/schiavon/tools/riscv/riscv32-unknown-elf/lib/libc_nano.a(lib_a-nano-vfprintf_i.o)
                              /home/schiavon/tools/riscv/riscv32-unknown-elf/lib/libc_nano.a(lib_a-nano-vfprintf.o) (_printf_i)
/home/schiavon/tools/riscv/riscv32-unknown-elf/lib/libc_nano.a(lib_a-nano-msizer.o)
                              /home/schiavon/tools/riscv/riscv32-unknown-elf/lib/libc_nano.a(lib_a-nano-reallocr.o) (_malloc_usable_size_r)
/home/schiavon/tools/riscv/lib/gcc/riscv32-unknown-elf/11.1.0/libgcc.a(_divdi3.o)
                              /tmp/cccSA4Py.ltrans0.ltrans.o (__divdi3)
/home/schiavon/tools/riscv/lib/gcc/riscv32-unknown-elf/11.1.0/libgcc.a(_udivdi3.o)
                              /tmp/cccSA4Py.ltrans0.ltrans.o (__udivdi3)
/home/schiavon/tools/riscv/lib/gcc/riscv32-unknown-elf/11.1.0/libgcc.a(_clz.o)
                              /home/schiavon/tools/riscv/lib/gcc/riscv32-unknown-elf/11.1.0/libgcc.a(_divdi3.o) (__clz_tab)

Memory Configuration

Name             Origin             Length             Attributes
ram0             0x0000000000000000 0x0000000000008000 axrwl
ram1             0x0000000000008000 0x0000000000038000 axrwl
*default*        0x0000000000000000 0xffffffffffffffff

Linker script and memory map

LOAD /tmp/ccxMATow.o
LOAD /tmp/ccorGXPu.o
LOAD /tmp/ccIskWau.o
LOAD /tmp/cccSA4Py.ltrans0.ltrans.o
LOAD /tmp/ccZru7yC.debug.temp.o
LOAD /tmp/ccGHOt6A.debug.temp.o
LOAD /tmp/cc3Kghsz.debug.temp.o
LOAD /tmp/ccsrYDrA.debug.temp.o
LOAD /tmp/ccpLXA0C.debug.temp.o
LOAD /tmp/ccOyOidB.debug.temp.o
LOAD /tmp/ccFfQsJC.debug.temp.o
LOAD /tmp/ccHKMw7A.debug.temp.o
LOAD /tmp/ccz7uZIB.debug.temp.o
LOAD /tmp/cc9bWT1A.debug.temp.o
LOAD /tmp/cclqRTnC.debug.temp.o
LOAD /tmp/ccJZppWA.debug.temp.o
LOAD /tmp/ccTM38aB.debug.temp.o
LOAD /tmp/ccxGRYLC.debug.temp.o
LOAD /tmp/ccTTW6MC.debug.temp.o
LOAD /tmp/ccMmx1Nz.debug.temp.o
LOAD /tmp/ccEdYiAz.debug.temp.o
LOAD /tmp/ccP5oopA.debug.temp.o
LOAD /tmp/ccvHqieD.debug.temp.o
LOAD /tmp/ccr5NA6A.debug.temp.o
LOAD /tmp/ccljimWA.debug.temp.o
LOAD /tmp/cc7OCPMz.debug.temp.o
LOAD /tmp/ccntIZBu.o
LOAD /tmp/ccVJsQix.o
LOAD /tmp/ccNZzmtv.o
LOAD /tmp/cc9ljqIx.o
LOAD /tmp/ccH5nLpx.o
LOAD /tmp/cc9zvJtw.o
LOAD /tmp/ccHTcqnu.o
LOAD /tmp/ccGH73It.o
LOAD /tmp/ccX6XoPx.o
LOAD /tmp/ccDeVhAx.o
LOAD /tmp/ccfgouru.o
LOAD /tmp/ccf3hM5v.o
LOAD /tmp/ccghnLIt.o
LOAD /tmp/cc85dd8u.o
LOAD /tmp/cccsEUhy.o
LOAD /tmp/ccxmyM6w.o
LOAD /tmp/ccZ5YKmv.o
LOAD /tmp/cc0gZTZu.o
LOAD /tmp/ccV1LKnx.o
LOAD /tmp/ccfmY0Xt.o
LOAD /tmp/cctVM6zx.o
LOAD /home/schiavon/tools/riscv/riscv32-unknown-elf/lib/libc_nano.a
LOAD /home/schiavon/tools/riscv/riscv32-unknown-elf/lib/libm_nano.a
LOAD /home/schiavon/tools/riscv/lib/gcc/riscv32-unknown-elf/11.1.0/libgcc.a
                0x0000000000000180                PROVIDE (__boot_address = 0x180)
                0x0000000000001000                __stack_size = DEFINED (__stack_size)?__stack_size:0x1000
                [!provide]                        PROVIDE (__stack_size = __stack_size)
                0x0000000000001000                __heap_size = DEFINED (__heap_size)?__heap_size:0x1000
                [!provide]                        PROVIDE (__executable_start = SEGMENT_START ("text-segment", 0x10000))
                0x0000000000010074                . = (SEGMENT_START ("text-segment", 0x10000) + SIZEOF_HEADERS)

.vectors        0x0000000000000000      0x104
                0x0000000000000000                PROVIDE (__vector_start = .)
 *(.vectors)
 .vectors       0x0000000000000000      0x104 /tmp/ccorGXPu.o

.init           0x0000000000000180       0x56
 *(SORT_NONE(.init))
 *(.text.start)
 .text.start    0x0000000000000180       0x56 /tmp/ccxMATow.o
                0x0000000000000180                _start
                0x00000000000001d2                _init
                0x00000000000001d4                _fini

.text           0x00000000000001d8     0x254e
 *(.text.unlikely .text.*_unlikely .text.unlikely.*)
 *(.text.exit .text.exit.*)
 .text.exit     0x00000000000001d8       0x24 /home/schiavon/tools/riscv/riscv32-unknown-elf/lib/libc_nano.a(lib_a-exit.o)
                0x00000000000001d8                exit
 *(.text.startup .text.startup.*)
 .text.startup.main
                0x00000000000001fc       0x28 /tmp/cccSA4Py.ltrans0.ltrans.o
                0x00000000000001fc                main
 *(.text.hot .text.hot.*)
 *(.text .stub .text.* .gnu.linkonce.t.*)
 .text          0x0000000000000224        0x0 /tmp/ccxMATow.o
 .text          0x0000000000000224        0x0 /tmp/ccorGXPu.o
 .text.vecs     0x0000000000000224       0x14 /tmp/ccorGXPu.o
 .text          0x0000000000000238        0x0 /tmp/cccSA4Py.ltrans0.ltrans.o
 .text.print_exc_msg
                0x0000000000000238       0x20 /tmp/cccSA4Py.ltrans0.ltrans.o
 .text.handler_instr_acc_fault
                0x0000000000000258       0x18 /tmp/cccSA4Py.ltrans0.ltrans.o
 .text.handler_lsu_fault
                0x0000000000000270       0x18 /tmp/cccSA4Py.ltrans0.ltrans.o
 .text.init     0x0000000000000288        0x4 /tmp/cccSA4Py.ltrans0.ltrans.o
                0x0000000000000288                init
 .text._close   0x000000000000028c        0x4 /tmp/cccSA4Py.ltrans0.ltrans.o
                0x000000000000028c                _close
 .text._exit    0x0000000000000290       0x10 /tmp/cccSA4Py.ltrans0.ltrans.o
                0x0000000000000290                _exit
 .text._fstat   0x00000000000002a0        0x8 /tmp/cccSA4Py.ltrans0.ltrans.o
                0x00000000000002a0                _fstat
 .text._isatty  0x00000000000002a8        0x8 /tmp/cccSA4Py.ltrans0.ltrans.o
                0x00000000000002a8                _isatty
 .text._lseek   0x00000000000002b0        0x4 /tmp/cccSA4Py.ltrans0.ltrans.o
                0x00000000000002b0                _lseek
 .text._read    0x00000000000002b4        0x4 /tmp/cccSA4Py.ltrans0.ltrans.o
                0x00000000000002b4                _read
 .text._write   0x00000000000002b8       0xa0 /tmp/cccSA4Py.ltrans0.ltrans.o
                0x00000000000002b8                _write
 .text._sbrk    0x0000000000000358       0x2c /tmp/cccSA4Py.ltrans0.ltrans.o
                0x0000000000000358                _sbrk
 .text.handler_exception
                0x0000000000000384       0x6e /tmp/cccSA4Py.ltrans0.ltrans.o
                0x0000000000000384                handler_exception
 *fill*         0x00000000000003f2        0x2 
 .text.handler_irq_software
                0x00000000000003f4       0x2e /tmp/cccSA4Py.ltrans0.ltrans.o
                0x00000000000003f4                handler_irq_software
 *fill*         0x0000000000000422        0x2 
 .text.handler_irq_timer
                0x0000000000000424       0x2e /tmp/cccSA4Py.ltrans0.ltrans.o
                0x0000000000000424                handler_irq_timer
 *fill*         0x0000000000000452        0x2 
 .text.handler_irq_external
                0x0000000000000454       0x2e /tmp/cccSA4Py.ltrans0.ltrans.o
                0x0000000000000454                handler_irq_external
 *fill*         0x0000000000000482        0x2 
 .text.handler_irq_fast_timer_1
                0x0000000000000484       0x2e /tmp/cccSA4Py.ltrans0.ltrans.o
                0x0000000000000484                handler_irq_fast_timer_1
 *fill*         0x00000000000004b2        0x2 
 .text.handler_irq_fast_timer_2
                0x00000000000004b4       0x2e /tmp/cccSA4Py.ltrans0.ltrans.o
                0x00000000000004b4                handler_irq_fast_timer_2
 *fill*         0x00000000000004e2        0x2 
 .text.handler_irq_fast_timer_3
                0x00000000000004e4       0x2e /tmp/cccSA4Py.ltrans0.ltrans.o
                0x00000000000004e4                handler_irq_fast_timer_3
 *fill*         0x0000000000000512        0x2 
 .text.handler_irq_fast_dma
                0x0000000000000514       0x2e /tmp/cccSA4Py.ltrans0.ltrans.o
                0x0000000000000514                handler_irq_fast_dma
 *fill*         0x0000000000000542        0x2 
 .text.handler_irq_fast_spi
                0x0000000000000544       0x2e /tmp/cccSA4Py.ltrans0.ltrans.o
                0x0000000000000544                handler_irq_fast_spi
 *fill*         0x0000000000000572        0x2 
 .text.handler_irq_fast_spi_flash
                0x0000000000000574       0x2e /tmp/cccSA4Py.ltrans0.ltrans.o
                0x0000000000000574                handler_irq_fast_spi_flash
 *fill*         0x00000000000005a2        0x2 
 .text.handler_irq_fast_gpio_0
                0x00000000000005a4       0x2e /tmp/cccSA4Py.ltrans0.ltrans.o
                0x00000000000005a4                handler_irq_fast_gpio_0
 *fill*         0x00000000000005d2        0x2 
 .text.handler_irq_fast_gpio_1
                0x00000000000005d4       0x2e /tmp/cccSA4Py.ltrans0.ltrans.o
                0x00000000000005d4                handler_irq_fast_gpio_1
 *fill*         0x0000000000000602        0x2 
 .text.handler_irq_fast_gpio_2
                0x0000000000000604       0x2e /tmp/cccSA4Py.ltrans0.ltrans.o
                0x0000000000000604                handler_irq_fast_gpio_2
 *fill*         0x0000000000000632        0x2 
 .text.handler_irq_fast_gpio_3
                0x0000000000000634       0x2e /tmp/cccSA4Py.ltrans0.ltrans.o
                0x0000000000000634                handler_irq_fast_gpio_3
 *fill*         0x0000000000000662        0x2 
 .text.handler_irq_fast_gpio_4
                0x0000000000000664       0x2e /tmp/cccSA4Py.ltrans0.ltrans.o
                0x0000000000000664                handler_irq_fast_gpio_4
 *fill*         0x0000000000000692        0x2 
 .text.handler_irq_fast_gpio_5
                0x0000000000000694       0x2e /tmp/cccSA4Py.ltrans0.ltrans.o
                0x0000000000000694                handler_irq_fast_gpio_5
 *fill*         0x00000000000006c2        0x2 
 .text.handler_irq_fast_gpio_6
                0x00000000000006c4       0x2e /tmp/cccSA4Py.ltrans0.ltrans.o
                0x00000000000006c4                handler_irq_fast_gpio_6
 *fill*         0x00000000000006f2        0x2 
 .text.handler_irq_fast_gpio_7
                0x00000000000006f4       0x2e /tmp/cccSA4Py.ltrans0.ltrans.o
                0x00000000000006f4                handler_irq_fast_gpio_7
 .text          0x0000000000000722        0x0 /home/schiavon/tools/riscv/riscv32-unknown-elf/lib/libc_nano.a(lib_a-atexit.o)
 .text.atexit   0x0000000000000722        0xa /home/schiavon/tools/riscv/riscv32-unknown-elf/lib/libc_nano.a(lib_a-atexit.o)
                0x0000000000000722                atexit
 .text          0x000000000000072c        0x0 /home/schiavon/tools/riscv/riscv32-unknown-elf/lib/libc_nano.a(lib_a-exit.o)
 .text          0x000000000000072c        0x0 /home/schiavon/tools/riscv/riscv32-unknown-elf/lib/libc_nano.a(lib_a-fini.o)
 .text.__libc_fini_array
                0x000000000000072c       0x36 /home/schiavon/tools/riscv/riscv32-unknown-elf/lib/libc_nano.a(lib_a-fini.o)
                0x000000000000072c                __libc_fini_array
 .text          0x0000000000000762        0x0 /home/schiavon/tools/riscv/riscv32-unknown-elf/lib/libc_nano.a(lib_a-impure.o)
 .text          0x0000000000000762        0x0 /home/schiavon/tools/riscv/riscv32-unknown-elf/lib/libc_nano.a(lib_a-init.o)
 .text.__libc_init_array
                0x0000000000000762       0x5e /home/schiavon/tools/riscv/riscv32-unknown-elf/lib/libc_nano.a(lib_a-init.o)
                0x0000000000000762                __libc_init_array
 .text          0x00000000000007c0       0x10 /home/schiavon/tools/riscv/riscv32-unknown-elf/lib/libc_nano.a(lib_a-memset.o)
                0x00000000000007c0                memset
 .text          0x00000000000007d0        0x0 /home/schiavon/tools/riscv/riscv32-unknown-elf/lib/libc_nano.a(lib_a-puts.o)
 .text._puts_r  0x00000000000007d0       0xd8 /home/schiavon/tools/riscv/riscv32-unknown-elf/lib/libc_nano.a(lib_a-puts.o)
                0x00000000000007d0                _puts_r
 .text.puts     0x00000000000008a8        0x8 /home/schiavon/tools/riscv/riscv32-unknown-elf/lib/libc_nano.a(lib_a-puts.o)
                0x00000000000008a8                puts
 .text          0x00000000000008b0        0x0 /home/schiavon/tools/riscv/riscv32-unknown-elf/lib/libc_nano.a(lib_a-reent.o)
 .text.cleanup_glue
                0x00000000000008b0       0x22 /home/schiavon/tools/riscv/riscv32-unknown-elf/lib/libc_nano.a(lib_a-reent.o)
                0x00000000000008b0                cleanup_glue
 .text._reclaim_reent
                0x00000000000008d2       0xd4 /home/schiavon/tools/riscv/riscv32-unknown-elf/lib/libc_nano.a(lib_a-reent.o)
                0x00000000000008d2                _reclaim_reent
 .text          0x00000000000009a6        0x0 /home/schiavon/tools/riscv/riscv32-unknown-elf/lib/libc_nano.a(lib_a-wbuf.o)
 .text.__swbuf_r
                0x00000000000009a6       0xba /home/schiavon/tools/riscv/riscv32-unknown-elf/lib/libc_nano.a(lib_a-wbuf.o)
                0x00000000000009a6                __swbuf_r
 .text.__swbuf  0x0000000000000a60        0xa /home/schiavon/tools/riscv/riscv32-unknown-elf/lib/libc_nano.a(lib_a-wbuf.o)
                0x0000000000000a60                __swbuf
 .text          0x0000000000000a6a        0x0 /home/schiavon/tools/riscv/riscv32-unknown-elf/lib/libc_nano.a(lib_a-wsetup.o)
 .text.__swsetup_r
                0x0000000000000a6a      0x102 /home/schiavon/tools/riscv/riscv32-unknown-elf/lib/libc_nano.a(lib_a-wsetup.o)
                0x0000000000000a6a                __swsetup_r
 .text          0x0000000000000b6c        0x0 /home/schiavon/tools/riscv/riscv32-unknown-elf/lib/libc_nano.a(lib_a-__atexit.o)
 .text.__register_exitproc
                0x0000000000000b6c       0x7c /home/schiavon/tools/riscv/riscv32-unknown-elf/lib/libc_nano.a(lib_a-__atexit.o)
                0x0000000000000b6c                __register_exitproc
 .text          0x0000000000000be8        0x0 /home/schiavon/tools/riscv/riscv32-unknown-elf/lib/libc_nano.a(lib_a-__call_atexit.o)
 .text.__call_exitprocs
                0x0000000000000be8       0xc4 /home/schiavon/tools/riscv/riscv32-unknown-elf/lib/libc_nano.a(lib_a-__call_atexit.o)
                0x0000000000000be8                __call_exitprocs
 .text          0x0000000000000cac        0x0 /home/schiavon/tools/riscv/riscv32-unknown-elf/lib/libc_nano.a(lib_a-fflush.o)
 .text.__sflush_r
                0x0000000000000cac      0x146 /home/schiavon/tools/riscv/riscv32-unknown-elf/lib/libc_nano.a(lib_a-fflush.o)
                0x0000000000000cac                __sflush_r
 .text._fflush_r
                0x0000000000000df2       0x5e /home/schiavon/tools/riscv/riscv32-unknown-elf/lib/libc_nano.a(lib_a-fflush.o)
                0x0000000000000df2                _fflush_r
 .text.fflush   0x0000000000000e50       0x16 /home/schiavon/tools/riscv/riscv32-unknown-elf/lib/libc_nano.a(lib_a-fflush.o)
                0x0000000000000e50                fflush
 .text          0x0000000000000e66        0x0 /home/schiavon/tools/riscv/riscv32-unknown-elf/lib/libc_nano.a(lib_a-findfp.o)
 .text.__fp_lock
                0x0000000000000e66        0x4 /home/schiavon/tools/riscv/riscv32-unknown-elf/lib/libc_nano.a(lib_a-findfp.o)
 .text.std      0x0000000000000e6a       0x62 /home/schiavon/tools/riscv/riscv32-unknown-elf/lib/libc_nano.a(lib_a-findfp.o)
 .text._cleanup_r
                0x0000000000000ecc        0x8 /home/schiavon/tools/riscv/riscv32-unknown-elf/lib/libc_nano.a(lib_a-findfp.o)
                0x0000000000000ecc                _cleanup_r
 .text.__fp_unlock
                0x0000000000000ed4        0x4 /home/schiavon/tools/riscv/riscv32-unknown-elf/lib/libc_nano.a(lib_a-findfp.o)
 .text.__sfmoreglue
                0x0000000000000ed8       0x46 /home/schiavon/tools/riscv/riscv32-unknown-elf/lib/libc_nano.a(lib_a-findfp.o)
                0x0000000000000ed8                __sfmoreglue
 .text._cleanup
                0x0000000000000f1e        0x6 /home/schiavon/tools/riscv/riscv32-unknown-elf/lib/libc_nano.a(lib_a-findfp.o)
                0x0000000000000f1e                _cleanup
 .text.__sinit  0x0000000000000f24       0x64 /home/schiavon/tools/riscv/riscv32-unknown-elf/lib/libc_nano.a(lib_a-findfp.o)
                0x0000000000000f24                __sinit
 .text.__sfp    0x0000000000000f88       0x9a /home/schiavon/tools/riscv/riscv32-unknown-elf/lib/libc_nano.a(lib_a-findfp.o)
                0x0000000000000f88                __sfp
 .text.__sfp_lock_acquire
                0x0000000000001022        0x2 /home/schiavon/tools/riscv/riscv32-unknown-elf/lib/libc_nano.a(lib_a-findfp.o)
                0x0000000000001022                __sfp_lock_acquire
 .text.__sfp_lock_release
                0x0000000000001024        0x2 /home/schiavon/tools/riscv/riscv32-unknown-elf/lib/libc_nano.a(lib_a-findfp.o)
                0x0000000000001024                __sfp_lock_release
 .text.__sinit_lock_acquire
                0x0000000000001026        0x2 /home/schiavon/tools/riscv/riscv32-unknown-elf/lib/libc_nano.a(lib_a-findfp.o)
                0x0000000000001026                __sinit_lock_acquire
 .text.__sinit_lock_release
                0x0000000000001028        0x2 /home/schiavon/tools/riscv/riscv32-unknown-elf/lib/libc_nano.a(lib_a-findfp.o)
                0x0000000000001028                __sinit_lock_release
 .text.__fp_lock_all
                0x000000000000102a        0xc /home/schiavon/tools/riscv/riscv32-unknown-elf/lib/libc_nano.a(lib_a-findfp.o)
                0x000000000000102a                __fp_lock_all
 .text.__fp_unlock_all
                0x0000000000001036        0xc /home/schiavon/tools/riscv/riscv32-unknown-elf/lib/libc_nano.a(lib_a-findfp.o)
                0x0000000000001036                __fp_unlock_all
 .text          0x0000000000001042        0x0 /home/schiavon/tools/riscv/riscv32-unknown-elf/lib/libc_nano.a(lib_a-fwalk.o)
 .text._fwalk   0x0000000000001042       0x62 /home/schiavon/tools/riscv/riscv32-unknown-elf/lib/libc_nano.a(lib_a-fwalk.o)
                0x0000000000001042                _fwalk
 .text._fwalk_reent
                0x00000000000010a4       0x6a /home/schiavon/tools/riscv/riscv32-unknown-elf/lib/libc_nano.a(lib_a-fwalk.o)
                0x00000000000010a4                _fwalk_reent
 .text          0x000000000000110e        0x0 /home/schiavon/tools/riscv/riscv32-unknown-elf/lib/libc_nano.a(lib_a-makebuf.o)
 .text.__swhatbuf_r
                0x000000000000110e       0x5c /home/schiavon/tools/riscv/riscv32-unknown-elf/lib/libc_nano.a(lib_a-makebuf.o)
                0x000000000000110e                __swhatbuf_r
 .text.__smakebuf_r
                0x000000000000116a       0x9a /home/schiavon/tools/riscv/riscv32-unknown-elf/lib/libc_nano.a(lib_a-makebuf.o)
                0x000000000000116a                __smakebuf_r
 .text          0x0000000000001204        0x0 /home/schiavon/tools/riscv/riscv32-unknown-elf/lib/libc_nano.a(lib_a-nano-freer.o)
 .text._free_r  0x0000000000001204       0x9e /home/schiavon/tools/riscv/riscv32-unknown-elf/lib/libc_nano.a(lib_a-nano-freer.o)
                0x0000000000001204                _free_r
 .text          0x00000000000012a2        0x0 /home/schiavon/tools/riscv/riscv32-unknown-elf/lib/libc_nano.a(lib_a-nano-mallocr.o)
 .text._malloc_r
                0x00000000000012a2       0xd4 /home/schiavon/tools/riscv/riscv32-unknown-elf/lib/libc_nano.a(lib_a-nano-mallocr.o)
                0x00000000000012a2                _malloc_r
 .text          0x0000000000001376        0x0 /home/schiavon/tools/riscv/riscv32-unknown-elf/lib/libc_nano.a(lib_a-sbrkr.o)
 .text._sbrk_r  0x0000000000001376       0x2c /home/schiavon/tools/riscv/riscv32-unknown-elf/lib/libc_nano.a(lib_a-sbrkr.o)
                0x0000000000001376                _sbrk_r
 .text          0x00000000000013a2        0x0 /home/schiavon/tools/riscv/riscv32-unknown-elf/lib/libc_nano.a(lib_a-stdio.o)
 .text.__sread  0x00000000000013a2       0x30 /home/schiavon/tools/riscv/riscv32-unknown-elf/lib/libc_nano.a(lib_a-stdio.o)
                0x00000000000013a2                __sread
 .text.__seofread
                0x00000000000013d2        0x4 /home/schiavon/tools/riscv/riscv32-unknown-elf/lib/libc_nano.a(lib_a-stdio.o)
                0x00000000000013d2                __seofread
 .text.__swrite
                0x00000000000013d6       0x4e /home/schiavon/tools/riscv/riscv32-unknown-elf/lib/libc_nano.a(lib_a-stdio.o)
                0x00000000000013d6                __swrite
 .text.__sseek  0x0000000000001424       0x36 /home/schiavon/tools/riscv/riscv32-unknown-elf/lib/libc_nano.a(lib_a-stdio.o)
                0x0000000000001424                __sseek
 .text.__sclose
                0x000000000000145a        0x6 /home/schiavon/tools/riscv/riscv32-unknown-elf/lib/libc_nano.a(lib_a-stdio.o)
                0x000000000000145a                __sclose
 .text          0x0000000000001460        0x0 /home/schiavon/tools/riscv/riscv32-unknown-elf/lib/libc_nano.a(lib_a-writer.o)
 .text._write_r
                0x0000000000001460       0x30 /home/schiavon/tools/riscv/riscv32-unknown-elf/lib/libc_nano.a(lib_a-writer.o)
                0x0000000000001460                _write_r
 .text          0x0000000000001490        0x0 /home/schiavon/tools/riscv/riscv32-unknown-elf/lib/libc_nano.a(lib_a-closer.o)
 .text._close_r
                0x0000000000001490       0x2c /home/schiavon/tools/riscv/riscv32-unknown-elf/lib/libc_nano.a(lib_a-closer.o)
                0x0000000000001490                _close_r
 .text          0x00000000000014bc        0x0 /home/schiavon/tools/riscv/riscv32-unknown-elf/lib/libc_nano.a(lib_a-fstatr.o)
 .text._fstat_r
                0x00000000000014bc       0x2e /home/schiavon/tools/riscv/riscv32-unknown-elf/lib/libc_nano.a(lib_a-fstatr.o)
                0x00000000000014bc                _fstat_r
 .text          0x00000000000014ea        0x0 /home/schiavon/tools/riscv/riscv32-unknown-elf/lib/libc_nano.a(lib_a-isattyr.o)
 .text._isatty_r
                0x00000000000014ea       0x2c /home/schiavon/tools/riscv/riscv32-unknown-elf/lib/libc_nano.a(lib_a-isattyr.o)
                0x00000000000014ea                _isatty_r
 .text          0x0000000000001516        0x0 /home/schiavon/tools/riscv/riscv32-unknown-elf/lib/libc_nano.a(lib_a-lseekr.o)
 .text._lseek_r
                0x0000000000001516       0x30 /home/schiavon/tools/riscv/riscv32-unknown-elf/lib/libc_nano.a(lib_a-lseekr.o)
                0x0000000000001516                _lseek_r
 .text          0x0000000000001546        0x0 /home/schiavon/tools/riscv/riscv32-unknown-elf/lib/libc_nano.a(lib_a-mlock.o)
 .text.__malloc_lock
                0x0000000000001546        0x2 /home/schiavon/tools/riscv/riscv32-unknown-elf/lib/libc_nano.a(lib_a-mlock.o)
                0x0000000000001546                __malloc_lock
 .text.__malloc_unlock
                0x0000000000001548        0x2 /home/schiavon/tools/riscv/riscv32-unknown-elf/lib/libc_nano.a(lib_a-mlock.o)
                0x0000000000001548                __malloc_unlock
 .text          0x000000000000154a        0x0 /home/schiavon/tools/riscv/riscv32-unknown-elf/lib/libc_nano.a(lib_a-readr.o)
 .text._read_r  0x000000000000154a       0x30 /home/schiavon/tools/riscv/riscv32-unknown-elf/lib/libc_nano.a(lib_a-readr.o)
                0x000000000000154a                _read_r
 .text          0x000000000000157a       0x16 /home/schiavon/tools/riscv/riscv32-unknown-elf/lib/libc_nano.a(lib_a-memcpy-asm.o)
                0x000000000000157a                memcpy
 .text          0x0000000000001590        0x0 /home/schiavon/tools/riscv/riscv32-unknown-elf/lib/libc_nano.a(lib_a-printf.o)
 .text._printf_r
                0x0000000000001590       0x38 /home/schiavon/tools/riscv/riscv32-unknown-elf/lib/libc_nano.a(lib_a-printf.o)
                0x0000000000001590                _printf_r
                0x0000000000001590                _iprintf_r
 .text.printf   0x00000000000015c8       0x3a /home/schiavon/tools/riscv/riscv32-unknown-elf/lib/libc_nano.a(lib_a-printf.o)
                0x00000000000015c8                printf
                0x00000000000015c8                iprintf
 .text          0x0000000000001602        0x0 /home/schiavon/tools/riscv/riscv32-unknown-elf/lib/libc_nano.a(lib_a-nano-vfprintf.o)
 .text.__sfputc_r
                0x0000000000001602       0x2a /home/schiavon/tools/riscv/riscv32-unknown-elf/lib/libc_nano.a(lib_a-nano-vfprintf.o)
 .text.__sfputs_r
                0x000000000000162c       0x42 /home/schiavon/tools/riscv/riscv32-unknown-elf/lib/libc_nano.a(lib_a-nano-vfprintf.o)
                0x000000000000162c                __sfputs_r
 .text.__sprint_r
                0x000000000000166e       0x22 /home/schiavon/tools/riscv/riscv32-unknown-elf/lib/libc_nano.a(lib_a-nano-vfprintf.o)
                0x000000000000166e                __sprint_r
 .text._vfprintf_r
                0x0000000000001690      0x292 /home/schiavon/tools/riscv/riscv32-unknown-elf/lib/libc_nano.a(lib_a-nano-vfprintf.o)
                0x0000000000001690                _vfiprintf_r
                0x0000000000001690                _vfprintf_r
 .text.vfprintf
                0x0000000000001922        0xc /home/schiavon/tools/riscv/riscv32-unknown-elf/lib/libc_nano.a(lib_a-nano-vfprintf.o)
                0x0000000000001922                vfiprintf
                0x0000000000001922                vfprintf
 .text          0x000000000000192e        0x0 /home/schiavon/tools/riscv/riscv32-unknown-elf/lib/libc_nano.a(lib_a-fvwrite.o)
 .text.__sfvwrite_r
                0x000000000000192e      0x2cc /home/schiavon/tools/riscv/riscv32-unknown-elf/lib/libc_nano.a(lib_a-fvwrite.o)
                0x000000000000192e                __sfvwrite_r
 .text          0x0000000000001bfa        0x0 /home/schiavon/tools/riscv/riscv32-unknown-elf/lib/libc_nano.a(lib_a-memchr.o)
 .text.memchr   0x0000000000001bfa       0x1a /home/schiavon/tools/riscv/riscv32-unknown-elf/lib/libc_nano.a(lib_a-memchr.o)
                0x0000000000001bfa                memchr
 .text          0x0000000000001c14       0x26 /home/schiavon/tools/riscv/riscv32-unknown-elf/lib/libc_nano.a(lib_a-memmove.o)
                0x0000000000001c14                memmove
 .text          0x0000000000001c3a        0x0 /home/schiavon/tools/riscv/riscv32-unknown-elf/lib/libc_nano.a(lib_a-nano-reallocr.o)
 .text._realloc_r
                0x0000000000001c3a       0x7c /home/schiavon/tools/riscv/riscv32-unknown-elf/lib/libc_nano.a(lib_a-nano-reallocr.o)
                0x0000000000001c3a                _realloc_r
 .text          0x0000000000001cb6        0x0 /home/schiavon/tools/riscv/riscv32-unknown-elf/lib/libc_nano.a(lib_a-nano-vfprintf_i.o)
 .text._printf_common
                0x0000000000001cb6      0x110 /home/schiavon/tools/riscv/riscv32-unknown-elf/lib/libc_nano.a(lib_a-nano-vfprintf_i.o)
                0x0000000000001cb6                _printf_common
 .text._printf_i
                0x0000000000001dc6      0x258 /home/schiavon/tools/riscv/riscv32-unknown-elf/lib/libc_nano.a(lib_a-nano-vfprintf_i.o)
                0x0000000000001dc6                _printf_i
 .text          0x000000000000201e        0x0 /home/schiavon/tools/riscv/riscv32-unknown-elf/lib/libc_nano.a(lib_a-nano-msizer.o)
 .text._malloc_usable_size_r
                0x000000000000201e       0x14 /home/schiavon/tools/riscv/riscv32-unknown-elf/lib/libc_nano.a(lib_a-nano-msizer.o)
                0x000000000000201e                _malloc_usable_size_r
 .text          0x0000000000002032      0x39a /home/schiavon/tools/riscv/lib/gcc/riscv32-unknown-elf/11.1.0/libgcc.a(_divdi3.o)
                0x0000000000002032                __divdi3
 .text          0x00000000000023cc      0x35a /home/schiavon/tools/riscv/lib/gcc/riscv32-unknown-elf/11.1.0/libgcc.a(_udivdi3.o)
                0x00000000000023cc                __udivdi3
 .text          0x0000000000002726        0x0 /home/schiavon/tools/riscv/lib/gcc/riscv32-unknown-elf/11.1.0/libgcc.a(_clz.o)
 *(.gnu.warning)

.power_manager  0x0000000000002728      0x100
                [!provide]                        PROVIDE (__power_manager_start = .)
                0x0000000000002828                . = (. + 0x100)
 *fill*         0x0000000000002728      0x100 

.fini
 *(SORT_NONE(.fini))
                [!provide]                        PROVIDE (__etext = .)
                [!provide]                        PROVIDE (_etext = .)
                [!provide]                        PROVIDE (etext = .)

.rodata         0x0000000000008000      0x53c
 *(.rodata .rodata.* .gnu.linkonce.r.*)
 .rodata        0x0000000000008000       0x20 /tmp/ccorGXPu.o
 .rodata.print_exc_msg.str1.4
                0x0000000000008020       0x19 /tmp/cccSA4Py.ltrans0.ltrans.o
 *fill*         0x0000000000008039        0x3 
 .rodata.handler_instr_acc_fault.str1.4
                0x000000000000803c       0x35 /tmp/cccSA4Py.ltrans0.ltrans.o
 *fill*         0x0000000000008071        0x3 
 .rodata.handler_lsu_fault.str1.4
                0x0000000000008074       0x31 /tmp/cccSA4Py.ltrans0.ltrans.o
 *fill*         0x00000000000080a5        0x3 
 .rodata.main.str1.4
                0x00000000000080a8        0xb /tmp/cccSA4Py.ltrans0.ltrans.o
 *fill*         0x00000000000080b3        0x1 
 .rodata.handler_exception.str1.4
                0x00000000000080b4       0x95 /tmp/cccSA4Py.ltrans0.ltrans.o
 *fill*         0x0000000000008149        0x3 
 .rodata.handler_exception
                0x000000000000814c       0x30 /tmp/cccSA4Py.ltrans0.ltrans.o
 .rodata.handler_irq_software.str1.4
                0x000000000000817c       0x18 /tmp/cccSA4Py.ltrans0.ltrans.o
 .rodata.handler_irq_timer.str1.4
                0x0000000000008194       0x15 /tmp/cccSA4Py.ltrans0.ltrans.o
 *fill*         0x00000000000081a9        0x3 
 .rodata.handler_irq_external.str1.4
                0x00000000000081ac       0x18 /tmp/cccSA4Py.ltrans0.ltrans.o
 .rodata.handler_irq_fast_timer_1.str1.4
                0x00000000000081c4       0x1c /tmp/cccSA4Py.ltrans0.ltrans.o
 .rodata.handler_irq_fast_timer_2.str1.4
                0x00000000000081e0       0x1c /tmp/cccSA4Py.ltrans0.ltrans.o
 .rodata.handler_irq_fast_timer_3.str1.4
                0x00000000000081fc       0x1c /tmp/cccSA4Py.ltrans0.ltrans.o
 .rodata.handler_irq_fast_dma.str1.4
                0x0000000000008218       0x18 /tmp/cccSA4Py.ltrans0.ltrans.o
 .rodata.handler_irq_fast_spi.str1.4
                0x0000000000008230       0x18 /tmp/cccSA4Py.ltrans0.ltrans.o
 .rodata.handler_irq_fast_spi_flash.str1.4
                0x0000000000008248       0x1e /tmp/cccSA4Py.ltrans0.ltrans.o
 *fill*         0x0000000000008266        0x2 
 .rodata.handler_irq_fast_gpio_0.str1.4
                0x0000000000008268       0x1b /tmp/cccSA4Py.ltrans0.ltrans.o
 *fill*         0x0000000000008283        0x1 
 .rodata.handler_irq_fast_gpio_1.str1.4
                0x0000000000008284       0x1b /tmp/cccSA4Py.ltrans0.ltrans.o
 *fill*         0x000000000000829f        0x1 
 .rodata.handler_irq_fast_gpio_2.str1.4
                0x00000000000082a0       0x1b /tmp/cccSA4Py.ltrans0.ltrans.o
 *fill*         0x00000000000082bb        0x1 
 .rodata.handler_irq_fast_gpio_3.str1.4
                0x00000000000082bc       0x1b /tmp/cccSA4Py.ltrans0.ltrans.o
 *fill*         0x00000000000082d7        0x1 
 .rodata.handler_irq_fast_gpio_4.str1.4
                0x00000000000082d8       0x1b /tmp/cccSA4Py.ltrans0.ltrans.o
 *fill*         0x00000000000082f3        0x1 
 .rodata.handler_irq_fast_gpio_5.str1.4
                0x00000000000082f4       0x1b /tmp/cccSA4Py.ltrans0.ltrans.o
 *fill*         0x000000000000830f        0x1 
 .rodata.handler_irq_fast_gpio_6.str1.4
                0x0000000000008310       0x1b /tmp/cccSA4Py.ltrans0.ltrans.o
 *fill*         0x000000000000832b        0x1 
 .rodata.handler_irq_fast_gpio_7.str1.4
                0x000000000000832c       0x1b /tmp/cccSA4Py.ltrans0.ltrans.o
 *fill*         0x0000000000008347        0x1 
 .rodata.__sf_fake_stderr
                0x0000000000008348       0x20 /home/schiavon/tools/riscv/riscv32-unknown-elf/lib/libc_nano.a(lib_a-findfp.o)
                0x0000000000008348                __sf_fake_stderr
 .rodata.__sf_fake_stdin
                0x0000000000008368       0x20 /home/schiavon/tools/riscv/riscv32-unknown-elf/lib/libc_nano.a(lib_a-findfp.o)
                0x0000000000008368                __sf_fake_stdin
 .rodata.__sf_fake_stdout
                0x0000000000008388       0x20 /home/schiavon/tools/riscv/riscv32-unknown-elf/lib/libc_nano.a(lib_a-findfp.o)
                0x0000000000008388                __sf_fake_stdout
 .rodata._vfprintf_r.str1.4
                0x00000000000083a8       0x13 /home/schiavon/tools/riscv/riscv32-unknown-elf/lib/libc_nano.a(lib_a-nano-vfprintf.o)
 *fill*         0x00000000000083bb        0x1 
 .rodata._printf_i.str1.4
                0x00000000000083bc       0x25 /home/schiavon/tools/riscv/riscv32-unknown-elf/lib/libc_nano.a(lib_a-nano-vfprintf_i.o)
 *fill*         0x00000000000083e1        0x3 
 .rodata._printf_i
                0x00000000000083e4       0x58 /home/schiavon/tools/riscv/riscv32-unknown-elf/lib/libc_nano.a(lib_a-nano-vfprintf_i.o)
 .rodata        0x000000000000843c      0x100 /home/schiavon/tools/riscv/lib/gcc/riscv32-unknown-elf/11.1.0/libgcc.a(_clz.o)
                0x000000000000843c                __clz_tab

.rodata1
 *(.rodata1)

.eh_frame_hdr
 *(.eh_frame_hdr)
 *(.eh_frame_entry .eh_frame_entry.*)

.eh_frame       0x0000000000002828       0x3c
 *(.eh_frame)
 .eh_frame      0x0000000000002828       0x28 /home/schiavon/tools/riscv/lib/gcc/riscv32-unknown-elf/11.1.0/libgcc.a(_divdi3.o)
 .eh_frame      0x0000000000002850       0x14 /home/schiavon/tools/riscv/lib/gcc/riscv32-unknown-elf/11.1.0/libgcc.a(_udivdi3.o)
                                         0x28 (size before relaxing)
 *(.eh_frame.*)

.rela.dyn       0x0000000000002864        0x0
 .rela.text.start
                0x0000000000002864        0x0 /tmp/ccxMATow.o
 .rela.text.__libc_fini_array
                0x0000000000002864        0x0 /tmp/ccxMATow.o
 .rela.text.__libc_init_array
                0x0000000000002864        0x0 /tmp/ccxMATow.o
 .rela.text.__register_exitproc
                0x0000000000002864        0x0 /tmp/ccxMATow.o
 .rela.text._sbrk
                0x0000000000002864        0x0 /tmp/ccxMATow.o
 .rela.sdata.brk
                0x0000000000002864        0x0 /tmp/ccxMATow.o
 .rela.text._vfprintf_r
                0x0000000000002864        0x0 /tmp/ccxMATow.o

.gcc_except_table
 *(.gcc_except_table .gcc_except_table.*)

.gnu_extab
 *(.gnu_extab*)
                0x0000000000003000                . = DATA_SEGMENT_ALIGN (CONSTANT (MAXPAGESIZE), CONSTANT (COMMONPAGESIZE))

.eh_frame
 *(.eh_frame)
 *(.eh_frame.*)

.gnu_extab
 *(.gnu_extab)

.gcc_except_table
 *(.gcc_except_table .gcc_except_table.*)

.exception_ranges
 *(.exception_ranges .exception_ranges*)

.tdata          0x000000000000853c        0x0
                [!provide]                        PROVIDE (__tdata_start = .)
 *(.tdata .tdata.* .gnu.linkonce.td.*)

.tbss
 *(.tbss .tbss.* .gnu.linkonce.tb.*)
 *(.tcommon)

.preinit_array  0x000000000000853c        0x0
                0x000000000000853c                PROVIDE (__preinit_array_start = .)
 *(.preinit_array)
                0x000000000000853c                PROVIDE (__preinit_array_end = .)

.init_array     0x000000000000853c        0x0
                0x000000000000853c                PROVIDE (__init_array_start = .)
 *(SORT_BY_INIT_PRIORITY(.init_array.*) SORT_BY_INIT_PRIORITY(.ctors.*))
 *(.init_array EXCLUDE_FILE(*crtend?.o *crtend.o *crtbegin?.o *crtbegin.o) .ctors)
                0x000000000000853c                PROVIDE (__init_array_end = .)

.fini_array     0x000000000000853c        0x0
                0x000000000000853c                PROVIDE (__fini_array_start = .)
 *(SORT_BY_INIT_PRIORITY(.fini_array.*) SORT_BY_INIT_PRIORITY(.dtors.*))
 *(.fini_array EXCLUDE_FILE(*crtend?.o *crtend.o *crtbegin?.o *crtbegin.o) .dtors)
                0x000000000000853c                PROVIDE (__fini_array_end = .)

.ctors
 *crtbegin.o(.ctors)
 *crtbegin?.o(.ctors)
 *(EXCLUDE_FILE(*crtend?.o *crtend.o) .ctors)
 *(SORT_BY_NAME(.ctors.*))
 *(.ctors)

.dtors
 *crtbegin.o(.dtors)
 *crtbegin?.o(.dtors)
 *(EXCLUDE_FILE(*crtend?.o *crtend.o) .dtors)
 *(SORT_BY_NAME(.dtors.*))
 *(.dtors)
                0x000000000000853c                . = DATA_SEGMENT_RELRO_END (., 0x0)

.data           0x000000000000853c       0x60
                0x000000000000853c                __DATA_BEGIN__ = .
 *(.data .data.* .gnu.linkonce.d.*)
 .data          0x000000000000853c        0x0 /tmp/ccxMATow.o
 .data          0x000000000000853c        0x0 /tmp/ccorGXPu.o
 .data          0x000000000000853c        0x0 /tmp/cccSA4Py.ltrans0.ltrans.o
 .data          0x000000000000853c        0x0 /home/schiavon/tools/riscv/riscv32-unknown-elf/lib/libc_nano.a(lib_a-atexit.o)
 .data          0x000000000000853c        0x0 /home/schiavon/tools/riscv/riscv32-unknown-elf/lib/libc_nano.a(lib_a-exit.o)
 .data          0x000000000000853c        0x0 /home/schiavon/tools/riscv/riscv32-unknown-elf/lib/libc_nano.a(lib_a-fini.o)
 .data          0x000000000000853c        0x0 /home/schiavon/tools/riscv/riscv32-unknown-elf/lib/libc_nano.a(lib_a-impure.o)
 .data.impure_data
                0x000000000000853c       0x60 /home/schiavon/tools/riscv/riscv32-unknown-elf/lib/libc_nano.a(lib_a-impure.o)
 .data          0x000000000000859c        0x0 /home/schiavon/tools/riscv/riscv32-unknown-elf/lib/libc_nano.a(lib_a-init.o)
 .data          0x000000000000859c        0x0 /home/schiavon/tools/riscv/riscv32-unknown-elf/lib/libc_nano.a(lib_a-memset.o)
 .data          0x000000000000859c        0x0 /home/schiavon/tools/riscv/riscv32-unknown-elf/lib/libc_nano.a(lib_a-puts.o)
 .data          0x000000000000859c        0x0 /home/schiavon/tools/riscv/riscv32-unknown-elf/lib/libc_nano.a(lib_a-reent.o)
 .data          0x000000000000859c        0x0 /home/schiavon/tools/riscv/riscv32-unknown-elf/lib/libc_nano.a(lib_a-wbuf.o)
 .data          0x000000000000859c        0x0 /home/schiavon/tools/riscv/riscv32-unknown-elf/lib/libc_nano.a(lib_a-wsetup.o)
 .data          0x000000000000859c        0x0 /home/schiavon/tools/riscv/riscv32-unknown-elf/lib/libc_nano.a(lib_a-__atexit.o)
 .data          0x000000000000859c        0x0 /home/schiavon/tools/riscv/riscv32-unknown-elf/lib/libc_nano.a(lib_a-__call_atexit.o)
 .data          0x000000000000859c        0x0 /home/schiavon/tools/riscv/riscv32-unknown-elf/lib/libc_nano.a(lib_a-fflush.o)
 .data          0x000000000000859c        0x0 /home/schiavon/tools/riscv/riscv32-unknown-elf/lib/libc_nano.a(lib_a-findfp.o)
 .data          0x000000000000859c        0x0 /home/schiavon/tools/riscv/riscv32-unknown-elf/lib/libc_nano.a(lib_a-fwalk.o)
 .data          0x000000000000859c        0x0 /home/schiavon/tools/riscv/riscv32-unknown-elf/lib/libc_nano.a(lib_a-makebuf.o)
 .data          0x000000000000859c        0x0 /home/schiavon/tools/riscv/riscv32-unknown-elf/lib/libc_nano.a(lib_a-nano-freer.o)
 .data          0x000000000000859c        0x0 /home/schiavon/tools/riscv/riscv32-unknown-elf/lib/libc_nano.a(lib_a-nano-mallocr.o)
 .data          0x000000000000859c        0x0 /home/schiavon/tools/riscv/riscv32-unknown-elf/lib/libc_nano.a(lib_a-sbrkr.o)
 .data          0x000000000000859c        0x0 /home/schiavon/tools/riscv/riscv32-unknown-elf/lib/libc_nano.a(lib_a-stdio.o)
 .data          0x000000000000859c        0x0 /home/schiavon/tools/riscv/riscv32-unknown-elf/lib/libc_nano.a(lib_a-writer.o)
 .data          0x000000000000859c        0x0 /home/schiavon/tools/riscv/riscv32-unknown-elf/lib/libc_nano.a(lib_a-closer.o)
 .data          0x000000000000859c        0x0 /home/schiavon/tools/riscv/riscv32-unknown-elf/lib/libc_nano.a(lib_a-fstatr.o)
 .data          0x000000000000859c        0x0 /home/schiavon/tools/riscv/riscv32-unknown-elf/lib/libc_nano.a(lib_a-isattyr.o)
 .data          0x000000000000859c        0x0 /home/schiavon/tools/riscv/riscv32-unknown-elf/lib/libc_nano.a(lib_a-lseekr.o)
 .data          0x000000000000859c        0x0 /home/schiavon/tools/riscv/riscv32-unknown-elf/lib/libc_nano.a(lib_a-mlock.o)
 .data          0x000000000000859c        0x0 /home/schiavon/tools/riscv/riscv32-unknown-elf/lib/libc_nano.a(lib_a-readr.o)
 .data          0x000000000000859c        0x0 /home/schiavon/tools/riscv/riscv32-unknown-elf/lib/libc_nano.a(lib_a-memcpy-asm.o)
 .data          0x000000000000859c        0x0 /home/schiavon/tools/riscv/riscv32-unknown-elf/lib/libc_nano.a(lib_a-printf.o)
 .data          0x000000000000859c        0x0 /home/schiavon/tools/riscv/riscv32-unknown-elf/lib/libc_nano.a(lib_a-nano-vfprintf.o)
 .data          0x000000000000859c        0x0 /home/schiavon/tools/riscv/riscv32-unknown-elf/lib/libc_nano.a(lib_a-fvwrite.o)
 .data          0x000000000000859c        0x0 /home/schiavon/tools/riscv/riscv32-unknown-elf/lib/libc_nano.a(lib_a-memchr.o)
 .data          0x000000000000859c        0x0 /home/schiavon/tools/riscv/riscv32-unknown-elf/lib/libc_nano.a(lib_a-memmove.o)
 .data          0x000000000000859c        0x0 /home/schiavon/tools/riscv/riscv32-unknown-elf/lib/libc_nano.a(lib_a-nano-reallocr.o)
 .data          0x000000000000859c        0x0 /home/schiavon/tools/riscv/riscv32-unknown-elf/lib/libc_nano.a(lib_a-nano-vfprintf_i.o)
 .data          0x000000000000859c        0x0 /home/schiavon/tools/riscv/riscv32-unknown-elf/lib/libc_nano.a(lib_a-nano-msizer.o)
 .data          0x000000000000859c        0x0 /home/schiavon/tools/riscv/lib/gcc/riscv32-unknown-elf/11.1.0/libgcc.a(_divdi3.o)
 .data          0x000000000000859c        0x0 /home/schiavon/tools/riscv/lib/gcc/riscv32-unknown-elf/11.1.0/libgcc.a(_udivdi3.o)
 .data          0x000000000000859c        0x0 /home/schiavon/tools/riscv/lib/gcc/riscv32-unknown-elf/11.1.0/libgcc.a(_clz.o)

.data1
 *(.data1)

.sdata          0x000000000000859c       0x10
                0x000000000000859c                __SDATA_BEGIN__ = .
 *(.srodata.cst16)
 *(.srodata.cst8)
 *(.srodata.cst4)
 *(.srodata.cst2)
 *(.srodata .srodata.*)
 .srodata._global_impure_ptr
                0x000000000000859c        0x4 /home/schiavon/tools/riscv/riscv32-unknown-elf/lib/libc_nano.a(lib_a-impure.o)
                0x000000000000859c                _global_impure_ptr
 *(.sdata .sdata.* .gnu.linkonce.s.*)
 .sdata.brk     0x00000000000085a0        0x4 /tmp/cccSA4Py.ltrans0.ltrans.o
 .sdata._impure_ptr
                0x00000000000085a4        0x4 /home/schiavon/tools/riscv/riscv32-unknown-elf/lib/libc_nano.a(lib_a-impure.o)
                0x00000000000085a4                _impure_ptr
 .sdata.__atexit_dummy
                0x00000000000085a8        0x4 /home/schiavon/tools/riscv/riscv32-unknown-elf/lib/libc_nano.a(lib_a-__atexit.o)
                0x00000000000085a8                __atexit_dummy
                0x00000000000085ac                _edata = .
                [!provide]                        PROVIDE (edata = .)
                0x00000000000085ac                . = .
                0x00000000000085ac                __bss_start = .

.sbss           0x00000000000085ac       0x10
 *(.dynsbss)
 *(.sbss .sbss.* .gnu.linkonce.sb.*)
 .sbss.errno    0x00000000000085ac        0x4 /home/schiavon/tools/riscv/riscv32-unknown-elf/lib/libc_nano.a(lib_a-reent.o)
                0x00000000000085ac                errno
 .sbss._global_atexit
                0x00000000000085b0        0x4 /home/schiavon/tools/riscv/riscv32-unknown-elf/lib/libc_nano.a(lib_a-__call_atexit.o)
                0x00000000000085b0                _global_atexit
 .sbss.__malloc_free_list
                0x00000000000085b4        0x4 /home/schiavon/tools/riscv/riscv32-unknown-elf/lib/libc_nano.a(lib_a-nano-mallocr.o)
                0x00000000000085b4                __malloc_free_list
 .sbss.__malloc_sbrk_start
                0x00000000000085b8        0x4 /home/schiavon/tools/riscv/riscv32-unknown-elf/lib/libc_nano.a(lib_a-nano-mallocr.o)
                0x00000000000085b8                __malloc_sbrk_start
 *(.scommon)

.bss            0x00000000000085bc       0x8c
 *(.dynbss)
 *(.bss .bss.* .gnu.linkonce.b.*)
 .bss           0x00000000000085bc        0x0 /tmp/ccxMATow.o
 .bss           0x00000000000085bc        0x0 /tmp/ccorGXPu.o
 .bss           0x00000000000085bc        0x0 /tmp/cccSA4Py.ltrans0.ltrans.o
 .bss           0x00000000000085bc        0x0 /home/schiavon/tools/riscv/riscv32-unknown-elf/lib/libc_nano.a(lib_a-atexit.o)
 .bss           0x00000000000085bc        0x0 /home/schiavon/tools/riscv/riscv32-unknown-elf/lib/libc_nano.a(lib_a-exit.o)
 .bss           0x00000000000085bc        0x0 /home/schiavon/tools/riscv/riscv32-unknown-elf/lib/libc_nano.a(lib_a-fini.o)
 .bss           0x00000000000085bc        0x0 /home/schiavon/tools/riscv/riscv32-unknown-elf/lib/libc_nano.a(lib_a-impure.o)
 .bss           0x00000000000085bc        0x0 /home/schiavon/tools/riscv/riscv32-unknown-elf/lib/libc_nano.a(lib_a-init.o)
 .bss           0x00000000000085bc        0x0 /home/schiavon/tools/riscv/riscv32-unknown-elf/lib/libc_nano.a(lib_a-memset.o)
 .bss           0x00000000000085bc        0x0 /home/schiavon/tools/riscv/riscv32-unknown-elf/lib/libc_nano.a(lib_a-puts.o)
 .bss           0x00000000000085bc        0x0 /home/schiavon/tools/riscv/riscv32-unknown-elf/lib/libc_nano.a(lib_a-reent.o)
 .bss           0x00000000000085bc        0x0 /home/schiavon/tools/riscv/riscv32-unknown-elf/lib/libc_nano.a(lib_a-wbuf.o)
 .bss           0x00000000000085bc        0x0 /home/schiavon/tools/riscv/riscv32-unknown-elf/lib/libc_nano.a(lib_a-wsetup.o)
 .bss           0x00000000000085bc        0x0 /home/schiavon/tools/riscv/riscv32-unknown-elf/lib/libc_nano.a(lib_a-__atexit.o)
 .bss._global_atexit0
                0x00000000000085bc       0x8c /home/schiavon/tools/riscv/riscv32-unknown-elf/lib/libc_nano.a(lib_a-__atexit.o)
 .bss           0x0000000000008648        0x0 /home/schiavon/tools/riscv/riscv32-unknown-elf/lib/libc_nano.a(lib_a-__call_atexit.o)
 .bss           0x0000000000008648        0x0 /home/schiavon/tools/riscv/riscv32-unknown-elf/lib/libc_nano.a(lib_a-fflush.o)
 .bss           0x0000000000008648        0x0 /home/schiavon/tools/riscv/riscv32-unknown-elf/lib/libc_nano.a(lib_a-findfp.o)
 .bss           0x0000000000008648        0x0 /home/schiavon/tools/riscv/riscv32-unknown-elf/lib/libc_nano.a(lib_a-fwalk.o)
 .bss           0x0000000000008648        0x0 /home/schiavon/tools/riscv/riscv32-unknown-elf/lib/libc_nano.a(lib_a-makebuf.o)
 .bss           0x0000000000008648        0x0 /home/schiavon/tools/riscv/riscv32-unknown-elf/lib/libc_nano.a(lib_a-nano-freer.o)
 .bss           0x0000000000008648        0x0 /home/schiavon/tools/riscv/riscv32-unknown-elf/lib/libc_nano.a(lib_a-nano-mallocr.o)
 .bss           0x0000000000008648        0x0 /home/schiavon/tools/riscv/riscv32-unknown-elf/lib/libc_nano.a(lib_a-sbrkr.o)
 .bss           0x0000000000008648        0x0 /home/schiavon/tools/riscv/riscv32-unknown-elf/lib/libc_nano.a(lib_a-stdio.o)
 .bss           0x0000000000008648        0x0 /home/schiavon/tools/riscv/riscv32-unknown-elf/lib/libc_nano.a(lib_a-writer.o)
 .bss           0x0000000000008648        0x0 /home/schiavon/tools/riscv/riscv32-unknown-elf/lib/libc_nano.a(lib_a-closer.o)
 .bss           0x0000000000008648        0x0 /home/schiavon/tools/riscv/riscv32-unknown-elf/lib/libc_nano.a(lib_a-fstatr.o)
 .bss           0x0000000000008648        0x0 /home/schiavon/tools/riscv/riscv32-unknown-elf/lib/libc_nano.a(lib_a-isattyr.o)
 .bss           0x0000000000008648        0x0 /home/schiavon/tools/riscv/riscv32-unknown-elf/lib/libc_nano.a(lib_a-lseekr.o)
 .bss           0x0000000000008648        0x0 /home/schiavon/tools/riscv/riscv32-unknown-elf/lib/libc_nano.a(lib_a-mlock.o)
 .bss           0x0000000000008648        0x0 /home/schiavon/tools/riscv/riscv32-unknown-elf/lib/libc_nano.a(lib_a-readr.o)
 .bss           0x0000000000008648        0x0 /home/schiavon/tools/riscv/riscv32-unknown-elf/lib/libc_nano.a(lib_a-memcpy-asm.o)
 .bss           0x0000000000008648        0x0 /home/schiavon/tools/riscv/riscv32-unknown-elf/lib/libc_nano.a(lib_a-printf.o)
 .bss           0x0000000000008648        0x0 /home/schiavon/tools/riscv/riscv32-unknown-elf/lib/libc_nano.a(lib_a-nano-vfprintf.o)
 .bss           0x0000000000008648        0x0 /home/schiavon/tools/riscv/riscv32-unknown-elf/lib/libc_nano.a(lib_a-fvwrite.o)
 .bss           0x0000000000008648        0x0 /home/schiavon/tools/riscv/riscv32-unknown-elf/lib/libc_nano.a(lib_a-memchr.o)
 .bss           0x0000000000008648        0x0 /home/schiavon/tools/riscv/riscv32-unknown-elf/lib/libc_nano.a(lib_a-memmove.o)
 .bss           0x0000000000008648        0x0 /home/schiavon/tools/riscv/riscv32-unknown-elf/lib/libc_nano.a(lib_a-nano-reallocr.o)
 .bss           0x0000000000008648        0x0 /home/schiavon/tools/riscv/riscv32-unknown-elf/lib/libc_nano.a(lib_a-nano-vfprintf_i.o)
 .bss           0x0000000000008648        0x0 /home/schiavon/tools/riscv/riscv32-unknown-elf/lib/libc_nano.a(lib_a-nano-msizer.o)
 .bss           0x0000000000008648        0x0 /home/schiavon/tools/riscv/lib/gcc/riscv32-unknown-elf/11.1.0/libgcc.a(_divdi3.o)
 .bss           0x0000000000008648        0x0 /home/schiavon/tools/riscv/lib/gcc/riscv32-unknown-elf/11.1.0/libgcc.a(_udivdi3.o)
 .bss           0x0000000000008648        0x0 /home/schiavon/tools/riscv/lib/gcc/riscv32-unknown-elf/11.1.0/libgcc.a(_clz.o)
 *(COMMON)
                0x0000000000008648                . = ALIGN ((. != 0x0)?0x4:0x1)
                0x0000000000008648                . = ALIGN (0x4)
                0x0000000000008648                . = SEGMENT_START ("ldata-segment", .)
                0x0000000000008648                . = ALIGN (0x4)
                0x0000000000008648                __BSS_END__ = .
                0x0000000000008648                __bss_end = .
                0x0000000000008d3c                __global_pointer$ = MIN ((__SDATA_BEGIN__ + 0x800), MAX ((__DATA_BEGIN__ + 0x800), (__BSS_END__ - 0x800)))
                0x0000000000008648                _end = .
                [!provide]                        PROVIDE (end = .)
                0x0000000000008648                . = DATA_SEGMENT_END (.)

.heap           0x0000000000008648     0x1000
                0x0000000000008648                PROVIDE (__heap_start = .)
                0x0000000000001000                . = __heap_size
 *fill*         0x0000000000008648     0x1000 
                0x0000000000009648                PROVIDE (__heap_end = .)

.stack          0x0000000000009650     0x1000
                [!provide]                        PROVIDE (__stack_start = .)
                0x0000000000001000                . = __stack_size
 *fill*         0x0000000000009650     0x1000 
                0x000000000000a650                PROVIDE (_sp = .)
                [!provide]                        PROVIDE (__stack_end = .)

.stab
 *(.stab)

.stabstr
 *(.stabstr)

.stab.excl
 *(.stab.excl)

.stab.exclstr
 *(.stab.exclstr)

.stab.index
 *(.stab.index)

.stab.indexstr
 *(.stab.indexstr)

.comment        0x0000000000000000       0x12
 *(.comment)
 .comment       0x0000000000000000       0x13 /tmp/cccSA4Py.ltrans0.ltrans.o
 .comment       0x0000000000000000       0x13 /tmp/ccZru7yC.debug.temp.o
 .comment       0x0000000000000000       0x13 /tmp/ccGHOt6A.debug.temp.o
 .comment       0x0000000000000000       0x13 /tmp/cc3Kghsz.debug.temp.o
 .comment       0x0000000000000000       0x13 /tmp/ccsrYDrA.debug.temp.o
 .comment       0x0000000000000000       0x13 /tmp/ccpLXA0C.debug.temp.o
 .comment       0x0000000000000000       0x13 /tmp/ccOyOidB.debug.temp.o
 .comment       0x0000000000000000       0x13 /tmp/ccFfQsJC.debug.temp.o
 .comment       0x0000000000000000       0x13 /tmp/ccHKMw7A.debug.temp.o
 .comment       0x0000000000000000       0x13 /tmp/ccz7uZIB.debug.temp.o
 .comment       0x0000000000000000       0x13 /tmp/cc9bWT1A.debug.temp.o
 .comment       0x0000000000000000       0x13 /tmp/cclqRTnC.debug.temp.o
 .comment       0x0000000000000000       0x13 /tmp/ccJZppWA.debug.temp.o
 .comment       0x0000000000000000       0x13 /tmp/ccTM38aB.debug.temp.o
 .comment       0x0000000000000000       0x13 /tmp/ccxGRYLC.debug.temp.o
 .comment       0x0000000000000000       0x13 /tmp/ccTTW6MC.debug.temp.o
 .comment       0x0000000000000000       0x13 /tmp/ccMmx1Nz.debug.temp.o
 .comment       0x0000000000000000       0x13 /tmp/ccEdYiAz.debug.temp.o
 .comment       0x0000000000000000       0x13 /tmp/ccP5oopA.debug.temp.o
 .comment       0x0000000000000000       0x13 /tmp/ccvHqieD.debug.temp.o
 .comment       0x0000000000000000       0x13 /tmp/ccr5NA6A.debug.temp.o
 .comment       0x0000000000000000       0x13 /tmp/ccljimWA.debug.temp.o
 .comment       0x0000000000000000       0x13 /tmp/cc7OCPMz.debug.temp.o
 .comment       0x0000000000000000       0x12 /home/schiavon/tools/riscv/riscv32-unknown-elf/lib/libc_nano.a(lib_a-atexit.o)
                                         0x13 (size before relaxing)
 .comment       0x0000000000000012       0x13 /home/schiavon/tools/riscv/riscv32-unknown-elf/lib/libc_nano.a(lib_a-exit.o)
 .comment       0x0000000000000012       0x13 /home/schiavon/tools/riscv/riscv32-unknown-elf/lib/libc_nano.a(lib_a-fini.o)
 .comment       0x0000000000000012       0x13 /home/schiavon/tools/riscv/riscv32-unknown-elf/lib/libc_nano.a(lib_a-impure.o)
 .comment       0x0000000000000012       0x13 /home/schiavon/tools/riscv/riscv32-unknown-elf/lib/libc_nano.a(lib_a-init.o)
 .comment       0x0000000000000012       0x13 /home/schiavon/tools/riscv/riscv32-unknown-elf/lib/libc_nano.a(lib_a-puts.o)
 .comment       0x0000000000000012       0x13 /home/schiavon/tools/riscv/riscv32-unknown-elf/lib/libc_nano.a(lib_a-reent.o)
 .comment       0x0000000000000012       0x13 /home/schiavon/tools/riscv/riscv32-unknown-elf/lib/libc_nano.a(lib_a-wbuf.o)
 .comment       0x0000000000000012       0x13 /home/schiavon/tools/riscv/riscv32-unknown-elf/lib/libc_nano.a(lib_a-wsetup.o)
 .comment       0x0000000000000012       0x13 /home/schiavon/tools/riscv/riscv32-unknown-elf/lib/libc_nano.a(lib_a-__atexit.o)
 .comment       0x0000000000000012       0x13 /home/schiavon/tools/riscv/riscv32-unknown-elf/lib/libc_nano.a(lib_a-__call_atexit.o)
 .comment       0x0000000000000012       0x13 /home/schiavon/tools/riscv/riscv32-unknown-elf/lib/libc_nano.a(lib_a-fflush.o)
 .comment       0x0000000000000012       0x13 /home/schiavon/tools/riscv/riscv32-unknown-elf/lib/libc_nano.a(lib_a-findfp.o)
 .comment       0x0000000000000012       0x13 /home/schiavon/tools/riscv/riscv32-unknown-elf/lib/libc_nano.a(lib_a-fwalk.o)
 .comment       0x0000000000000012       0x13 /home/schiavon/tools/riscv/riscv32-unknown-elf/lib/libc_nano.a(lib_a-makebuf.o)
 .comment       0x0000000000000012       0x13 /home/schiavon/tools/riscv/riscv32-unknown-elf/lib/libc_nano.a(lib_a-nano-freer.o)
 .comment       0x0000000000000012       0x13 /home/schiavon/tools/riscv/riscv32-unknown-elf/lib/libc_nano.a(lib_a-nano-mallocr.o)
 .comment       0x0000000000000012       0x13 /home/schiavon/tools/riscv/riscv32-unknown-elf/lib/libc_nano.a(lib_a-sbrkr.o)
 .comment       0x0000000000000012       0x13 /home/schiavon/tools/riscv/riscv32-unknown-elf/lib/libc_nano.a(lib_a-stdio.o)
 .comment       0x0000000000000012       0x13 /home/schiavon/tools/riscv/riscv32-unknown-elf/lib/libc_nano.a(lib_a-writer.o)
 .comment       0x0000000000000012       0x13 /home/schiavon/tools/riscv/riscv32-unknown-elf/lib/libc_nano.a(lib_a-closer.o)
 .comment       0x0000000000000012       0x13 /home/schiavon/tools/riscv/riscv32-unknown-elf/lib/libc_nano.a(lib_a-fstatr.o)
 .comment       0x0000000000000012       0x13 /home/schiavon/tools/riscv/riscv32-unknown-elf/lib/libc_nano.a(lib_a-isattyr.o)
 .comment       0x0000000000000012       0x13 /home/schiavon/tools/riscv/riscv32-unknown-elf/lib/libc_nano.a(lib_a-lseekr.o)
 .comment       0x0000000000000012       0x13 /home/schiavon/tools/riscv/riscv32-unknown-elf/lib/libc_nano.a(lib_a-mlock.o)
 .comment       0x0000000000000012       0x13 /home/schiavon/tools/riscv/riscv32-unknown-elf/lib/libc_nano.a(lib_a-readr.o)
 .comment       0x0000000000000012       0x13 /home/schiavon/tools/riscv/riscv32-unknown-elf/lib/libc_nano.a(lib_a-printf.o)
 .comment       0x0000000000000012       0x13 /home/schiavon/tools/riscv/riscv32-unknown-elf/lib/libc_nano.a(lib_a-nano-vfprintf.o)
 .comment       0x0000000000000012       0x13 /home/schiavon/tools/riscv/riscv32-unknown-elf/lib/libc_nano.a(lib_a-fvwrite.o)
 .comment       0x0000000000000012       0x13 /home/schiavon/tools/riscv/riscv32-unknown-elf/lib/libc_nano.a(lib_a-memchr.o)
 .comment       0x0000000000000012       0x13 /home/schiavon/tools/riscv/riscv32-unknown-elf/lib/libc_nano.a(lib_a-nano-reallocr.o)
 .comment       0x0000000000000012       0x13 /home/schiavon/tools/riscv/riscv32-unknown-elf/lib/libc_nano.a(lib_a-nano-vfprintf_i.o)
 .comment       0x0000000000000012       0x13 /home/schiavon/tools/riscv/riscv32-unknown-elf/lib/libc_nano.a(lib_a-nano-msizer.o)
 .comment       0x0000000000000012       0x13 /home/schiavon/tools/riscv/lib/gcc/riscv32-unknown-elf/11.1.0/libgcc.a(_divdi3.o)
 .comment       0x0000000000000012       0x13 /home/schiavon/tools/riscv/lib/gcc/riscv32-unknown-elf/11.1.0/libgcc.a(_udivdi3.o)
 .comment       0x0000000000000012       0x13 /home/schiavon/tools/riscv/lib/gcc/riscv32-unknown-elf/11.1.0/libgcc.a(_clz.o)

.riscv.attributes
                0x0000000000000000       0x2a
 .riscv.attributes
                0x0000000000000000       0x28 /tmp/ccxMATow.o
 .riscv.attributes
                0x0000000000000028       0x28 /tmp/ccorGXPu.o
 .riscv.attributes
                0x0000000000000050       0x2a /tmp/cccSA4Py.ltrans0.ltrans.o
 .riscv.attributes
                0x000000000000007a       0x26 /home/schiavon/tools/riscv/riscv32-unknown-elf/lib/libc_nano.a(lib_a-atexit.o)
 .riscv.attributes
                0x00000000000000a0       0x26 /home/schiavon/tools/riscv/riscv32-unknown-elf/lib/libc_nano.a(lib_a-exit.o)
 .riscv.attributes
                0x00000000000000c6       0x26 /home/schiavon/tools/riscv/riscv32-unknown-elf/lib/libc_nano.a(lib_a-fini.o)
 .riscv.attributes
                0x00000000000000ec       0x26 /home/schiavon/tools/riscv/riscv32-unknown-elf/lib/libc_nano.a(lib_a-impure.o)
 .riscv.attributes
                0x0000000000000112       0x26 /home/schiavon/tools/riscv/riscv32-unknown-elf/lib/libc_nano.a(lib_a-init.o)
 .riscv.attributes
                0x0000000000000138       0x24 /home/schiavon/tools/riscv/riscv32-unknown-elf/lib/libc_nano.a(lib_a-memset.o)
 .riscv.attributes
                0x000000000000015c       0x26 /home/schiavon/tools/riscv/riscv32-unknown-elf/lib/libc_nano.a(lib_a-puts.o)
 .riscv.attributes
                0x0000000000000182       0x26 /home/schiavon/tools/riscv/riscv32-unknown-elf/lib/libc_nano.a(lib_a-reent.o)
 .riscv.attributes
                0x00000000000001a8       0x26 /home/schiavon/tools/riscv/riscv32-unknown-elf/lib/libc_nano.a(lib_a-wbuf.o)
 .riscv.attributes
                0x00000000000001ce       0x26 /home/schiavon/tools/riscv/riscv32-unknown-elf/lib/libc_nano.a(lib_a-wsetup.o)
 .riscv.attributes
                0x00000000000001f4       0x26 /home/schiavon/tools/riscv/riscv32-unknown-elf/lib/libc_nano.a(lib_a-__atexit.o)
 .riscv.attributes
                0x000000000000021a       0x26 /home/schiavon/tools/riscv/riscv32-unknown-elf/lib/libc_nano.a(lib_a-__call_atexit.o)
 .riscv.attributes
                0x0000000000000240       0x26 /home/schiavon/tools/riscv/riscv32-unknown-elf/lib/libc_nano.a(lib_a-fflush.o)
 .riscv.attributes
                0x0000000000000266       0x26 /home/schiavon/tools/riscv/riscv32-unknown-elf/lib/libc_nano.a(lib_a-findfp.o)
 .riscv.attributes
                0x000000000000028c       0x26 /home/schiavon/tools/riscv/riscv32-unknown-elf/lib/libc_nano.a(lib_a-fwalk.o)
 .riscv.attributes
                0x00000000000002b2       0x26 /home/schiavon/tools/riscv/riscv32-unknown-elf/lib/libc_nano.a(lib_a-makebuf.o)
 .riscv.attributes
                0x00000000000002d8       0x26 /home/schiavon/tools/riscv/riscv32-unknown-elf/lib/libc_nano.a(lib_a-nano-freer.o)
 .riscv.attributes
                0x00000000000002fe       0x26 /home/schiavon/tools/riscv/riscv32-unknown-elf/lib/libc_nano.a(lib_a-nano-mallocr.o)
 .riscv.attributes
                0x0000000000000324       0x26 /home/schiavon/tools/riscv/riscv32-unknown-elf/lib/libc_nano.a(lib_a-sbrkr.o)
 .riscv.attributes
                0x000000000000034a       0x26 /home/schiavon/tools/riscv/riscv32-unknown-elf/lib/libc_nano.a(lib_a-stdio.o)
 .riscv.attributes
                0x0000000000000370       0x26 /home/schiavon/tools/riscv/riscv32-unknown-elf/lib/libc_nano.a(lib_a-writer.o)
 .riscv.attributes
                0x0000000000000396       0x26 /home/schiavon/tools/riscv/riscv32-unknown-elf/lib/libc_nano.a(lib_a-closer.o)
 .riscv.attributes
                0x00000000000003bc       0x26 /home/schiavon/tools/riscv/riscv32-unknown-elf/lib/libc_nano.a(lib_a-fstatr.o)
 .riscv.attributes
                0x00000000000003e2       0x26 /home/schiavon/tools/riscv/riscv32-unknown-elf/lib/libc_nano.a(lib_a-isattyr.o)
 .riscv.attributes
                0x0000000000000408       0x26 /home/schiavon/tools/riscv/riscv32-unknown-elf/lib/libc_nano.a(lib_a-lseekr.o)
 .riscv.attributes
                0x000000000000042e       0x26 /home/schiavon/tools/riscv/riscv32-unknown-elf/lib/libc_nano.a(lib_a-mlock.o)
 .riscv.attributes
                0x0000000000000454       0x26 /home/schiavon/tools/riscv/riscv32-unknown-elf/lib/libc_nano.a(lib_a-readr.o)
 .riscv.attributes
                0x000000000000047a       0x24 /home/schiavon/tools/riscv/riscv32-unknown-elf/lib/libc_nano.a(lib_a-memcpy-asm.o)
 .riscv.attributes
                0x000000000000049e       0x26 /home/schiavon/tools/riscv/riscv32-unknown-elf/lib/libc_nano.a(lib_a-printf.o)
 .riscv.attributes
                0x00000000000004c4       0x26 /home/schiavon/tools/riscv/riscv32-unknown-elf/lib/libc_nano.a(lib_a-nano-vfprintf.o)
 .riscv.attributes
                0x00000000000004ea       0x26 /home/schiavon/tools/riscv/riscv32-unknown-elf/lib/libc_nano.a(lib_a-fvwrite.o)
 .riscv.attributes
                0x0000000000000510       0x26 /home/schiavon/tools/riscv/riscv32-unknown-elf/lib/libc_nano.a(lib_a-memchr.o)
 .riscv.attributes
                0x0000000000000536       0x24 /home/schiavon/tools/riscv/riscv32-unknown-elf/lib/libc_nano.a(lib_a-memmove.o)
 .riscv.attributes
                0x000000000000055a       0x26 /home/schiavon/tools/riscv/riscv32-unknown-elf/lib/libc_nano.a(lib_a-nano-reallocr.o)
 .riscv.attributes
                0x0000000000000580       0x26 /home/schiavon/tools/riscv/riscv32-unknown-elf/lib/libc_nano.a(lib_a-nano-vfprintf_i.o)
 .riscv.attributes
                0x00000000000005a6       0x26 /home/schiavon/tools/riscv/riscv32-unknown-elf/lib/libc_nano.a(lib_a-nano-msizer.o)
 .riscv.attributes
                0x00000000000005cc       0x26 /home/schiavon/tools/riscv/lib/gcc/riscv32-unknown-elf/11.1.0/libgcc.a(_divdi3.o)
 .riscv.attributes
                0x00000000000005f2       0x26 /home/schiavon/tools/riscv/lib/gcc/riscv32-unknown-elf/11.1.0/libgcc.a(_udivdi3.o)
 .riscv.attributes
                0x0000000000000618       0x26 /home/schiavon/tools/riscv/lib/gcc/riscv32-unknown-elf/11.1.0/libgcc.a(_clz.o)

.debug
 *(.debug)

.line
 *(.line)

.debug_srcinfo
 *(.debug_srcinfo)

.debug_sfnames
 *(.debug_sfnames)

.debug_aranges  0x0000000000000000      0x1b0
 *(.debug_aranges)
 .debug_aranges
                0x0000000000000000       0x20 /tmp/ccxMATow.o
 .debug_aranges
                0x0000000000000020       0x28 /tmp/ccorGXPu.o
 .debug_aranges
                0x0000000000000048      0x110 /tmp/cccSA4Py.ltrans0.ltrans.o
 .debug_aranges
                0x0000000000000158       0x20 /home/schiavon/tools/riscv/lib/gcc/riscv32-unknown-elf/11.1.0/libgcc.a(_divdi3.o)
 .debug_aranges
                0x0000000000000178       0x20 /home/schiavon/tools/riscv/lib/gcc/riscv32-unknown-elf/11.1.0/libgcc.a(_udivdi3.o)
 .debug_aranges
                0x0000000000000198       0x18 /home/schiavon/tools/riscv/lib/gcc/riscv32-unknown-elf/11.1.0/libgcc.a(_clz.o)

.debug_pubnames
 *(.debug_pubnames)

.debug_info     0x0000000000000000     0x8792
 *(.debug_info .gnu.linkonce.wi.*)
 .debug_info    0x0000000000000000       0x25 /tmp/ccxMATow.o
 .debug_info    0x0000000000000025       0x23 /tmp/ccorGXPu.o
 .debug_info    0x0000000000000048      0xadf /tmp/cccSA4Py.ltrans0.ltrans.o
 .debug_info    0x0000000000000b27       0xd3 /tmp/ccZru7yC.debug.temp.o
                0x0000000000000b27                while_1_printf.c.c49487bb
 .debug_info    0x0000000000000bfa       0x32 /tmp/ccGHOt6A.debug.temp.o
                0x0000000000000bfa                init.c.221ec7c4
 .debug_info    0x0000000000000c2c      0xb52 /tmp/cc3Kghsz.debug.temp.o
                0x0000000000000c2c                syscalls.c.512bbc90
 .debug_info    0x000000000000177e      0x3d2 /tmp/ccsrYDrA.debug.temp.o
                0x000000000000177e                handler.c.4288f5c9
 .debug_info    0x0000000000001b50      0x6b9 /tmp/ccpLXA0C.debug.temp.o
                0x0000000000001b50                mmio.c.618d9a3b
 .debug_info    0x0000000000002209      0x244 /tmp/ccOyOidB.debug.temp.o
                0x0000000000002209                bitfield.c.44c2c3da
 .debug_info    0x000000000000244d      0x164 /tmp/ccFfQsJC.debug.temp.o
                0x000000000000244d                memory.c.5b18bef8
 .debug_info    0x00000000000025b1      0x245 /tmp/ccHKMw7A.debug.temp.o
                0x00000000000025b1                soc_ctrl.c.5aee3022
 .debug_info    0x00000000000027f6      0x52d /tmp/ccz7uZIB.debug.temp.o
                0x00000000000027f6                uart.c.e5ef231c
 .debug_info    0x0000000000002d23      0x8cc /tmp/cc9bWT1A.debug.temp.o
                0x0000000000002d23                rv_plic.c.57506769
 .debug_info    0x00000000000035ef      0x8f0 /tmp/cclqRTnC.debug.temp.o
                0x00000000000035ef                rv_timer.c.0fccd344
 .debug_info    0x0000000000003edf      0x976 /tmp/ccJZppWA.debug.temp.o
                0x0000000000003edf                gpio.c.0f6f84ad
 .debug_info    0x0000000000004855      0xb7d /tmp/ccTM38aB.debug.temp.o
                0x0000000000004855                i2c.c.a3484de9
 .debug_info    0x00000000000053d2      0x272 /tmp/ccxGRYLC.debug.temp.o
                0x00000000000053d2                dma.c.c0b34d50
 .debug_info    0x0000000000005644      0x91b /tmp/ccTTW6MC.debug.temp.o
                0x0000000000005644                power_manager.c.4529fd3e
 .debug_info    0x0000000000005f5f      0x2ac /tmp/ccMmx1Nz.debug.temp.o
                0x0000000000005f5f                fast_intr_ctrl.c.fed4a16d
 .debug_info    0x000000000000620b      0x629 /tmp/ccEdYiAz.debug.temp.o
                0x000000000000620b                spi_host.c.a093b5da
 .debug_info    0x0000000000006834      0x206 /tmp/ccP5oopA.debug.temp.o
                0x0000000000006834                pad_control.c.07294d41
 .debug_info    0x0000000000006a3a      0x365 /tmp/ccvHqieD.debug.temp.o
                0x0000000000006a3a                cgra.c.80be2a70
 .debug_info    0x0000000000006d9f      0x540 /tmp/ccr5NA6A.debug.temp.o
                0x0000000000006d9f                fll.c.68900e2f
 .debug_info    0x00000000000072df      0x354 /tmp/ccljimWA.debug.temp.o
                0x00000000000072df                coubertin.c.534ecde9
 .debug_info    0x0000000000007633      0x193 /tmp/cc7OCPMz.debug.temp.o
                0x0000000000007633                heepocrates_ctrl.c.f6f7caa8
 .debug_info    0x00000000000077c6      0x793 /home/schiavon/tools/riscv/lib/gcc/riscv32-unknown-elf/11.1.0/libgcc.a(_divdi3.o)
 .debug_info    0x0000000000007f59      0x761 /home/schiavon/tools/riscv/lib/gcc/riscv32-unknown-elf/11.1.0/libgcc.a(_udivdi3.o)
 .debug_info    0x00000000000086ba       0xd8 /home/schiavon/tools/riscv/lib/gcc/riscv32-unknown-elf/11.1.0/libgcc.a(_clz.o)

.debug_abbrev   0x0000000000000000     0x1da2
 *(.debug_abbrev)
 .debug_abbrev  0x0000000000000000       0x14 /tmp/ccxMATow.o
 .debug_abbrev  0x0000000000000014       0x12 /tmp/ccorGXPu.o
 .debug_abbrev  0x0000000000000026      0x10b /tmp/cccSA4Py.ltrans0.ltrans.o
 .debug_abbrev  0x0000000000000131       0x91 /tmp/ccZru7yC.debug.temp.o
 .debug_abbrev  0x00000000000001c2       0x2c /tmp/ccGHOt6A.debug.temp.o
 .debug_abbrev  0x00000000000001ee      0x25d /tmp/cc3Kghsz.debug.temp.o
 .debug_abbrev  0x000000000000044b      0x105 /tmp/ccsrYDrA.debug.temp.o
 .debug_abbrev  0x0000000000000550      0x160 /tmp/ccpLXA0C.debug.temp.o
 .debug_abbrev  0x00000000000006b0       0xb6 /tmp/ccOyOidB.debug.temp.o
 .debug_abbrev  0x0000000000000766       0xc8 /tmp/ccFfQsJC.debug.temp.o
 .debug_abbrev  0x000000000000082e       0xba /tmp/ccHKMw7A.debug.temp.o
 .debug_abbrev  0x00000000000008e8      0x13c /tmp/ccz7uZIB.debug.temp.o
 .debug_abbrev  0x0000000000000a24      0x1b5 /tmp/cc9bWT1A.debug.temp.o
 .debug_abbrev  0x0000000000000bd9      0x1a0 /tmp/cclqRTnC.debug.temp.o
 .debug_abbrev  0x0000000000000d79      0x16b /tmp/ccJZppWA.debug.temp.o
 .debug_abbrev  0x0000000000000ee4      0x1f6 /tmp/ccTM38aB.debug.temp.o
 .debug_abbrev  0x00000000000010da       0xd9 /tmp/ccxGRYLC.debug.temp.o
 .debug_abbrev  0x00000000000011b3      0x180 /tmp/ccTTW6MC.debug.temp.o
 .debug_abbrev  0x0000000000001333       0xe2 /tmp/ccMmx1Nz.debug.temp.o
 .debug_abbrev  0x0000000000001415      0x12b /tmp/ccEdYiAz.debug.temp.o
 .debug_abbrev  0x0000000000001540       0xbc /tmp/ccP5oopA.debug.temp.o
 .debug_abbrev  0x00000000000015fc       0xe9 /tmp/ccvHqieD.debug.temp.o
 .debug_abbrev  0x00000000000016e5      0x176 /tmp/ccr5NA6A.debug.temp.o
 .debug_abbrev  0x000000000000185b       0xb8 /tmp/ccljimWA.debug.temp.o
 .debug_abbrev  0x0000000000001913       0xba /tmp/cc7OCPMz.debug.temp.o
 .debug_abbrev  0x00000000000019cd      0x1bf /home/schiavon/tools/riscv/lib/gcc/riscv32-unknown-elf/11.1.0/libgcc.a(_divdi3.o)
 .debug_abbrev  0x0000000000001b8c      0x1a6 /home/schiavon/tools/riscv/lib/gcc/riscv32-unknown-elf/11.1.0/libgcc.a(_udivdi3.o)
 .debug_abbrev  0x0000000000001d32       0x70 /home/schiavon/tools/riscv/lib/gcc/riscv32-unknown-elf/11.1.0/libgcc.a(_clz.o)

.debug_line     0x0000000000000000     0x2848
 *(.debug_line .debug_line.* .debug_line_end)
 .debug_line    0x0000000000000000       0xd4 /tmp/ccxMATow.o
 .debug_line    0x00000000000000d4      0x1ed /tmp/ccorGXPu.o
 .debug_line    0x00000000000002c1      0xdd5 /tmp/cccSA4Py.ltrans0.ltrans.o
 .debug_line    0x0000000000001096       0x43 /tmp/ccZru7yC.debug.temp.o
 .debug_line    0x00000000000010d9       0x3a /tmp/ccGHOt6A.debug.temp.o
 .debug_line    0x0000000000001113       0x9d /tmp/cc3Kghsz.debug.temp.o
 .debug_line    0x00000000000011b0       0x56 /tmp/ccsrYDrA.debug.temp.o
 .debug_line    0x0000000000001206       0x64 /tmp/ccpLXA0C.debug.temp.o
 .debug_line    0x000000000000126a       0x4c /tmp/ccOyOidB.debug.temp.o
 .debug_line    0x00000000000012b6       0x5a /tmp/ccFfQsJC.debug.temp.o
 .debug_line    0x0000000000001310       0x63 /tmp/ccHKMw7A.debug.temp.o
 .debug_line    0x0000000000001373       0x71 /tmp/ccz7uZIB.debug.temp.o
 .debug_line    0x00000000000013e4       0x68 /tmp/cc9bWT1A.debug.temp.o
 .debug_line    0x000000000000144c       0x68 /tmp/cclqRTnC.debug.temp.o
 .debug_line    0x00000000000014b4       0x68 /tmp/ccJZppWA.debug.temp.o
 .debug_line    0x000000000000151c       0x68 /tmp/ccTM38aB.debug.temp.o
 .debug_line    0x0000000000001584       0x63 /tmp/ccxGRYLC.debug.temp.o
 .debug_line    0x00000000000015e7       0x68 /tmp/ccTTW6MC.debug.temp.o
 .debug_line    0x000000000000164f       0x68 /tmp/ccMmx1Nz.debug.temp.o
 .debug_line    0x00000000000016b7       0x68 /tmp/ccEdYiAz.debug.temp.o
 .debug_line    0x000000000000171f       0x63 /tmp/ccP5oopA.debug.temp.o
 .debug_line    0x0000000000001782       0x63 /tmp/ccvHqieD.debug.temp.o
 .debug_line    0x00000000000017e5       0x68 /tmp/ccr5NA6A.debug.temp.o
 .debug_line    0x000000000000184d       0x68 /tmp/ccljimWA.debug.temp.o
 .debug_line    0x00000000000018b5       0x63 /tmp/cc7OCPMz.debug.temp.o
 .debug_line    0x0000000000001918      0x7ca /home/schiavon/tools/riscv/lib/gcc/riscv32-unknown-elf/11.1.0/libgcc.a(_divdi3.o)
 .debug_line    0x00000000000020e2      0x727 /home/schiavon/tools/riscv/lib/gcc/riscv32-unknown-elf/11.1.0/libgcc.a(_udivdi3.o)
 .debug_line    0x0000000000002809       0x3f /home/schiavon/tools/riscv/lib/gcc/riscv32-unknown-elf/11.1.0/libgcc.a(_clz.o)

.debug_frame    0x0000000000000000      0x514
 *(.debug_frame)
 .debug_frame   0x0000000000000000      0x514 /tmp/cccSA4Py.ltrans0.ltrans.o

.debug_str      0x0000000000000000     0x333b
 *(.debug_str)
 .debug_str     0x0000000000000000       0x39 /tmp/ccxMATow.o
 .debug_str     0x0000000000000039        0xa /tmp/ccorGXPu.o
                                         0x3c (size before relaxing)
 .debug_str     0x0000000000000043      0x15a /tmp/cccSA4Py.ltrans0.ltrans.o
                                        0x166 (size before relaxing)
 .debug_str     0x000000000000019d       0xde /tmp/ccZru7yC.debug.temp.o
                                        0x123 (size before relaxing)
 .debug_str     0x000000000000027b       0xde /tmp/ccGHOt6A.debug.temp.o
                                         0x7d (size before relaxing)
 .debug_str     0x000000000000027b      0x5a9 /tmp/cc3Kghsz.debug.temp.o
                                        0x776 (size before relaxing)
 .debug_str     0x0000000000000824      0x297 /tmp/ccsrYDrA.debug.temp.o
                                        0x3c1 (size before relaxing)
 .debug_str     0x0000000000000abb      0x323 /tmp/ccpLXA0C.debug.temp.o
                                        0x4cb (size before relaxing)
 .debug_str     0x0000000000000dde       0x9f /tmp/ccOyOidB.debug.temp.o
                                        0x292 (size before relaxing)
 .debug_str     0x0000000000000e7d       0x25 /tmp/ccFfQsJC.debug.temp.o
                                        0x160 (size before relaxing)
 .debug_str     0x0000000000000ea2       0x4a /tmp/ccHKMw7A.debug.temp.o
                                        0x263 (size before relaxing)
 .debug_str     0x0000000000000eec       0x8f /tmp/ccz7uZIB.debug.temp.o
                                        0x3ea (size before relaxing)
 .debug_str     0x0000000000000f7b      0x467 /tmp/cc9bWT1A.debug.temp.o
                                        0x728 (size before relaxing)
 .debug_str     0x00000000000013e2      0x418 /tmp/cclqRTnC.debug.temp.o
                                        0x75d (size before relaxing)
 .debug_str     0x00000000000017fa      0x3db /tmp/ccJZppWA.debug.temp.o
                                        0x714 (size before relaxing)
 .debug_str     0x0000000000001bd5      0x78b /tmp/ccTM38aB.debug.temp.o
                                        0xa89 (size before relaxing)
 .debug_str     0x0000000000002360       0xa0 /tmp/ccxGRYLC.debug.temp.o
                                        0x276 (size before relaxing)
 .debug_str     0x0000000000002400      0x4a4 /tmp/ccTTW6MC.debug.temp.o
                                        0x73f (size before relaxing)
 .debug_str     0x00000000000028a4      0x18b /tmp/ccMmx1Nz.debug.temp.o
                                        0x3b5 (size before relaxing)
 .debug_str     0x0000000000002a2f      0x1f0 /tmp/ccEdYiAz.debug.temp.o
                                        0x48b (size before relaxing)
 .debug_str     0x0000000000002c1f       0xa3 /tmp/ccP5oopA.debug.temp.o
                                        0x238 (size before relaxing)
 .debug_str     0x0000000000002cc2      0x14d /tmp/ccvHqieD.debug.temp.o
                                        0x314 (size before relaxing)
 .debug_str     0x0000000000002e0f      0x1bc /tmp/ccr5NA6A.debug.temp.o
                                        0x41a (size before relaxing)
 .debug_str     0x0000000000002fcb       0xc4 /tmp/ccljimWA.debug.temp.o
                                        0x320 (size before relaxing)
 .debug_str     0x000000000000308f       0x63 /tmp/cc7OCPMz.debug.temp.o
                                        0x1ff (size before relaxing)
 .debug_str     0x00000000000030f2      0x198 /home/schiavon/tools/riscv/lib/gcc/riscv32-unknown-elf/11.1.0/libgcc.a(_divdi3.o)
                                        0x248 (size before relaxing)
 .debug_str     0x000000000000328a      0x249 /home/schiavon/tools/riscv/lib/gcc/riscv32-unknown-elf/11.1.0/libgcc.a(_udivdi3.o)
 .debug_str     0x000000000000328a       0xb1 /home/schiavon/tools/riscv/lib/gcc/riscv32-unknown-elf/11.1.0/libgcc.a(_clz.o)
                                        0x196 (size before relaxing)

.debug_loc
 *(.debug_loc)

.debug_macinfo
 *(.debug_macinfo)

.debug_weaknames
 *(.debug_weaknames)

.debug_funcnames
 *(.debug_funcnames)

.debug_typenames
 *(.debug_typenames)

.debug_varnames
 *(.debug_varnames)

.debug_pubtypes
 *(.debug_pubtypes)

.debug_ranges
 *(.debug_ranges)

.debug_macro
 *(.debug_macro)

.debug_addr
 *(.debug_addr)

.gnu.attributes
 *(.gnu.attributes)

/DISCARD/
 *(.note.GNU-stack)
 *(.gnu_debuglink)
 *(.gnu.lto_*)
OUTPUT(applications/while_1_printf/while_1_printf.elf elf32-littleriscv)

.debug_line_str
                0x0000000000000000      0x8ef
 .debug_line_str
                0x0000000000000000       0x1d /tmp/ccxMATow.o
                                         0x3a (size before relaxing)
 .debug_line_str
                0x000000000000001d        0xa /tmp/ccorGXPu.o
                                         0x40 (size before relaxing)
 .debug_line_str
                0x0000000000000027       0xdf /tmp/cccSA4Py.ltrans0.ltrans.o
                                        0x151 (size before relaxing)
 .debug_line_str
                0x0000000000000106       0x6c /tmp/ccZru7yC.debug.temp.o
                                         0xbf (size before relaxing)
 .debug_line_str
                0x0000000000000172       0x21 /tmp/ccGHOt6A.debug.temp.o
                                         0x68 (size before relaxing)
 .debug_line_str
                0x0000000000000193      0x158 /tmp/cc3Kghsz.debug.temp.o
                                        0x21f (size before relaxing)
 .debug_line_str
                0x00000000000002eb       0x2e /tmp/ccsrYDrA.debug.temp.o
                                        0x118 (size before relaxing)
 .debug_line_str
                0x0000000000000319       0x27 /tmp/ccpLXA0C.debug.temp.o
                                        0x161 (size before relaxing)
 .debug_line_str
                0x0000000000000340       0x22 /tmp/ccOyOidB.debug.temp.o
                                         0xff (size before relaxing)
 .debug_line_str
                0x0000000000000362       0x20 /tmp/ccFfQsJC.debug.temp.o
                                        0x153 (size before relaxing)
 .debug_line_str
                0x0000000000000382       0x2e /tmp/ccHKMw7A.debug.temp.o
                                        0x18f (size before relaxing)
 .debug_line_str
                0x00000000000003b0       0x26 /tmp/ccz7uZIB.debug.temp.o
                                        0x1a8 (size before relaxing)
 .debug_line_str
                0x00000000000003d6       0x58 /tmp/cc9bWT1A.debug.temp.o
                                        0x195 (size before relaxing)
 .debug_line_str
                0x000000000000042e       0x5c /tmp/cclqRTnC.debug.temp.o
                                        0x19a (size before relaxing)
 .debug_line_str
                0x000000000000048a       0x4c /tmp/ccJZppWA.debug.temp.o
                                        0x186 (size before relaxing)
 .debug_line_str
                0x00000000000004d6       0x48 /tmp/ccTM38aB.debug.temp.o
                                        0x181 (size before relaxing)
 .debug_line_str
                0x000000000000051e       0x48 /tmp/ccxGRYLC.debug.temp.o
                                        0x176 (size before relaxing)
 .debug_line_str
                0x0000000000000566       0x70 /tmp/ccTTW6MC.debug.temp.o
                                        0x1b3 (size before relaxing)
 .debug_line_str
                0x00000000000005d6       0x74 /tmp/ccMmx1Nz.debug.temp.o
                                        0x1b8 (size before relaxing)
 .debug_line_str
                0x000000000000064a       0x5c /tmp/ccEdYiAz.debug.temp.o
                                        0x19a (size before relaxing)
 .debug_line_str
                0x00000000000006a6       0x68 /tmp/ccP5oopA.debug.temp.o
                                        0x19e (size before relaxing)
 .debug_line_str
                0x000000000000070e       0x3e /tmp/ccvHqieD.debug.temp.o
                                        0x16d (size before relaxing)
 .debug_line_str
                0x000000000000074c       0x3a /tmp/ccr5NA6A.debug.temp.o
                                        0x173 (size before relaxing)
 .debug_line_str
                0x0000000000000786       0x52 /tmp/ccljimWA.debug.temp.o
                                        0x191 (size before relaxing)
 .debug_line_str
                0x00000000000007d8       0x6e /tmp/cc7OCPMz.debug.temp.o
                                        0x1a9 (size before relaxing)
 .debug_line_str
                0x0000000000000846       0xa9 /home/schiavon/tools/riscv/lib/gcc/riscv32-unknown-elf/11.1.0/libgcc.a(_divdi3.o)
                                        0x136 (size before relaxing)
 .debug_line_str
                0x00000000000008ef      0x136 /home/schiavon/tools/riscv/lib/gcc/riscv32-unknown-elf/11.1.0/libgcc.a(_udivdi3.o)
 .debug_line_str
                0x00000000000008ef      0x136 /home/schiavon/tools/riscv/lib/gcc/riscv32-unknown-elf/11.1.0/libgcc.a(_clz.o)

.debug_rnglists
                0x0000000000000000      0x3b7
 .debug_rnglists
                0x0000000000000000       0x1a /tmp/ccorGXPu.o
 .debug_rnglists
                0x000000000000001a      0x196 /tmp/cccSA4Py.ltrans0.ltrans.o
 .debug_rnglists
                0x00000000000001b0       0xf6 /home/schiavon/tools/riscv/lib/gcc/riscv32-unknown-elf/11.1.0/libgcc.a(_divdi3.o)
 .debug_rnglists
                0x00000000000002a6      0x111 /home/schiavon/tools/riscv/lib/gcc/riscv32-unknown-elf/11.1.0/libgcc.a(_udivdi3.o)

.debug_loclists
                0x0000000000000000     0x189d
 .debug_loclists
                0x0000000000000000      0x576 /tmp/cccSA4Py.ltrans0.ltrans.o
 .debug_loclists
                0x0000000000000576      0x88e /home/schiavon/tools/riscv/lib/gcc/riscv32-unknown-elf/11.1.0/libgcc.a(_divdi3.o)
 .debug_loclists
                0x0000000000000e04      0xa99 /home/schiavon/tools/riscv/lib/gcc/riscv32-unknown-elf/11.1.0/libgcc.a(_udivdi3.o)
