Archive member included to satisfy reference by file (symbol)

/shares/eslfiler1/apps/linux/Development/rv32imc//riscv32-unknown-elf/lib/libc_nano.a(lib_a-atexit.o)
                              /tmp/ccD941U0.o (atexit)
/shares/eslfiler1/apps/linux/Development/rv32imc//riscv32-unknown-elf/lib/libc_nano.a(lib_a-exit.o)
                              /tmp/ccD941U0.o (exit)
/shares/eslfiler1/apps/linux/Development/rv32imc//riscv32-unknown-elf/lib/libc_nano.a(lib_a-fini.o)
                              /tmp/ccD941U0.o (__libc_fini_array)
/shares/eslfiler1/apps/linux/Development/rv32imc//riscv32-unknown-elf/lib/libc_nano.a(lib_a-impure.o)
                              /shares/eslfiler1/apps/linux/Development/rv32imc//riscv32-unknown-elf/lib/libc_nano.a(lib_a-exit.o) (_global_impure_ptr)
/shares/eslfiler1/apps/linux/Development/rv32imc//riscv32-unknown-elf/lib/libc_nano.a(lib_a-init.o)
                              /tmp/ccD941U0.o (__libc_init_array)
/shares/eslfiler1/apps/linux/Development/rv32imc//riscv32-unknown-elf/lib/libc_nano.a(lib_a-memset.o)
                              /tmp/ccD941U0.o (memset)
/shares/eslfiler1/apps/linux/Development/rv32imc//riscv32-unknown-elf/lib/libc_nano.a(lib_a-puts.o)
                              /tmp/ccN3uoTN.o (puts)
/shares/eslfiler1/apps/linux/Development/rv32imc//riscv32-unknown-elf/lib/libc_nano.a(lib_a-reent.o)
                              /tmp/cc593oPb.o (symbol from plugin) (errno)
/shares/eslfiler1/apps/linux/Development/rv32imc//riscv32-unknown-elf/lib/libc_nano.a(lib_a-wbuf.o)
                              /shares/eslfiler1/apps/linux/Development/rv32imc//riscv32-unknown-elf/lib/libc_nano.a(lib_a-puts.o) (__swbuf_r)
/shares/eslfiler1/apps/linux/Development/rv32imc//riscv32-unknown-elf/lib/libc_nano.a(lib_a-wsetup.o)
                              /shares/eslfiler1/apps/linux/Development/rv32imc//riscv32-unknown-elf/lib/libc_nano.a(lib_a-puts.o) (__swsetup_r)
/shares/eslfiler1/apps/linux/Development/rv32imc//riscv32-unknown-elf/lib/libc_nano.a(lib_a-__atexit.o)
                              /shares/eslfiler1/apps/linux/Development/rv32imc//riscv32-unknown-elf/lib/libc_nano.a(lib_a-atexit.o) (__register_exitproc)
/shares/eslfiler1/apps/linux/Development/rv32imc//riscv32-unknown-elf/lib/libc_nano.a(lib_a-__call_atexit.o)
                              /shares/eslfiler1/apps/linux/Development/rv32imc//riscv32-unknown-elf/lib/libc_nano.a(lib_a-__atexit.o) (__call_exitprocs)
/shares/eslfiler1/apps/linux/Development/rv32imc//riscv32-unknown-elf/lib/libc_nano.a(lib_a-fflush.o)
                              /shares/eslfiler1/apps/linux/Development/rv32imc//riscv32-unknown-elf/lib/libc_nano.a(lib_a-wbuf.o) (_fflush_r)
/shares/eslfiler1/apps/linux/Development/rv32imc//riscv32-unknown-elf/lib/libc_nano.a(lib_a-findfp.o)
                              /shares/eslfiler1/apps/linux/Development/rv32imc//riscv32-unknown-elf/lib/libc_nano.a(lib_a-puts.o) (__sinit)
/shares/eslfiler1/apps/linux/Development/rv32imc//riscv32-unknown-elf/lib/libc_nano.a(lib_a-fwalk.o)
                              /shares/eslfiler1/apps/linux/Development/rv32imc//riscv32-unknown-elf/lib/libc_nano.a(lib_a-findfp.o) (_fwalk)
/shares/eslfiler1/apps/linux/Development/rv32imc//riscv32-unknown-elf/lib/libc_nano.a(lib_a-makebuf.o)
                              /shares/eslfiler1/apps/linux/Development/rv32imc//riscv32-unknown-elf/lib/libc_nano.a(lib_a-wsetup.o) (__smakebuf_r)
/shares/eslfiler1/apps/linux/Development/rv32imc//riscv32-unknown-elf/lib/libc_nano.a(lib_a-nano-freer.o)
                              /shares/eslfiler1/apps/linux/Development/rv32imc//riscv32-unknown-elf/lib/libc_nano.a(lib_a-reent.o) (_free_r)
/shares/eslfiler1/apps/linux/Development/rv32imc//riscv32-unknown-elf/lib/libc_nano.a(lib_a-nano-mallocr.o)
                              /shares/eslfiler1/apps/linux/Development/rv32imc//riscv32-unknown-elf/lib/libc_nano.a(lib_a-findfp.o) (_malloc_r)
/shares/eslfiler1/apps/linux/Development/rv32imc//riscv32-unknown-elf/lib/libc_nano.a(lib_a-sbrkr.o)
                              /shares/eslfiler1/apps/linux/Development/rv32imc//riscv32-unknown-elf/lib/libc_nano.a(lib_a-nano-mallocr.o) (_sbrk_r)
/shares/eslfiler1/apps/linux/Development/rv32imc//riscv32-unknown-elf/lib/libc_nano.a(lib_a-stdio.o)
                              /shares/eslfiler1/apps/linux/Development/rv32imc//riscv32-unknown-elf/lib/libc_nano.a(lib_a-findfp.o) (__sread)
/shares/eslfiler1/apps/linux/Development/rv32imc//riscv32-unknown-elf/lib/libc_nano.a(lib_a-writer.o)
                              /shares/eslfiler1/apps/linux/Development/rv32imc//riscv32-unknown-elf/lib/libc_nano.a(lib_a-stdio.o) (_write_r)
/shares/eslfiler1/apps/linux/Development/rv32imc//riscv32-unknown-elf/lib/libc_nano.a(lib_a-closer.o)
                              /shares/eslfiler1/apps/linux/Development/rv32imc//riscv32-unknown-elf/lib/libc_nano.a(lib_a-stdio.o) (_close_r)
/shares/eslfiler1/apps/linux/Development/rv32imc//riscv32-unknown-elf/lib/libc_nano.a(lib_a-fstatr.o)
                              /shares/eslfiler1/apps/linux/Development/rv32imc//riscv32-unknown-elf/lib/libc_nano.a(lib_a-makebuf.o) (_fstat_r)
/shares/eslfiler1/apps/linux/Development/rv32imc//riscv32-unknown-elf/lib/libc_nano.a(lib_a-isattyr.o)
                              /shares/eslfiler1/apps/linux/Development/rv32imc//riscv32-unknown-elf/lib/libc_nano.a(lib_a-makebuf.o) (_isatty_r)
/shares/eslfiler1/apps/linux/Development/rv32imc//riscv32-unknown-elf/lib/libc_nano.a(lib_a-lseekr.o)
                              /shares/eslfiler1/apps/linux/Development/rv32imc//riscv32-unknown-elf/lib/libc_nano.a(lib_a-stdio.o) (_lseek_r)
/shares/eslfiler1/apps/linux/Development/rv32imc//riscv32-unknown-elf/lib/libc_nano.a(lib_a-mlock.o)
                              /shares/eslfiler1/apps/linux/Development/rv32imc//riscv32-unknown-elf/lib/libc_nano.a(lib_a-nano-freer.o) (__malloc_lock)
/shares/eslfiler1/apps/linux/Development/rv32imc//riscv32-unknown-elf/lib/libc_nano.a(lib_a-readr.o)
                              /shares/eslfiler1/apps/linux/Development/rv32imc//riscv32-unknown-elf/lib/libc_nano.a(lib_a-stdio.o) (_read_r)
/shares/eslfiler1/apps/linux/Development/rv32imc//riscv32-unknown-elf/lib/libc_nano.a(lib_a-memcpy-asm.o)
                              /tmp/ccoliXF4.ltrans0.ltrans.o (memcpy)
/shares/eslfiler1/apps/linux/Development/rv32imc//riscv32-unknown-elf/lib/libc_nano.a(lib_a-printf.o)
                              /tmp/ccoliXF4.ltrans0.ltrans.o (printf)
/shares/eslfiler1/apps/linux/Development/rv32imc//riscv32-unknown-elf/lib/libc_nano.a(lib_a-nano-vfprintf.o)
                              /shares/eslfiler1/apps/linux/Development/rv32imc//riscv32-unknown-elf/lib/libc_nano.a(lib_a-printf.o) (_vfprintf_r)
/shares/eslfiler1/apps/linux/Development/rv32imc//riscv32-unknown-elf/lib/libc_nano.a(lib_a-fvwrite.o)
                              /shares/eslfiler1/apps/linux/Development/rv32imc//riscv32-unknown-elf/lib/libc_nano.a(lib_a-nano-vfprintf.o) (__sfvwrite_r)
/shares/eslfiler1/apps/linux/Development/rv32imc//riscv32-unknown-elf/lib/libc_nano.a(lib_a-memchr.o)
                              /shares/eslfiler1/apps/linux/Development/rv32imc//riscv32-unknown-elf/lib/libc_nano.a(lib_a-nano-vfprintf.o) (memchr)
/shares/eslfiler1/apps/linux/Development/rv32imc//riscv32-unknown-elf/lib/libc_nano.a(lib_a-memmove.o)
                              /shares/eslfiler1/apps/linux/Development/rv32imc//riscv32-unknown-elf/lib/libc_nano.a(lib_a-fvwrite.o) (memmove)
/shares/eslfiler1/apps/linux/Development/rv32imc//riscv32-unknown-elf/lib/libc_nano.a(lib_a-nano-reallocr.o)
                              /shares/eslfiler1/apps/linux/Development/rv32imc//riscv32-unknown-elf/lib/libc_nano.a(lib_a-fvwrite.o) (_realloc_r)
/shares/eslfiler1/apps/linux/Development/rv32imc//riscv32-unknown-elf/lib/libc_nano.a(lib_a-nano-vfprintf_i.o)
                              /shares/eslfiler1/apps/linux/Development/rv32imc//riscv32-unknown-elf/lib/libc_nano.a(lib_a-nano-vfprintf.o) (_printf_i)
/shares/eslfiler1/apps/linux/Development/rv32imc//riscv32-unknown-elf/lib/libc_nano.a(lib_a-nano-msizer.o)
                              /shares/eslfiler1/apps/linux/Development/rv32imc//riscv32-unknown-elf/lib/libc_nano.a(lib_a-nano-reallocr.o) (_malloc_usable_size_r)
/shares/eslfiler1/apps/linux/Development/rv32imc/lib/gcc/riscv32-unknown-elf/11.1.0/libgcc.a(_divdi3.o)
                              /tmp/ccoliXF4.ltrans0.ltrans.o (__divdi3)
/shares/eslfiler1/apps/linux/Development/rv32imc/lib/gcc/riscv32-unknown-elf/11.1.0/libgcc.a(_udivdi3.o)
                              /tmp/ccoliXF4.ltrans0.ltrans.o (__udivdi3)
/shares/eslfiler1/apps/linux/Development/rv32imc/lib/gcc/riscv32-unknown-elf/11.1.0/libgcc.a(_clz.o)
                              /shares/eslfiler1/apps/linux/Development/rv32imc/lib/gcc/riscv32-unknown-elf/11.1.0/libgcc.a(_divdi3.o) (__clz_tab)

Memory Configuration

Name             Origin             Length             Attributes
FLASH            0x0000000040000000 0x0000000001000000 xr
RAM              0x0000000000000000 0x000000000003fffc xrw
*default*        0x0000000000000000 0xffffffffffffffff

Linker script and memory map

LOAD /tmp/ccD941U0.o
LOAD /tmp/ccN3uoTN.o
LOAD /tmp/ccr7RM3A.o
LOAD /tmp/ccoliXF4.ltrans0.ltrans.o
LOAD /tmp/ccOUpnQL.debug.temp.o
LOAD /tmp/ccgpXEtC.debug.temp.o
LOAD /tmp/ccILxZ6s.debug.temp.o
LOAD /tmp/ccmyInKj.debug.temp.o
LOAD /tmp/ccAnHOna.debug.temp.o
LOAD /tmp/ccyipi10.debug.temp.o
LOAD /tmp/ccqu2OER.debug.temp.o
LOAD /tmp/ccw3KniI.debug.temp.o
LOAD /tmp/ccszdZVy.debug.temp.o
LOAD /tmp/ccui5Czp.debug.temp.o
LOAD /tmp/ccwrOjdg.debug.temp.o
LOAD /tmp/ccqYm3Q6.debug.temp.o
LOAD /tmp/ccQDfPuX.debug.temp.o
LOAD /tmp/ccQnfE8N.debug.temp.o
LOAD /tmp/ccU5SvME.debug.temp.o
LOAD /tmp/ccIHjqqv.debug.temp.o
LOAD /tmp/ccIrkn4l.debug.temp.o
LOAD /tmp/ccgpGmIc.debug.temp.o
LOAD /tmp/cc2XRom3.debug.temp.o
LOAD /tmp/ccwjDt0T.debug.temp.o
LOAD /tmp/cc2nPAEK.debug.temp.o
LOAD /tmp/ccSYDKiB.debug.temp.o
LOAD /tmp/cct18Gho.o
LOAD /tmp/cc593oPb.o
LOAD /tmp/cc7LUPwZ.o
LOAD /tmp/ccTDZOpN.o
LOAD /tmp/ccJJ7LpB.o
LOAD /tmp/cc5t51vp.o
LOAD /tmp/cchdu8Jd.o
LOAD /tmp/ccXhwr91.o
LOAD /tmp/ccp71MMQ.o
LOAD /tmp/cc5LwPCF.o
LOAD /tmp/ccFVajFu.o
LOAD /tmp/cct2DVUj.o
LOAD /tmp/ccDuXCg9.o
LOAD /tmp/cc72A9OY.o
LOAD /tmp/cclx0cwO.o
LOAD /tmp/ccbpIFoE.o
LOAD /tmp/ccRT8Wnu.o
LOAD /tmp/cc3Aiytk.o
LOAD /tmp/ccnkpyKa.o
LOAD /tmp/ccREDj90.o
LOAD /tmp/ccD8nHCR.o
LOAD /shares/eslfiler1/apps/linux/Development/rv32imc//riscv32-unknown-elf/lib/libc_nano.a
LOAD /shares/eslfiler1/apps/linux/Development/rv32imc//riscv32-unknown-elf/lib/libm_nano.a
LOAD /shares/eslfiler1/apps/linux/Development/rv32imc/lib/gcc/riscv32-unknown-elf/11.1.0/libgcc.a
                0x0000000000000180                PROVIDE (__boot_address = 0x180)
                0x0000000000001000                __stack_size = DEFINED (__stack_size)?__stack_size:0x1000
                [!provide]                        PROVIDE (__stack_size = __stack_size)
                0x0000000000001000                __heap_size = DEFINED (__heap_size)?__heap_size:0x1000

.vectors        0x0000000000000000      0x104 load address 0x0000000040000000
                0x0000000000000000                PROVIDE (_vector_start = .)
 *(.vectors)
 .vectors       0x0000000000000000      0x104 /tmp/ccN3uoTN.o

.fill           0x0000000000000104       0x7c load address 0x0000000040000104
                0x0000000000000104        0x4 LONG 0xdeadbeef
                0x0000000000000108        0x4 LONG 0xdeadbeef
                0x000000000000010c        0x4 LONG 0xdeadbeef
                0x0000000000000110        0x4 LONG 0xdeadbeef
                0x0000000000000114        0x4 LONG 0xdeadbeef
                0x0000000000000118        0x4 LONG 0xdeadbeef
                0x000000000000011c        0x4 LONG 0xdeadbeef
                0x0000000000000120        0x4 LONG 0xdeadbeef
                0x0000000000000124        0x4 LONG 0xdeadbeef
                0x0000000000000128        0x4 LONG 0xdeadbeef
                0x000000000000012c        0x4 LONG 0xdeadbeef
                0x0000000000000130        0x4 LONG 0xdeadbeef
                0x0000000000000134        0x4 LONG 0xdeadbeef
                0x0000000000000138        0x4 LONG 0xdeadbeef
                0x000000000000013c        0x4 LONG 0xdeadbeef
                0x0000000000000140        0x4 LONG 0xdeadbeef
                0x0000000000000144        0x4 LONG 0xdeadbeef
                0x0000000000000148        0x4 LONG 0xdeadbeef
                0x000000000000014c        0x4 LONG 0xdeadbeef
                0x0000000000000150        0x4 LONG 0xdeadbeef
                0x0000000000000154        0x4 LONG 0xdeadbeef
                0x0000000000000158        0x4 LONG 0xdeadbeef
                0x000000000000015c        0x4 LONG 0xdeadbeef
                0x0000000000000160        0x4 LONG 0xdeadbeef
                0x0000000000000164        0x4 LONG 0xdeadbeef
                0x0000000000000168        0x4 LONG 0xdeadbeef
                0x000000000000016c        0x4 LONG 0xdeadbeef
                0x0000000000000170        0x4 LONG 0xdeadbeef
                0x0000000000000174        0x4 LONG 0xdeadbeef
                0x0000000000000178        0x4 LONG 0xdeadbeef
                0x000000000000017c        0x4 LONG 0xdeadbeef

.init           0x0000000000000180      0x20a load address 0x0000000040000180
 *(SORT_NONE(.init))
 *(.text.start)
 .text.start    0x0000000000000180      0x20a /tmp/ccD941U0.o
                0x0000000000000180                _start
                0x0000000000000384                _init
                0x0000000000000388                _fini

.text           0x000000000000038c     0x2abc load address 0x000000004000038c
                0x000000000000038c                . = ALIGN (0x4)
 *(.text)
 .text          0x000000000000038c        0x0 /tmp/ccD941U0.o
 .text          0x000000000000038c        0x0 /tmp/ccN3uoTN.o
 .text          0x000000000000038c        0x0 /tmp/ccoliXF4.ltrans0.ltrans.o
 .text          0x000000000000038c        0x0 /shares/eslfiler1/apps/linux/Development/rv32imc//riscv32-unknown-elf/lib/libc_nano.a(lib_a-atexit.o)
 .text          0x000000000000038c        0x0 /shares/eslfiler1/apps/linux/Development/rv32imc//riscv32-unknown-elf/lib/libc_nano.a(lib_a-exit.o)
 .text          0x000000000000038c        0x0 /shares/eslfiler1/apps/linux/Development/rv32imc//riscv32-unknown-elf/lib/libc_nano.a(lib_a-fini.o)
 .text          0x000000000000038c        0x0 /shares/eslfiler1/apps/linux/Development/rv32imc//riscv32-unknown-elf/lib/libc_nano.a(lib_a-impure.o)
 .text          0x000000000000038c        0x0 /shares/eslfiler1/apps/linux/Development/rv32imc//riscv32-unknown-elf/lib/libc_nano.a(lib_a-init.o)
 .text          0x000000000000038c       0x10 /shares/eslfiler1/apps/linux/Development/rv32imc//riscv32-unknown-elf/lib/libc_nano.a(lib_a-memset.o)
                0x000000000000038c                memset
 .text          0x000000000000039c        0x0 /shares/eslfiler1/apps/linux/Development/rv32imc//riscv32-unknown-elf/lib/libc_nano.a(lib_a-puts.o)
 .text          0x000000000000039c        0x0 /shares/eslfiler1/apps/linux/Development/rv32imc//riscv32-unknown-elf/lib/libc_nano.a(lib_a-reent.o)
 .text          0x000000000000039c        0x0 /shares/eslfiler1/apps/linux/Development/rv32imc//riscv32-unknown-elf/lib/libc_nano.a(lib_a-wbuf.o)
 .text          0x000000000000039c        0x0 /shares/eslfiler1/apps/linux/Development/rv32imc//riscv32-unknown-elf/lib/libc_nano.a(lib_a-wsetup.o)
 .text          0x000000000000039c        0x0 /shares/eslfiler1/apps/linux/Development/rv32imc//riscv32-unknown-elf/lib/libc_nano.a(lib_a-__atexit.o)
 .text          0x000000000000039c        0x0 /shares/eslfiler1/apps/linux/Development/rv32imc//riscv32-unknown-elf/lib/libc_nano.a(lib_a-__call_atexit.o)
 .text          0x000000000000039c        0x0 /shares/eslfiler1/apps/linux/Development/rv32imc//riscv32-unknown-elf/lib/libc_nano.a(lib_a-fflush.o)
 .text          0x000000000000039c        0x0 /shares/eslfiler1/apps/linux/Development/rv32imc//riscv32-unknown-elf/lib/libc_nano.a(lib_a-findfp.o)
 .text          0x000000000000039c        0x0 /shares/eslfiler1/apps/linux/Development/rv32imc//riscv32-unknown-elf/lib/libc_nano.a(lib_a-fwalk.o)
 .text          0x000000000000039c        0x0 /shares/eslfiler1/apps/linux/Development/rv32imc//riscv32-unknown-elf/lib/libc_nano.a(lib_a-makebuf.o)
 .text          0x000000000000039c        0x0 /shares/eslfiler1/apps/linux/Development/rv32imc//riscv32-unknown-elf/lib/libc_nano.a(lib_a-nano-freer.o)
 .text          0x000000000000039c        0x0 /shares/eslfiler1/apps/linux/Development/rv32imc//riscv32-unknown-elf/lib/libc_nano.a(lib_a-nano-mallocr.o)
 .text          0x000000000000039c        0x0 /shares/eslfiler1/apps/linux/Development/rv32imc//riscv32-unknown-elf/lib/libc_nano.a(lib_a-sbrkr.o)
 .text          0x000000000000039c        0x0 /shares/eslfiler1/apps/linux/Development/rv32imc//riscv32-unknown-elf/lib/libc_nano.a(lib_a-stdio.o)
 .text          0x000000000000039c        0x0 /shares/eslfiler1/apps/linux/Development/rv32imc//riscv32-unknown-elf/lib/libc_nano.a(lib_a-writer.o)
 .text          0x000000000000039c        0x0 /shares/eslfiler1/apps/linux/Development/rv32imc//riscv32-unknown-elf/lib/libc_nano.a(lib_a-closer.o)
 .text          0x000000000000039c        0x0 /shares/eslfiler1/apps/linux/Development/rv32imc//riscv32-unknown-elf/lib/libc_nano.a(lib_a-fstatr.o)
 .text          0x000000000000039c        0x0 /shares/eslfiler1/apps/linux/Development/rv32imc//riscv32-unknown-elf/lib/libc_nano.a(lib_a-isattyr.o)
 .text          0x000000000000039c        0x0 /shares/eslfiler1/apps/linux/Development/rv32imc//riscv32-unknown-elf/lib/libc_nano.a(lib_a-lseekr.o)
 .text          0x000000000000039c        0x0 /shares/eslfiler1/apps/linux/Development/rv32imc//riscv32-unknown-elf/lib/libc_nano.a(lib_a-mlock.o)
 .text          0x000000000000039c        0x0 /shares/eslfiler1/apps/linux/Development/rv32imc//riscv32-unknown-elf/lib/libc_nano.a(lib_a-readr.o)
 .text          0x000000000000039c       0x16 /shares/eslfiler1/apps/linux/Development/rv32imc//riscv32-unknown-elf/lib/libc_nano.a(lib_a-memcpy-asm.o)
                0x000000000000039c                memcpy
 .text          0x00000000000003b2        0x0 /shares/eslfiler1/apps/linux/Development/rv32imc//riscv32-unknown-elf/lib/libc_nano.a(lib_a-printf.o)
 .text          0x00000000000003b2        0x0 /shares/eslfiler1/apps/linux/Development/rv32imc//riscv32-unknown-elf/lib/libc_nano.a(lib_a-nano-vfprintf.o)
 .text          0x00000000000003b2        0x0 /shares/eslfiler1/apps/linux/Development/rv32imc//riscv32-unknown-elf/lib/libc_nano.a(lib_a-fvwrite.o)
 .text          0x00000000000003b2        0x0 /shares/eslfiler1/apps/linux/Development/rv32imc//riscv32-unknown-elf/lib/libc_nano.a(lib_a-memchr.o)
 .text          0x00000000000003b2       0x26 /shares/eslfiler1/apps/linux/Development/rv32imc//riscv32-unknown-elf/lib/libc_nano.a(lib_a-memmove.o)
                0x00000000000003b2                memmove
 .text          0x00000000000003d8        0x0 /shares/eslfiler1/apps/linux/Development/rv32imc//riscv32-unknown-elf/lib/libc_nano.a(lib_a-nano-reallocr.o)
 .text          0x00000000000003d8        0x0 /shares/eslfiler1/apps/linux/Development/rv32imc//riscv32-unknown-elf/lib/libc_nano.a(lib_a-nano-vfprintf_i.o)
 .text          0x00000000000003d8        0x0 /shares/eslfiler1/apps/linux/Development/rv32imc//riscv32-unknown-elf/lib/libc_nano.a(lib_a-nano-msizer.o)
 .text          0x00000000000003d8      0x39a /shares/eslfiler1/apps/linux/Development/rv32imc/lib/gcc/riscv32-unknown-elf/11.1.0/libgcc.a(_divdi3.o)
                0x00000000000003d8                __divdi3
 .text          0x0000000000000772      0x35a /shares/eslfiler1/apps/linux/Development/rv32imc/lib/gcc/riscv32-unknown-elf/11.1.0/libgcc.a(_udivdi3.o)
                0x0000000000000772                __udivdi3
 .text          0x0000000000000acc        0x0 /shares/eslfiler1/apps/linux/Development/rv32imc/lib/gcc/riscv32-unknown-elf/11.1.0/libgcc.a(_clz.o)
 *(.text*)
 .text.vecs     0x0000000000000acc       0x14 /tmp/ccN3uoTN.o
 .text.print_exc_msg
                0x0000000000000ae0       0x20 /tmp/ccoliXF4.ltrans0.ltrans.o
 .text.handler_instr_acc_fault
                0x0000000000000b00       0x16 /tmp/ccoliXF4.ltrans0.ltrans.o
 .text.handler_lsu_fault
                0x0000000000000b16       0x16 /tmp/ccoliXF4.ltrans0.ltrans.o
 .text.startup.main
                0x0000000000000b2c       0x2a /tmp/ccoliXF4.ltrans0.ltrans.o
                0x0000000000000b2c                main
 .text.init     0x0000000000000b56        0x4 /tmp/ccoliXF4.ltrans0.ltrans.o
                0x0000000000000b56                init
 .text._close   0x0000000000000b5a        0x4 /tmp/ccoliXF4.ltrans0.ltrans.o
                0x0000000000000b5a                _close
 .text._exit    0x0000000000000b5e       0x10 /tmp/ccoliXF4.ltrans0.ltrans.o
                0x0000000000000b5e                _exit
 .text._fstat   0x0000000000000b6e        0x8 /tmp/ccoliXF4.ltrans0.ltrans.o
                0x0000000000000b6e                _fstat
 .text._isatty  0x0000000000000b76        0x8 /tmp/ccoliXF4.ltrans0.ltrans.o
                0x0000000000000b76                _isatty
 .text._lseek   0x0000000000000b7e        0x4 /tmp/ccoliXF4.ltrans0.ltrans.o
                0x0000000000000b7e                _lseek
 .text._read    0x0000000000000b82        0x4 /tmp/ccoliXF4.ltrans0.ltrans.o
                0x0000000000000b82                _read
 .text._write   0x0000000000000b86       0xa4 /tmp/ccoliXF4.ltrans0.ltrans.o
                0x0000000000000b86                _write
 .text._sbrk    0x0000000000000c2a       0x30 /tmp/ccoliXF4.ltrans0.ltrans.o
                0x0000000000000c2a                _sbrk
 *fill*         0x0000000000000c5a        0x2 
 .text.handler_exception
                0x0000000000000c5c       0x6e /tmp/ccoliXF4.ltrans0.ltrans.o
                0x0000000000000c5c                handler_exception
 *fill*         0x0000000000000cca        0x2 
 .text.handler_irq_software
                0x0000000000000ccc       0x2e /tmp/ccoliXF4.ltrans0.ltrans.o
                0x0000000000000ccc                handler_irq_software
 *fill*         0x0000000000000cfa        0x2 
 .text.handler_irq_timer
                0x0000000000000cfc       0x2e /tmp/ccoliXF4.ltrans0.ltrans.o
                0x0000000000000cfc                handler_irq_timer
 *fill*         0x0000000000000d2a        0x2 
 .text.handler_irq_external
                0x0000000000000d2c       0x2e /tmp/ccoliXF4.ltrans0.ltrans.o
                0x0000000000000d2c                handler_irq_external
 *fill*         0x0000000000000d5a        0x2 
 .text.handler_irq_fast_timer_1
                0x0000000000000d5c       0x2e /tmp/ccoliXF4.ltrans0.ltrans.o
                0x0000000000000d5c                handler_irq_fast_timer_1
 *fill*         0x0000000000000d8a        0x2 
 .text.handler_irq_fast_timer_2
                0x0000000000000d8c       0x2e /tmp/ccoliXF4.ltrans0.ltrans.o
                0x0000000000000d8c                handler_irq_fast_timer_2
 *fill*         0x0000000000000dba        0x2 
 .text.handler_irq_fast_timer_3
                0x0000000000000dbc       0x2e /tmp/ccoliXF4.ltrans0.ltrans.o
                0x0000000000000dbc                handler_irq_fast_timer_3
 *fill*         0x0000000000000dea        0x2 
 .text.handler_irq_fast_dma
                0x0000000000000dec       0x2e /tmp/ccoliXF4.ltrans0.ltrans.o
                0x0000000000000dec                handler_irq_fast_dma
 *fill*         0x0000000000000e1a        0x2 
 .text.handler_irq_fast_spi
                0x0000000000000e1c       0x2e /tmp/ccoliXF4.ltrans0.ltrans.o
                0x0000000000000e1c                handler_irq_fast_spi
 *fill*         0x0000000000000e4a        0x2 
 .text.handler_irq_fast_spi_flash
                0x0000000000000e4c       0x2e /tmp/ccoliXF4.ltrans0.ltrans.o
                0x0000000000000e4c                handler_irq_fast_spi_flash
 *fill*         0x0000000000000e7a        0x2 
 .text.handler_irq_fast_gpio_0
                0x0000000000000e7c       0x2e /tmp/ccoliXF4.ltrans0.ltrans.o
                0x0000000000000e7c                handler_irq_fast_gpio_0
 *fill*         0x0000000000000eaa        0x2 
 .text.handler_irq_fast_gpio_1
                0x0000000000000eac       0x2e /tmp/ccoliXF4.ltrans0.ltrans.o
                0x0000000000000eac                handler_irq_fast_gpio_1
 *fill*         0x0000000000000eda        0x2 
 .text.handler_irq_fast_gpio_2
                0x0000000000000edc       0x2e /tmp/ccoliXF4.ltrans0.ltrans.o
                0x0000000000000edc                handler_irq_fast_gpio_2
 *fill*         0x0000000000000f0a        0x2 
 .text.handler_irq_fast_gpio_3
                0x0000000000000f0c       0x2e /tmp/ccoliXF4.ltrans0.ltrans.o
                0x0000000000000f0c                handler_irq_fast_gpio_3
 *fill*         0x0000000000000f3a        0x2 
 .text.handler_irq_fast_gpio_4
                0x0000000000000f3c       0x2e /tmp/ccoliXF4.ltrans0.ltrans.o
                0x0000000000000f3c                handler_irq_fast_gpio_4
 *fill*         0x0000000000000f6a        0x2 
 .text.handler_irq_fast_gpio_5
                0x0000000000000f6c       0x2e /tmp/ccoliXF4.ltrans0.ltrans.o
                0x0000000000000f6c                handler_irq_fast_gpio_5
 *fill*         0x0000000000000f9a        0x2 
 .text.handler_irq_fast_gpio_6
                0x0000000000000f9c       0x2e /tmp/ccoliXF4.ltrans0.ltrans.o
                0x0000000000000f9c                handler_irq_fast_gpio_6
 *fill*         0x0000000000000fca        0x2 
 .text.handler_irq_fast_gpio_7
                0x0000000000000fcc       0x2e /tmp/ccoliXF4.ltrans0.ltrans.o
                0x0000000000000fcc                handler_irq_fast_gpio_7
 .text.atexit   0x0000000000000ffa        0xa /shares/eslfiler1/apps/linux/Development/rv32imc//riscv32-unknown-elf/lib/libc_nano.a(lib_a-atexit.o)
                0x0000000000000ffa                atexit
 .text.exit     0x0000000000001004       0x24 /shares/eslfiler1/apps/linux/Development/rv32imc//riscv32-unknown-elf/lib/libc_nano.a(lib_a-exit.o)
                0x0000000000001004                exit
 .text.__libc_fini_array
                0x0000000000001028       0x32 /shares/eslfiler1/apps/linux/Development/rv32imc//riscv32-unknown-elf/lib/libc_nano.a(lib_a-fini.o)
                0x0000000000001028                __libc_fini_array
 .text.__libc_init_array
                0x000000000000105a       0x56 /shares/eslfiler1/apps/linux/Development/rv32imc//riscv32-unknown-elf/lib/libc_nano.a(lib_a-init.o)
                0x000000000000105a                __libc_init_array
 .text._puts_r  0x00000000000010b0       0xd8 /shares/eslfiler1/apps/linux/Development/rv32imc//riscv32-unknown-elf/lib/libc_nano.a(lib_a-puts.o)
                0x00000000000010b0                _puts_r
 .text.puts     0x0000000000001188        0xa /shares/eslfiler1/apps/linux/Development/rv32imc//riscv32-unknown-elf/lib/libc_nano.a(lib_a-puts.o)
                0x0000000000001188                puts
 .text.cleanup_glue
                0x0000000000001192       0x22 /shares/eslfiler1/apps/linux/Development/rv32imc//riscv32-unknown-elf/lib/libc_nano.a(lib_a-reent.o)
                0x0000000000001192                cleanup_glue
 .text._reclaim_reent
                0x00000000000011b4       0xd6 /shares/eslfiler1/apps/linux/Development/rv32imc//riscv32-unknown-elf/lib/libc_nano.a(lib_a-reent.o)
                0x00000000000011b4                _reclaim_reent
 .text.__swbuf_r
                0x000000000000128a       0xba /shares/eslfiler1/apps/linux/Development/rv32imc//riscv32-unknown-elf/lib/libc_nano.a(lib_a-wbuf.o)
                0x000000000000128a                __swbuf_r
 .text.__swbuf  0x0000000000001344        0xc /shares/eslfiler1/apps/linux/Development/rv32imc//riscv32-unknown-elf/lib/libc_nano.a(lib_a-wbuf.o)
                0x0000000000001344                __swbuf
 .text.__swsetup_r
                0x0000000000001350      0x104 /shares/eslfiler1/apps/linux/Development/rv32imc//riscv32-unknown-elf/lib/libc_nano.a(lib_a-wsetup.o)
                0x0000000000001350                __swsetup_r
 .text.__register_exitproc
                0x0000000000001454       0x80 /shares/eslfiler1/apps/linux/Development/rv32imc//riscv32-unknown-elf/lib/libc_nano.a(lib_a-__atexit.o)
                0x0000000000001454                __register_exitproc
 .text.__call_exitprocs
                0x00000000000014d4       0xc6 /shares/eslfiler1/apps/linux/Development/rv32imc//riscv32-unknown-elf/lib/libc_nano.a(lib_a-__call_atexit.o)
                0x00000000000014d4                __call_exitprocs
 .text.__sflush_r
                0x000000000000159a      0x146 /shares/eslfiler1/apps/linux/Development/rv32imc//riscv32-unknown-elf/lib/libc_nano.a(lib_a-fflush.o)
                0x000000000000159a                __sflush_r
 .text._fflush_r
                0x00000000000016e0       0x5e /shares/eslfiler1/apps/linux/Development/rv32imc//riscv32-unknown-elf/lib/libc_nano.a(lib_a-fflush.o)
                0x00000000000016e0                _fflush_r
 .text.fflush   0x000000000000173e       0x1a /shares/eslfiler1/apps/linux/Development/rv32imc//riscv32-unknown-elf/lib/libc_nano.a(lib_a-fflush.o)
                0x000000000000173e                fflush
 .text.__fp_lock
                0x0000000000001758        0x4 /shares/eslfiler1/apps/linux/Development/rv32imc//riscv32-unknown-elf/lib/libc_nano.a(lib_a-findfp.o)
 .text.std      0x000000000000175c       0x62 /shares/eslfiler1/apps/linux/Development/rv32imc//riscv32-unknown-elf/lib/libc_nano.a(lib_a-findfp.o)
 .text._cleanup_r
                0x00000000000017be        0x8 /shares/eslfiler1/apps/linux/Development/rv32imc//riscv32-unknown-elf/lib/libc_nano.a(lib_a-findfp.o)
                0x00000000000017be                _cleanup_r
 .text.__fp_unlock
                0x00000000000017c6        0x4 /shares/eslfiler1/apps/linux/Development/rv32imc//riscv32-unknown-elf/lib/libc_nano.a(lib_a-findfp.o)
 .text.__sfmoreglue
                0x00000000000017ca       0x46 /shares/eslfiler1/apps/linux/Development/rv32imc//riscv32-unknown-elf/lib/libc_nano.a(lib_a-findfp.o)
                0x00000000000017ca                __sfmoreglue
 .text._cleanup
                0x0000000000001810        0x8 /shares/eslfiler1/apps/linux/Development/rv32imc//riscv32-unknown-elf/lib/libc_nano.a(lib_a-findfp.o)
                0x0000000000001810                _cleanup
 .text.__sinit  0x0000000000001818       0x66 /shares/eslfiler1/apps/linux/Development/rv32imc//riscv32-unknown-elf/lib/libc_nano.a(lib_a-findfp.o)
                0x0000000000001818                __sinit
 .text.__sfp    0x000000000000187e       0x9c /shares/eslfiler1/apps/linux/Development/rv32imc//riscv32-unknown-elf/lib/libc_nano.a(lib_a-findfp.o)
                0x000000000000187e                __sfp
 .text.__sfp_lock_acquire
                0x000000000000191a        0x2 /shares/eslfiler1/apps/linux/Development/rv32imc//riscv32-unknown-elf/lib/libc_nano.a(lib_a-findfp.o)
                0x000000000000191a                __sfp_lock_acquire
 .text.__sfp_lock_release
                0x000000000000191c        0x2 /shares/eslfiler1/apps/linux/Development/rv32imc//riscv32-unknown-elf/lib/libc_nano.a(lib_a-findfp.o)
                0x000000000000191c                __sfp_lock_release
 .text.__sinit_lock_acquire
                0x000000000000191e        0x2 /shares/eslfiler1/apps/linux/Development/rv32imc//riscv32-unknown-elf/lib/libc_nano.a(lib_a-findfp.o)
                0x000000000000191e                __sinit_lock_acquire
 .text.__sinit_lock_release
                0x0000000000001920        0x2 /shares/eslfiler1/apps/linux/Development/rv32imc//riscv32-unknown-elf/lib/libc_nano.a(lib_a-findfp.o)
                0x0000000000001920                __sinit_lock_release
 .text.__fp_lock_all
                0x0000000000001922        0xe /shares/eslfiler1/apps/linux/Development/rv32imc//riscv32-unknown-elf/lib/libc_nano.a(lib_a-findfp.o)
                0x0000000000001922                __fp_lock_all
 .text.__fp_unlock_all
                0x0000000000001930        0xe /shares/eslfiler1/apps/linux/Development/rv32imc//riscv32-unknown-elf/lib/libc_nano.a(lib_a-findfp.o)
                0x0000000000001930                __fp_unlock_all
 .text._fwalk   0x000000000000193e       0x62 /shares/eslfiler1/apps/linux/Development/rv32imc//riscv32-unknown-elf/lib/libc_nano.a(lib_a-fwalk.o)
                0x000000000000193e                _fwalk
 .text._fwalk_reent
                0x00000000000019a0       0x6a /shares/eslfiler1/apps/linux/Development/rv32imc//riscv32-unknown-elf/lib/libc_nano.a(lib_a-fwalk.o)
                0x00000000000019a0                _fwalk_reent
 .text.__swhatbuf_r
                0x0000000000001a0a       0x5c /shares/eslfiler1/apps/linux/Development/rv32imc//riscv32-unknown-elf/lib/libc_nano.a(lib_a-makebuf.o)
                0x0000000000001a0a                __swhatbuf_r
 .text.__smakebuf_r
                0x0000000000001a66       0x9a /shares/eslfiler1/apps/linux/Development/rv32imc//riscv32-unknown-elf/lib/libc_nano.a(lib_a-makebuf.o)
                0x0000000000001a66                __smakebuf_r
 .text._free_r  0x0000000000001b00       0xa0 /shares/eslfiler1/apps/linux/Development/rv32imc//riscv32-unknown-elf/lib/libc_nano.a(lib_a-nano-freer.o)
                0x0000000000001b00                _free_r
 .text._malloc_r
                0x0000000000001ba0       0xd8 /shares/eslfiler1/apps/linux/Development/rv32imc//riscv32-unknown-elf/lib/libc_nano.a(lib_a-nano-mallocr.o)
                0x0000000000001ba0                _malloc_r
 .text._sbrk_r  0x0000000000001c78       0x2e /shares/eslfiler1/apps/linux/Development/rv32imc//riscv32-unknown-elf/lib/libc_nano.a(lib_a-sbrkr.o)
                0x0000000000001c78                _sbrk_r
 .text.__sread  0x0000000000001ca6       0x30 /shares/eslfiler1/apps/linux/Development/rv32imc//riscv32-unknown-elf/lib/libc_nano.a(lib_a-stdio.o)
                0x0000000000001ca6                __sread
 .text.__seofread
                0x0000000000001cd6        0x4 /shares/eslfiler1/apps/linux/Development/rv32imc//riscv32-unknown-elf/lib/libc_nano.a(lib_a-stdio.o)
                0x0000000000001cd6                __seofread
 .text.__swrite
                0x0000000000001cda       0x4e /shares/eslfiler1/apps/linux/Development/rv32imc//riscv32-unknown-elf/lib/libc_nano.a(lib_a-stdio.o)
                0x0000000000001cda                __swrite
 .text.__sseek  0x0000000000001d28       0x36 /shares/eslfiler1/apps/linux/Development/rv32imc//riscv32-unknown-elf/lib/libc_nano.a(lib_a-stdio.o)
                0x0000000000001d28                __sseek
 .text.__sclose
                0x0000000000001d5e        0x6 /shares/eslfiler1/apps/linux/Development/rv32imc//riscv32-unknown-elf/lib/libc_nano.a(lib_a-stdio.o)
                0x0000000000001d5e                __sclose
 .text._write_r
                0x0000000000001d64       0x32 /shares/eslfiler1/apps/linux/Development/rv32imc//riscv32-unknown-elf/lib/libc_nano.a(lib_a-writer.o)
                0x0000000000001d64                _write_r
 .text._close_r
                0x0000000000001d96       0x2e /shares/eslfiler1/apps/linux/Development/rv32imc//riscv32-unknown-elf/lib/libc_nano.a(lib_a-closer.o)
                0x0000000000001d96                _close_r
 .text._fstat_r
                0x0000000000001dc4       0x30 /shares/eslfiler1/apps/linux/Development/rv32imc//riscv32-unknown-elf/lib/libc_nano.a(lib_a-fstatr.o)
                0x0000000000001dc4                _fstat_r
 .text._isatty_r
                0x0000000000001df4       0x2e /shares/eslfiler1/apps/linux/Development/rv32imc//riscv32-unknown-elf/lib/libc_nano.a(lib_a-isattyr.o)
                0x0000000000001df4                _isatty_r
 .text._lseek_r
                0x0000000000001e22       0x32 /shares/eslfiler1/apps/linux/Development/rv32imc//riscv32-unknown-elf/lib/libc_nano.a(lib_a-lseekr.o)
                0x0000000000001e22                _lseek_r
 .text.__malloc_lock
                0x0000000000001e54        0x2 /shares/eslfiler1/apps/linux/Development/rv32imc//riscv32-unknown-elf/lib/libc_nano.a(lib_a-mlock.o)
                0x0000000000001e54                __malloc_lock
 .text.__malloc_unlock
                0x0000000000001e56        0x2 /shares/eslfiler1/apps/linux/Development/rv32imc//riscv32-unknown-elf/lib/libc_nano.a(lib_a-mlock.o)
                0x0000000000001e56                __malloc_unlock
 .text._read_r  0x0000000000001e58       0x32 /shares/eslfiler1/apps/linux/Development/rv32imc//riscv32-unknown-elf/lib/libc_nano.a(lib_a-readr.o)
                0x0000000000001e58                _read_r
 .text._printf_r
                0x0000000000001e8a       0x38 /shares/eslfiler1/apps/linux/Development/rv32imc//riscv32-unknown-elf/lib/libc_nano.a(lib_a-printf.o)
                0x0000000000001e8a                _printf_r
                0x0000000000001e8a                _iprintf_r
 .text.printf   0x0000000000001ec2       0x3c /shares/eslfiler1/apps/linux/Development/rv32imc//riscv32-unknown-elf/lib/libc_nano.a(lib_a-printf.o)
                0x0000000000001ec2                printf
                0x0000000000001ec2                iprintf
 .text.__sfputc_r
                0x0000000000001efe       0x2a /shares/eslfiler1/apps/linux/Development/rv32imc//riscv32-unknown-elf/lib/libc_nano.a(lib_a-nano-vfprintf.o)
 .text.__sfputs_r
                0x0000000000001f28       0x42 /shares/eslfiler1/apps/linux/Development/rv32imc//riscv32-unknown-elf/lib/libc_nano.a(lib_a-nano-vfprintf.o)
                0x0000000000001f28                __sfputs_r
 .text.__sprint_r
                0x0000000000001f6a       0x22 /shares/eslfiler1/apps/linux/Development/rv32imc//riscv32-unknown-elf/lib/libc_nano.a(lib_a-nano-vfprintf.o)
                0x0000000000001f6a                __sprint_r
 .text._vfprintf_r
                0x0000000000001f8c      0x292 /shares/eslfiler1/apps/linux/Development/rv32imc//riscv32-unknown-elf/lib/libc_nano.a(lib_a-nano-vfprintf.o)
                0x0000000000001f8c                _vfiprintf_r
                0x0000000000001f8c                _vfprintf_r
 .text.vfprintf
                0x000000000000221e        0xe /shares/eslfiler1/apps/linux/Development/rv32imc//riscv32-unknown-elf/lib/libc_nano.a(lib_a-nano-vfprintf.o)
                0x000000000000221e                vfiprintf
                0x000000000000221e                vfprintf
 .text.__sfvwrite_r
                0x000000000000222c      0x2d4 /shares/eslfiler1/apps/linux/Development/rv32imc//riscv32-unknown-elf/lib/libc_nano.a(lib_a-fvwrite.o)
                0x000000000000222c                __sfvwrite_r
 .text.memchr   0x0000000000002500       0x1a /shares/eslfiler1/apps/linux/Development/rv32imc//riscv32-unknown-elf/lib/libc_nano.a(lib_a-memchr.o)
                0x0000000000002500                memchr
 .text._realloc_r
                0x000000000000251a       0x7c /shares/eslfiler1/apps/linux/Development/rv32imc//riscv32-unknown-elf/lib/libc_nano.a(lib_a-nano-reallocr.o)
                0x000000000000251a                _realloc_r
 .text._printf_common
                0x0000000000002596      0x110 /shares/eslfiler1/apps/linux/Development/rv32imc//riscv32-unknown-elf/lib/libc_nano.a(lib_a-nano-vfprintf_i.o)
                0x0000000000002596                _printf_common
 .text._printf_i
                0x00000000000026a6      0x258 /shares/eslfiler1/apps/linux/Development/rv32imc//riscv32-unknown-elf/lib/libc_nano.a(lib_a-nano-vfprintf_i.o)
                0x00000000000026a6                _printf_i
 .text._malloc_usable_size_r
                0x00000000000028fe       0x14 /shares/eslfiler1/apps/linux/Development/rv32imc//riscv32-unknown-elf/lib/libc_nano.a(lib_a-nano-msizer.o)
                0x00000000000028fe                _malloc_usable_size_r
 *(.rodata)
 .rodata        0x0000000000002912       0x20 /tmp/ccN3uoTN.o
 *fill*         0x0000000000002932        0x2 
 .rodata        0x0000000000002934      0x100 /shares/eslfiler1/apps/linux/Development/rv32imc/lib/gcc/riscv32-unknown-elf/11.1.0/libgcc.a(_clz.o)
                0x0000000000002934                __clz_tab
 *(.rodata*)
 .rodata.print_exc_msg.str1.4
                0x0000000000002a34       0x19 /tmp/ccoliXF4.ltrans0.ltrans.o
 *fill*         0x0000000000002a4d        0x3 
 .rodata.handler_instr_acc_fault.str1.4
                0x0000000000002a50       0x35 /tmp/ccoliXF4.ltrans0.ltrans.o
 *fill*         0x0000000000002a85        0x3 
 .rodata.handler_lsu_fault.str1.4
                0x0000000000002a88       0x31 /tmp/ccoliXF4.ltrans0.ltrans.o
 *fill*         0x0000000000002ab9        0x3 
 .rodata.handler_exception.str1.4
                0x0000000000002abc       0x95 /tmp/ccoliXF4.ltrans0.ltrans.o
 *fill*         0x0000000000002b51        0x3 
 .rodata.handler_exception
                0x0000000000002b54       0x30 /tmp/ccoliXF4.ltrans0.ltrans.o
 .rodata.handler_irq_software.str1.4
                0x0000000000002b84       0x18 /tmp/ccoliXF4.ltrans0.ltrans.o
 .rodata.handler_irq_timer.str1.4
                0x0000000000002b9c       0x15 /tmp/ccoliXF4.ltrans0.ltrans.o
 *fill*         0x0000000000002bb1        0x3 
 .rodata.handler_irq_external.str1.4
                0x0000000000002bb4       0x18 /tmp/ccoliXF4.ltrans0.ltrans.o
 .rodata.handler_irq_fast_timer_1.str1.4
                0x0000000000002bcc       0x1c /tmp/ccoliXF4.ltrans0.ltrans.o
 .rodata.handler_irq_fast_timer_2.str1.4
                0x0000000000002be8       0x1c /tmp/ccoliXF4.ltrans0.ltrans.o
 .rodata.handler_irq_fast_timer_3.str1.4
                0x0000000000002c04       0x1c /tmp/ccoliXF4.ltrans0.ltrans.o
 .rodata.handler_irq_fast_dma.str1.4
                0x0000000000002c20       0x18 /tmp/ccoliXF4.ltrans0.ltrans.o
 .rodata.handler_irq_fast_spi.str1.4
                0x0000000000002c38       0x18 /tmp/ccoliXF4.ltrans0.ltrans.o
 .rodata.handler_irq_fast_spi_flash.str1.4
                0x0000000000002c50       0x1e /tmp/ccoliXF4.ltrans0.ltrans.o
 *fill*         0x0000000000002c6e        0x2 
 .rodata.handler_irq_fast_gpio_0.str1.4
                0x0000000000002c70       0x1b /tmp/ccoliXF4.ltrans0.ltrans.o
 *fill*         0x0000000000002c8b        0x1 
 .rodata.handler_irq_fast_gpio_1.str1.4
                0x0000000000002c8c       0x1b /tmp/ccoliXF4.ltrans0.ltrans.o
 *fill*         0x0000000000002ca7        0x1 
 .rodata.handler_irq_fast_gpio_2.str1.4
                0x0000000000002ca8       0x1b /tmp/ccoliXF4.ltrans0.ltrans.o
 *fill*         0x0000000000002cc3        0x1 
 .rodata.handler_irq_fast_gpio_3.str1.4
                0x0000000000002cc4       0x1b /tmp/ccoliXF4.ltrans0.ltrans.o
 *fill*         0x0000000000002cdf        0x1 
 .rodata.handler_irq_fast_gpio_4.str1.4
                0x0000000000002ce0       0x1b /tmp/ccoliXF4.ltrans0.ltrans.o
 *fill*         0x0000000000002cfb        0x1 
 .rodata.handler_irq_fast_gpio_5.str1.4
                0x0000000000002cfc       0x1b /tmp/ccoliXF4.ltrans0.ltrans.o
 *fill*         0x0000000000002d17        0x1 
 .rodata.handler_irq_fast_gpio_6.str1.4
                0x0000000000002d18       0x1b /tmp/ccoliXF4.ltrans0.ltrans.o
 *fill*         0x0000000000002d33        0x1 
 .rodata.handler_irq_fast_gpio_7.str1.4
                0x0000000000002d34       0x1b /tmp/ccoliXF4.ltrans0.ltrans.o
 *fill*         0x0000000000002d4f        0x1 
 .rodata.__sf_fake_stderr
                0x0000000000002d50       0x20 /shares/eslfiler1/apps/linux/Development/rv32imc//riscv32-unknown-elf/lib/libc_nano.a(lib_a-findfp.o)
                0x0000000000002d50                __sf_fake_stderr
 .rodata.__sf_fake_stdin
                0x0000000000002d70       0x20 /shares/eslfiler1/apps/linux/Development/rv32imc//riscv32-unknown-elf/lib/libc_nano.a(lib_a-findfp.o)
                0x0000000000002d70                __sf_fake_stdin
 .rodata.__sf_fake_stdout
                0x0000000000002d90       0x20 /shares/eslfiler1/apps/linux/Development/rv32imc//riscv32-unknown-elf/lib/libc_nano.a(lib_a-findfp.o)
                0x0000000000002d90                __sf_fake_stdout
 .rodata._vfprintf_r.str1.4
                0x0000000000002db0       0x13 /shares/eslfiler1/apps/linux/Development/rv32imc//riscv32-unknown-elf/lib/libc_nano.a(lib_a-nano-vfprintf.o)
 *fill*         0x0000000000002dc3        0x1 
 .rodata._printf_i.str1.4
                0x0000000000002dc4       0x25 /shares/eslfiler1/apps/linux/Development/rv32imc//riscv32-unknown-elf/lib/libc_nano.a(lib_a-nano-vfprintf_i.o)
 *fill*         0x0000000000002de9        0x3 
 .rodata._printf_i
                0x0000000000002dec       0x58 /shares/eslfiler1/apps/linux/Development/rv32imc//riscv32-unknown-elf/lib/libc_nano.a(lib_a-nano-vfprintf_i.o)
 *(.srodata)
 *(.srodata*)
 .srodata._global_impure_ptr
                0x0000000000002e44        0x4 /shares/eslfiler1/apps/linux/Development/rv32imc//riscv32-unknown-elf/lib/libc_nano.a(lib_a-impure.o)
                0x0000000000002e44                _global_impure_ptr
                0x0000000000002e48                . = ALIGN (0x4)
                0x0000000000002e48                _etext = .

.eh_frame       0x0000000000002e48       0x3c load address 0x0000000040002e48
 .eh_frame      0x0000000000002e48       0x28 /shares/eslfiler1/apps/linux/Development/rv32imc/lib/gcc/riscv32-unknown-elf/11.1.0/libgcc.a(_divdi3.o)
 .eh_frame      0x0000000000002e70       0x14 /shares/eslfiler1/apps/linux/Development/rv32imc/lib/gcc/riscv32-unknown-elf/11.1.0/libgcc.a(_udivdi3.o)
                                         0x28 (size before relaxing)

.rela.dyn       0x0000000000002e84        0x0 load address 0x0000000040002e84
 .rela.text.start
                0x0000000000002e84        0x0 /tmp/ccD941U0.o
 .rela.text.__libc_fini_array
                0x0000000000002e84        0x0 /tmp/ccD941U0.o
 .rela.text.__libc_init_array
                0x0000000000002e84        0x0 /tmp/ccD941U0.o
 .rela.text.__register_exitproc
                0x0000000000002e84        0x0 /tmp/ccD941U0.o
 .rela.text._sbrk
                0x0000000000002e84        0x0 /tmp/ccD941U0.o
 .rela.sdata.brk
                0x0000000000002e84        0x0 /tmp/ccD941U0.o
 .rela.text._vfprintf_r
                0x0000000000002e84        0x0 /tmp/ccD941U0.o

.data           0x0000000000002e84       0x6c load address 0x0000000040002e84
                0x0000000000002e84                . = ALIGN (0x4)
                0x0000000040002e84                _sidata = LOADADDR (.data)
                0x0000000000002e84                _sdata = .
                0x0000000000002e84                _ram_start = .
                0x0000000000002e84                . = ALIGN (0x4)
                0x0000000000002e84                __DATA_BEGIN__ = .
 *(.data)
 .data          0x0000000000002e84        0x0 /tmp/ccD941U0.o
 .data          0x0000000000002e84        0x0 /tmp/ccN3uoTN.o
 .data          0x0000000000002e84        0x0 /tmp/ccoliXF4.ltrans0.ltrans.o
 .data          0x0000000000002e84        0x0 /shares/eslfiler1/apps/linux/Development/rv32imc//riscv32-unknown-elf/lib/libc_nano.a(lib_a-atexit.o)
 .data          0x0000000000002e84        0x0 /shares/eslfiler1/apps/linux/Development/rv32imc//riscv32-unknown-elf/lib/libc_nano.a(lib_a-exit.o)
 .data          0x0000000000002e84        0x0 /shares/eslfiler1/apps/linux/Development/rv32imc//riscv32-unknown-elf/lib/libc_nano.a(lib_a-fini.o)
 .data          0x0000000000002e84        0x0 /shares/eslfiler1/apps/linux/Development/rv32imc//riscv32-unknown-elf/lib/libc_nano.a(lib_a-impure.o)
 .data          0x0000000000002e84        0x0 /shares/eslfiler1/apps/linux/Development/rv32imc//riscv32-unknown-elf/lib/libc_nano.a(lib_a-init.o)
 .data          0x0000000000002e84        0x0 /shares/eslfiler1/apps/linux/Development/rv32imc//riscv32-unknown-elf/lib/libc_nano.a(lib_a-memset.o)
 .data          0x0000000000002e84        0x0 /shares/eslfiler1/apps/linux/Development/rv32imc//riscv32-unknown-elf/lib/libc_nano.a(lib_a-puts.o)
 .data          0x0000000000002e84        0x0 /shares/eslfiler1/apps/linux/Development/rv32imc//riscv32-unknown-elf/lib/libc_nano.a(lib_a-reent.o)
 .data          0x0000000000002e84        0x0 /shares/eslfiler1/apps/linux/Development/rv32imc//riscv32-unknown-elf/lib/libc_nano.a(lib_a-wbuf.o)
 .data          0x0000000000002e84        0x0 /shares/eslfiler1/apps/linux/Development/rv32imc//riscv32-unknown-elf/lib/libc_nano.a(lib_a-wsetup.o)
 .data          0x0000000000002e84        0x0 /shares/eslfiler1/apps/linux/Development/rv32imc//riscv32-unknown-elf/lib/libc_nano.a(lib_a-__atexit.o)
 .data          0x0000000000002e84        0x0 /shares/eslfiler1/apps/linux/Development/rv32imc//riscv32-unknown-elf/lib/libc_nano.a(lib_a-__call_atexit.o)
 .data          0x0000000000002e84        0x0 /shares/eslfiler1/apps/linux/Development/rv32imc//riscv32-unknown-elf/lib/libc_nano.a(lib_a-fflush.o)
 .data          0x0000000000002e84        0x0 /shares/eslfiler1/apps/linux/Development/rv32imc//riscv32-unknown-elf/lib/libc_nano.a(lib_a-findfp.o)
 .data          0x0000000000002e84        0x0 /shares/eslfiler1/apps/linux/Development/rv32imc//riscv32-unknown-elf/lib/libc_nano.a(lib_a-fwalk.o)
 .data          0x0000000000002e84        0x0 /shares/eslfiler1/apps/linux/Development/rv32imc//riscv32-unknown-elf/lib/libc_nano.a(lib_a-makebuf.o)
 .data          0x0000000000002e84        0x0 /shares/eslfiler1/apps/linux/Development/rv32imc//riscv32-unknown-elf/lib/libc_nano.a(lib_a-nano-freer.o)
 .data          0x0000000000002e84        0x0 /shares/eslfiler1/apps/linux/Development/rv32imc//riscv32-unknown-elf/lib/libc_nano.a(lib_a-nano-mallocr.o)
 .data          0x0000000000002e84        0x0 /shares/eslfiler1/apps/linux/Development/rv32imc//riscv32-unknown-elf/lib/libc_nano.a(lib_a-sbrkr.o)
 .data          0x0000000000002e84        0x0 /shares/eslfiler1/apps/linux/Development/rv32imc//riscv32-unknown-elf/lib/libc_nano.a(lib_a-stdio.o)
 .data          0x0000000000002e84        0x0 /shares/eslfiler1/apps/linux/Development/rv32imc//riscv32-unknown-elf/lib/libc_nano.a(lib_a-writer.o)
 .data          0x0000000000002e84        0x0 /shares/eslfiler1/apps/linux/Development/rv32imc//riscv32-unknown-elf/lib/libc_nano.a(lib_a-closer.o)
 .data          0x0000000000002e84        0x0 /shares/eslfiler1/apps/linux/Development/rv32imc//riscv32-unknown-elf/lib/libc_nano.a(lib_a-fstatr.o)
 .data          0x0000000000002e84        0x0 /shares/eslfiler1/apps/linux/Development/rv32imc//riscv32-unknown-elf/lib/libc_nano.a(lib_a-isattyr.o)
 .data          0x0000000000002e84        0x0 /shares/eslfiler1/apps/linux/Development/rv32imc//riscv32-unknown-elf/lib/libc_nano.a(lib_a-lseekr.o)
 .data          0x0000000000002e84        0x0 /shares/eslfiler1/apps/linux/Development/rv32imc//riscv32-unknown-elf/lib/libc_nano.a(lib_a-mlock.o)
 .data          0x0000000000002e84        0x0 /shares/eslfiler1/apps/linux/Development/rv32imc//riscv32-unknown-elf/lib/libc_nano.a(lib_a-readr.o)
 .data          0x0000000000002e84        0x0 /shares/eslfiler1/apps/linux/Development/rv32imc//riscv32-unknown-elf/lib/libc_nano.a(lib_a-memcpy-asm.o)
 .data          0x0000000000002e84        0x0 /shares/eslfiler1/apps/linux/Development/rv32imc//riscv32-unknown-elf/lib/libc_nano.a(lib_a-printf.o)
 .data          0x0000000000002e84        0x0 /shares/eslfiler1/apps/linux/Development/rv32imc//riscv32-unknown-elf/lib/libc_nano.a(lib_a-nano-vfprintf.o)
 .data          0x0000000000002e84        0x0 /shares/eslfiler1/apps/linux/Development/rv32imc//riscv32-unknown-elf/lib/libc_nano.a(lib_a-fvwrite.o)
 .data          0x0000000000002e84        0x0 /shares/eslfiler1/apps/linux/Development/rv32imc//riscv32-unknown-elf/lib/libc_nano.a(lib_a-memchr.o)
 .data          0x0000000000002e84        0x0 /shares/eslfiler1/apps/linux/Development/rv32imc//riscv32-unknown-elf/lib/libc_nano.a(lib_a-memmove.o)
 .data          0x0000000000002e84        0x0 /shares/eslfiler1/apps/linux/Development/rv32imc//riscv32-unknown-elf/lib/libc_nano.a(lib_a-nano-reallocr.o)
 .data          0x0000000000002e84        0x0 /shares/eslfiler1/apps/linux/Development/rv32imc//riscv32-unknown-elf/lib/libc_nano.a(lib_a-nano-vfprintf_i.o)
 .data          0x0000000000002e84        0x0 /shares/eslfiler1/apps/linux/Development/rv32imc//riscv32-unknown-elf/lib/libc_nano.a(lib_a-nano-msizer.o)
 .data          0x0000000000002e84        0x0 /shares/eslfiler1/apps/linux/Development/rv32imc/lib/gcc/riscv32-unknown-elf/11.1.0/libgcc.a(_divdi3.o)
 .data          0x0000000000002e84        0x0 /shares/eslfiler1/apps/linux/Development/rv32imc/lib/gcc/riscv32-unknown-elf/11.1.0/libgcc.a(_udivdi3.o)
 .data          0x0000000000002e84        0x0 /shares/eslfiler1/apps/linux/Development/rv32imc/lib/gcc/riscv32-unknown-elf/11.1.0/libgcc.a(_clz.o)
 *(.data*)
 .data.impure_data
                0x0000000000002e84       0x60 /shares/eslfiler1/apps/linux/Development/rv32imc//riscv32-unknown-elf/lib/libc_nano.a(lib_a-impure.o)
                0x0000000000002ee4                __SDATA_BEGIN__ = .
 *(.sdata)
 *(.sdata*)
 .sdata.brk     0x0000000000002ee4        0x4 /tmp/ccoliXF4.ltrans0.ltrans.o
 .sdata._impure_ptr
                0x0000000000002ee8        0x4 /shares/eslfiler1/apps/linux/Development/rv32imc//riscv32-unknown-elf/lib/libc_nano.a(lib_a-impure.o)
                0x0000000000002ee8                _impure_ptr
 .sdata.__atexit_dummy
                0x0000000000002eec        0x4 /shares/eslfiler1/apps/linux/Development/rv32imc//riscv32-unknown-elf/lib/libc_nano.a(lib_a-__atexit.o)
                0x0000000000002eec                __atexit_dummy
                0x0000000000002ef0                . = ALIGN (0x4)
                0x0000000000002ef0                _edata = .

.power_manager  0x0000000000003000      0x100 load address 0x0000000040003000
                [!provide]                        PROVIDE (__power_manager_start = .)
                0x0000000000003100                . = (. + 0x100)
 *fill*         0x0000000000003000      0x100 

.bss            0x0000000000003100       0xa0 load address 0x0000000040002ef0
                0x0000000000003100                . = ALIGN (0x4)
                0x0000000000003100                _sbss = .
 *(.bss)
 .bss           0x0000000000003100        0x0 /tmp/ccD941U0.o
 .bss           0x0000000000003100        0x0 /tmp/ccN3uoTN.o
 .bss           0x0000000000003100        0x0 /tmp/ccoliXF4.ltrans0.ltrans.o
 .bss           0x0000000000003100        0x0 /shares/eslfiler1/apps/linux/Development/rv32imc//riscv32-unknown-elf/lib/libc_nano.a(lib_a-atexit.o)
 .bss           0x0000000000003100        0x0 /shares/eslfiler1/apps/linux/Development/rv32imc//riscv32-unknown-elf/lib/libc_nano.a(lib_a-exit.o)
 .bss           0x0000000000003100        0x0 /shares/eslfiler1/apps/linux/Development/rv32imc//riscv32-unknown-elf/lib/libc_nano.a(lib_a-fini.o)
 .bss           0x0000000000003100        0x0 /shares/eslfiler1/apps/linux/Development/rv32imc//riscv32-unknown-elf/lib/libc_nano.a(lib_a-impure.o)
 .bss           0x0000000000003100        0x0 /shares/eslfiler1/apps/linux/Development/rv32imc//riscv32-unknown-elf/lib/libc_nano.a(lib_a-init.o)
 .bss           0x0000000000003100        0x0 /shares/eslfiler1/apps/linux/Development/rv32imc//riscv32-unknown-elf/lib/libc_nano.a(lib_a-memset.o)
 .bss           0x0000000000003100        0x0 /shares/eslfiler1/apps/linux/Development/rv32imc//riscv32-unknown-elf/lib/libc_nano.a(lib_a-puts.o)
 .bss           0x0000000000003100        0x0 /shares/eslfiler1/apps/linux/Development/rv32imc//riscv32-unknown-elf/lib/libc_nano.a(lib_a-reent.o)
 .bss           0x0000000000003100        0x0 /shares/eslfiler1/apps/linux/Development/rv32imc//riscv32-unknown-elf/lib/libc_nano.a(lib_a-wbuf.o)
 .bss           0x0000000000003100        0x0 /shares/eslfiler1/apps/linux/Development/rv32imc//riscv32-unknown-elf/lib/libc_nano.a(lib_a-wsetup.o)
 .bss           0x0000000000003100        0x0 /shares/eslfiler1/apps/linux/Development/rv32imc//riscv32-unknown-elf/lib/libc_nano.a(lib_a-__atexit.o)
 .bss           0x0000000000003100        0x0 /shares/eslfiler1/apps/linux/Development/rv32imc//riscv32-unknown-elf/lib/libc_nano.a(lib_a-__call_atexit.o)
 .bss           0x0000000000003100        0x0 /shares/eslfiler1/apps/linux/Development/rv32imc//riscv32-unknown-elf/lib/libc_nano.a(lib_a-fflush.o)
 .bss           0x0000000000003100        0x0 /shares/eslfiler1/apps/linux/Development/rv32imc//riscv32-unknown-elf/lib/libc_nano.a(lib_a-findfp.o)
 .bss           0x0000000000003100        0x0 /shares/eslfiler1/apps/linux/Development/rv32imc//riscv32-unknown-elf/lib/libc_nano.a(lib_a-fwalk.o)
 .bss           0x0000000000003100        0x0 /shares/eslfiler1/apps/linux/Development/rv32imc//riscv32-unknown-elf/lib/libc_nano.a(lib_a-makebuf.o)
 .bss           0x0000000000003100        0x0 /shares/eslfiler1/apps/linux/Development/rv32imc//riscv32-unknown-elf/lib/libc_nano.a(lib_a-nano-freer.o)
 .bss           0x0000000000003100        0x0 /shares/eslfiler1/apps/linux/Development/rv32imc//riscv32-unknown-elf/lib/libc_nano.a(lib_a-nano-mallocr.o)
 .bss           0x0000000000003100        0x0 /shares/eslfiler1/apps/linux/Development/rv32imc//riscv32-unknown-elf/lib/libc_nano.a(lib_a-sbrkr.o)
 .bss           0x0000000000003100        0x0 /shares/eslfiler1/apps/linux/Development/rv32imc//riscv32-unknown-elf/lib/libc_nano.a(lib_a-stdio.o)
 .bss           0x0000000000003100        0x0 /shares/eslfiler1/apps/linux/Development/rv32imc//riscv32-unknown-elf/lib/libc_nano.a(lib_a-writer.o)
 .bss           0x0000000000003100        0x0 /shares/eslfiler1/apps/linux/Development/rv32imc//riscv32-unknown-elf/lib/libc_nano.a(lib_a-closer.o)
 .bss           0x0000000000003100        0x0 /shares/eslfiler1/apps/linux/Development/rv32imc//riscv32-unknown-elf/lib/libc_nano.a(lib_a-fstatr.o)
 .bss           0x0000000000003100        0x0 /shares/eslfiler1/apps/linux/Development/rv32imc//riscv32-unknown-elf/lib/libc_nano.a(lib_a-isattyr.o)
 .bss           0x0000000000003100        0x0 /shares/eslfiler1/apps/linux/Development/rv32imc//riscv32-unknown-elf/lib/libc_nano.a(lib_a-lseekr.o)
 .bss           0x0000000000003100        0x0 /shares/eslfiler1/apps/linux/Development/rv32imc//riscv32-unknown-elf/lib/libc_nano.a(lib_a-mlock.o)
 .bss           0x0000000000003100        0x0 /shares/eslfiler1/apps/linux/Development/rv32imc//riscv32-unknown-elf/lib/libc_nano.a(lib_a-readr.o)
 .bss           0x0000000000003100        0x0 /shares/eslfiler1/apps/linux/Development/rv32imc//riscv32-unknown-elf/lib/libc_nano.a(lib_a-memcpy-asm.o)
 .bss           0x0000000000003100        0x0 /shares/eslfiler1/apps/linux/Development/rv32imc//riscv32-unknown-elf/lib/libc_nano.a(lib_a-printf.o)
 .bss           0x0000000000003100        0x0 /shares/eslfiler1/apps/linux/Development/rv32imc//riscv32-unknown-elf/lib/libc_nano.a(lib_a-nano-vfprintf.o)
 .bss           0x0000000000003100        0x0 /shares/eslfiler1/apps/linux/Development/rv32imc//riscv32-unknown-elf/lib/libc_nano.a(lib_a-fvwrite.o)
 .bss           0x0000000000003100        0x0 /shares/eslfiler1/apps/linux/Development/rv32imc//riscv32-unknown-elf/lib/libc_nano.a(lib_a-memchr.o)
 .bss           0x0000000000003100        0x0 /shares/eslfiler1/apps/linux/Development/rv32imc//riscv32-unknown-elf/lib/libc_nano.a(lib_a-memmove.o)
 .bss           0x0000000000003100        0x0 /shares/eslfiler1/apps/linux/Development/rv32imc//riscv32-unknown-elf/lib/libc_nano.a(lib_a-nano-reallocr.o)
 .bss           0x0000000000003100        0x0 /shares/eslfiler1/apps/linux/Development/rv32imc//riscv32-unknown-elf/lib/libc_nano.a(lib_a-nano-vfprintf_i.o)
 .bss           0x0000000000003100        0x0 /shares/eslfiler1/apps/linux/Development/rv32imc//riscv32-unknown-elf/lib/libc_nano.a(lib_a-nano-msizer.o)
 .bss           0x0000000000003100        0x0 /shares/eslfiler1/apps/linux/Development/rv32imc/lib/gcc/riscv32-unknown-elf/11.1.0/libgcc.a(_divdi3.o)
 .bss           0x0000000000003100        0x0 /shares/eslfiler1/apps/linux/Development/rv32imc/lib/gcc/riscv32-unknown-elf/11.1.0/libgcc.a(_udivdi3.o)
 .bss           0x0000000000003100        0x0 /shares/eslfiler1/apps/linux/Development/rv32imc/lib/gcc/riscv32-unknown-elf/11.1.0/libgcc.a(_clz.o)
 *(.bss*)
 .bss._global_atexit0
                0x0000000000003100       0x8c /shares/eslfiler1/apps/linux/Development/rv32imc//riscv32-unknown-elf/lib/libc_nano.a(lib_a-__atexit.o)
 *(.sbss)
 *(.sbss*)
 .sbss.gpio     0x000000000000318c        0x4 /tmp/ccoliXF4.ltrans0.ltrans.o
 .sbss.errno    0x0000000000003190        0x4 /shares/eslfiler1/apps/linux/Development/rv32imc//riscv32-unknown-elf/lib/libc_nano.a(lib_a-reent.o)
                0x0000000000003190                errno
 .sbss._global_atexit
                0x0000000000003194        0x4 /shares/eslfiler1/apps/linux/Development/rv32imc//riscv32-unknown-elf/lib/libc_nano.a(lib_a-__call_atexit.o)
                0x0000000000003194                _global_atexit
 .sbss.__malloc_free_list
                0x0000000000003198        0x4 /shares/eslfiler1/apps/linux/Development/rv32imc//riscv32-unknown-elf/lib/libc_nano.a(lib_a-nano-mallocr.o)
                0x0000000000003198                __malloc_free_list
 .sbss.__malloc_sbrk_start
                0x000000000000319c        0x4 /shares/eslfiler1/apps/linux/Development/rv32imc//riscv32-unknown-elf/lib/libc_nano.a(lib_a-nano-mallocr.o)
                0x000000000000319c                __malloc_sbrk_start
 *(COMMON)
                0x00000000000031a0                . = ALIGN (0x4)
                0x00000000000031a0                _ebss = .
                0x00000000000031a0                __BSS_END__ = .
                0x0000000000003684                __global_pointer$ = MIN ((__SDATA_BEGIN__ + 0x800), MAX ((__DATA_BEGIN__ + 0x800), (__BSS_END__ - 0x800)))

.heap           0x00000000000031a0     0x1000 load address 0x0000000040002ef0
                0x00000000000031a0                PROVIDE (__heap_start = .)
                0x0000000000001000                . = __heap_size
 *fill*         0x00000000000031a0     0x1000 
                0x00000000000041a0                PROVIDE (__heap_end = .)

.stack          0x00000000000041a0     0x1000 load address 0x0000000040002ef0
                [!provide]                        PROVIDE (__stack_start = .)
                0x0000000000001000                . = __stack_size
 *fill*         0x00000000000041a0     0x1000 
                0x00000000000051a0                PROVIDE (_sp = .)
                [!provide]                        PROVIDE (__stack_end = .)
OUTPUT(applications/power_apps/example_vcd_gen/example_vcd_gen.flash_load.elf elf32-littleriscv)

.riscv.attributes
                0x0000000000000000       0x2a
 .riscv.attributes
                0x0000000000000000       0x28 /tmp/ccD941U0.o
 .riscv.attributes
                0x0000000000000028       0x28 /tmp/ccN3uoTN.o
 .riscv.attributes
                0x0000000000000050       0x2a /tmp/ccoliXF4.ltrans0.ltrans.o
 .riscv.attributes
                0x000000000000007a       0x26 /shares/eslfiler1/apps/linux/Development/rv32imc//riscv32-unknown-elf/lib/libc_nano.a(lib_a-atexit.o)
 .riscv.attributes
                0x00000000000000a0       0x26 /shares/eslfiler1/apps/linux/Development/rv32imc//riscv32-unknown-elf/lib/libc_nano.a(lib_a-exit.o)
 .riscv.attributes
                0x00000000000000c6       0x26 /shares/eslfiler1/apps/linux/Development/rv32imc//riscv32-unknown-elf/lib/libc_nano.a(lib_a-fini.o)
 .riscv.attributes
                0x00000000000000ec       0x26 /shares/eslfiler1/apps/linux/Development/rv32imc//riscv32-unknown-elf/lib/libc_nano.a(lib_a-impure.o)
 .riscv.attributes
                0x0000000000000112       0x26 /shares/eslfiler1/apps/linux/Development/rv32imc//riscv32-unknown-elf/lib/libc_nano.a(lib_a-init.o)
 .riscv.attributes
                0x0000000000000138       0x24 /shares/eslfiler1/apps/linux/Development/rv32imc//riscv32-unknown-elf/lib/libc_nano.a(lib_a-memset.o)
 .riscv.attributes
                0x000000000000015c       0x26 /shares/eslfiler1/apps/linux/Development/rv32imc//riscv32-unknown-elf/lib/libc_nano.a(lib_a-puts.o)
 .riscv.attributes
                0x0000000000000182       0x26 /shares/eslfiler1/apps/linux/Development/rv32imc//riscv32-unknown-elf/lib/libc_nano.a(lib_a-reent.o)
 .riscv.attributes
                0x00000000000001a8       0x26 /shares/eslfiler1/apps/linux/Development/rv32imc//riscv32-unknown-elf/lib/libc_nano.a(lib_a-wbuf.o)
 .riscv.attributes
                0x00000000000001ce       0x26 /shares/eslfiler1/apps/linux/Development/rv32imc//riscv32-unknown-elf/lib/libc_nano.a(lib_a-wsetup.o)
 .riscv.attributes
                0x00000000000001f4       0x26 /shares/eslfiler1/apps/linux/Development/rv32imc//riscv32-unknown-elf/lib/libc_nano.a(lib_a-__atexit.o)
 .riscv.attributes
                0x000000000000021a       0x26 /shares/eslfiler1/apps/linux/Development/rv32imc//riscv32-unknown-elf/lib/libc_nano.a(lib_a-__call_atexit.o)
 .riscv.attributes
                0x0000000000000240       0x26 /shares/eslfiler1/apps/linux/Development/rv32imc//riscv32-unknown-elf/lib/libc_nano.a(lib_a-fflush.o)
 .riscv.attributes
                0x0000000000000266       0x26 /shares/eslfiler1/apps/linux/Development/rv32imc//riscv32-unknown-elf/lib/libc_nano.a(lib_a-findfp.o)
 .riscv.attributes
                0x000000000000028c       0x26 /shares/eslfiler1/apps/linux/Development/rv32imc//riscv32-unknown-elf/lib/libc_nano.a(lib_a-fwalk.o)
 .riscv.attributes
                0x00000000000002b2       0x26 /shares/eslfiler1/apps/linux/Development/rv32imc//riscv32-unknown-elf/lib/libc_nano.a(lib_a-makebuf.o)
 .riscv.attributes
                0x00000000000002d8       0x26 /shares/eslfiler1/apps/linux/Development/rv32imc//riscv32-unknown-elf/lib/libc_nano.a(lib_a-nano-freer.o)
 .riscv.attributes
                0x00000000000002fe       0x26 /shares/eslfiler1/apps/linux/Development/rv32imc//riscv32-unknown-elf/lib/libc_nano.a(lib_a-nano-mallocr.o)
 .riscv.attributes
                0x0000000000000324       0x26 /shares/eslfiler1/apps/linux/Development/rv32imc//riscv32-unknown-elf/lib/libc_nano.a(lib_a-sbrkr.o)
 .riscv.attributes
                0x000000000000034a       0x26 /shares/eslfiler1/apps/linux/Development/rv32imc//riscv32-unknown-elf/lib/libc_nano.a(lib_a-stdio.o)
 .riscv.attributes
                0x0000000000000370       0x26 /shares/eslfiler1/apps/linux/Development/rv32imc//riscv32-unknown-elf/lib/libc_nano.a(lib_a-writer.o)
 .riscv.attributes
                0x0000000000000396       0x26 /shares/eslfiler1/apps/linux/Development/rv32imc//riscv32-unknown-elf/lib/libc_nano.a(lib_a-closer.o)
 .riscv.attributes
                0x00000000000003bc       0x26 /shares/eslfiler1/apps/linux/Development/rv32imc//riscv32-unknown-elf/lib/libc_nano.a(lib_a-fstatr.o)
 .riscv.attributes
                0x00000000000003e2       0x26 /shares/eslfiler1/apps/linux/Development/rv32imc//riscv32-unknown-elf/lib/libc_nano.a(lib_a-isattyr.o)
 .riscv.attributes
                0x0000000000000408       0x26 /shares/eslfiler1/apps/linux/Development/rv32imc//riscv32-unknown-elf/lib/libc_nano.a(lib_a-lseekr.o)
 .riscv.attributes
                0x000000000000042e       0x26 /shares/eslfiler1/apps/linux/Development/rv32imc//riscv32-unknown-elf/lib/libc_nano.a(lib_a-mlock.o)
 .riscv.attributes
                0x0000000000000454       0x26 /shares/eslfiler1/apps/linux/Development/rv32imc//riscv32-unknown-elf/lib/libc_nano.a(lib_a-readr.o)
 .riscv.attributes
                0x000000000000047a       0x24 /shares/eslfiler1/apps/linux/Development/rv32imc//riscv32-unknown-elf/lib/libc_nano.a(lib_a-memcpy-asm.o)
 .riscv.attributes
                0x000000000000049e       0x26 /shares/eslfiler1/apps/linux/Development/rv32imc//riscv32-unknown-elf/lib/libc_nano.a(lib_a-printf.o)
 .riscv.attributes
                0x00000000000004c4       0x26 /shares/eslfiler1/apps/linux/Development/rv32imc//riscv32-unknown-elf/lib/libc_nano.a(lib_a-nano-vfprintf.o)
 .riscv.attributes
                0x00000000000004ea       0x26 /shares/eslfiler1/apps/linux/Development/rv32imc//riscv32-unknown-elf/lib/libc_nano.a(lib_a-fvwrite.o)
 .riscv.attributes
                0x0000000000000510       0x26 /shares/eslfiler1/apps/linux/Development/rv32imc//riscv32-unknown-elf/lib/libc_nano.a(lib_a-memchr.o)
 .riscv.attributes
                0x0000000000000536       0x24 /shares/eslfiler1/apps/linux/Development/rv32imc//riscv32-unknown-elf/lib/libc_nano.a(lib_a-memmove.o)
 .riscv.attributes
                0x000000000000055a       0x26 /shares/eslfiler1/apps/linux/Development/rv32imc//riscv32-unknown-elf/lib/libc_nano.a(lib_a-nano-reallocr.o)
 .riscv.attributes
                0x0000000000000580       0x26 /shares/eslfiler1/apps/linux/Development/rv32imc//riscv32-unknown-elf/lib/libc_nano.a(lib_a-nano-vfprintf_i.o)
 .riscv.attributes
                0x00000000000005a6       0x26 /shares/eslfiler1/apps/linux/Development/rv32imc//riscv32-unknown-elf/lib/libc_nano.a(lib_a-nano-msizer.o)
 .riscv.attributes
                0x00000000000005cc       0x26 /shares/eslfiler1/apps/linux/Development/rv32imc/lib/gcc/riscv32-unknown-elf/11.1.0/libgcc.a(_divdi3.o)
 .riscv.attributes
                0x00000000000005f2       0x26 /shares/eslfiler1/apps/linux/Development/rv32imc/lib/gcc/riscv32-unknown-elf/11.1.0/libgcc.a(_udivdi3.o)
 .riscv.attributes
                0x0000000000000618       0x26 /shares/eslfiler1/apps/linux/Development/rv32imc/lib/gcc/riscv32-unknown-elf/11.1.0/libgcc.a(_clz.o)

.comment        0x0000000000000000       0x12
 .comment       0x0000000000000000       0x13 /tmp/ccoliXF4.ltrans0.ltrans.o
 .comment       0x0000000000000000       0x13 /tmp/ccOUpnQL.debug.temp.o
 .comment       0x0000000000000000       0x13 /tmp/ccgpXEtC.debug.temp.o
 .comment       0x0000000000000000       0x13 /tmp/ccILxZ6s.debug.temp.o
 .comment       0x0000000000000000       0x13 /tmp/ccmyInKj.debug.temp.o
 .comment       0x0000000000000000       0x13 /tmp/ccAnHOna.debug.temp.o
 .comment       0x0000000000000000       0x13 /tmp/ccyipi10.debug.temp.o
 .comment       0x0000000000000000       0x13 /tmp/ccqu2OER.debug.temp.o
 .comment       0x0000000000000000       0x13 /tmp/ccw3KniI.debug.temp.o
 .comment       0x0000000000000000       0x13 /tmp/ccszdZVy.debug.temp.o
 .comment       0x0000000000000000       0x13 /tmp/ccui5Czp.debug.temp.o
 .comment       0x0000000000000000       0x13 /tmp/ccwrOjdg.debug.temp.o
 .comment       0x0000000000000000       0x13 /tmp/ccqYm3Q6.debug.temp.o
 .comment       0x0000000000000000       0x13 /tmp/ccQDfPuX.debug.temp.o
 .comment       0x0000000000000000       0x13 /tmp/ccQnfE8N.debug.temp.o
 .comment       0x0000000000000000       0x13 /tmp/ccU5SvME.debug.temp.o
 .comment       0x0000000000000000       0x13 /tmp/ccIHjqqv.debug.temp.o
 .comment       0x0000000000000000       0x13 /tmp/ccIrkn4l.debug.temp.o
 .comment       0x0000000000000000       0x13 /tmp/ccgpGmIc.debug.temp.o
 .comment       0x0000000000000000       0x13 /tmp/cc2XRom3.debug.temp.o
 .comment       0x0000000000000000       0x13 /tmp/ccwjDt0T.debug.temp.o
 .comment       0x0000000000000000       0x13 /tmp/cc2nPAEK.debug.temp.o
 .comment       0x0000000000000000       0x13 /tmp/ccSYDKiB.debug.temp.o
 .comment       0x0000000000000000       0x12 /shares/eslfiler1/apps/linux/Development/rv32imc//riscv32-unknown-elf/lib/libc_nano.a(lib_a-atexit.o)
                                         0x13 (size before relaxing)
 .comment       0x0000000000000012       0x13 /shares/eslfiler1/apps/linux/Development/rv32imc//riscv32-unknown-elf/lib/libc_nano.a(lib_a-exit.o)
 .comment       0x0000000000000012       0x13 /shares/eslfiler1/apps/linux/Development/rv32imc//riscv32-unknown-elf/lib/libc_nano.a(lib_a-fini.o)
 .comment       0x0000000000000012       0x13 /shares/eslfiler1/apps/linux/Development/rv32imc//riscv32-unknown-elf/lib/libc_nano.a(lib_a-impure.o)
 .comment       0x0000000000000012       0x13 /shares/eslfiler1/apps/linux/Development/rv32imc//riscv32-unknown-elf/lib/libc_nano.a(lib_a-init.o)
 .comment       0x0000000000000012       0x13 /shares/eslfiler1/apps/linux/Development/rv32imc//riscv32-unknown-elf/lib/libc_nano.a(lib_a-puts.o)
 .comment       0x0000000000000012       0x13 /shares/eslfiler1/apps/linux/Development/rv32imc//riscv32-unknown-elf/lib/libc_nano.a(lib_a-reent.o)
 .comment       0x0000000000000012       0x13 /shares/eslfiler1/apps/linux/Development/rv32imc//riscv32-unknown-elf/lib/libc_nano.a(lib_a-wbuf.o)
 .comment       0x0000000000000012       0x13 /shares/eslfiler1/apps/linux/Development/rv32imc//riscv32-unknown-elf/lib/libc_nano.a(lib_a-wsetup.o)
 .comment       0x0000000000000012       0x13 /shares/eslfiler1/apps/linux/Development/rv32imc//riscv32-unknown-elf/lib/libc_nano.a(lib_a-__atexit.o)
 .comment       0x0000000000000012       0x13 /shares/eslfiler1/apps/linux/Development/rv32imc//riscv32-unknown-elf/lib/libc_nano.a(lib_a-__call_atexit.o)
 .comment       0x0000000000000012       0x13 /shares/eslfiler1/apps/linux/Development/rv32imc//riscv32-unknown-elf/lib/libc_nano.a(lib_a-fflush.o)
 .comment       0x0000000000000012       0x13 /shares/eslfiler1/apps/linux/Development/rv32imc//riscv32-unknown-elf/lib/libc_nano.a(lib_a-findfp.o)
 .comment       0x0000000000000012       0x13 /shares/eslfiler1/apps/linux/Development/rv32imc//riscv32-unknown-elf/lib/libc_nano.a(lib_a-fwalk.o)
 .comment       0x0000000000000012       0x13 /shares/eslfiler1/apps/linux/Development/rv32imc//riscv32-unknown-elf/lib/libc_nano.a(lib_a-makebuf.o)
 .comment       0x0000000000000012       0x13 /shares/eslfiler1/apps/linux/Development/rv32imc//riscv32-unknown-elf/lib/libc_nano.a(lib_a-nano-freer.o)
 .comment       0x0000000000000012       0x13 /shares/eslfiler1/apps/linux/Development/rv32imc//riscv32-unknown-elf/lib/libc_nano.a(lib_a-nano-mallocr.o)
 .comment       0x0000000000000012       0x13 /shares/eslfiler1/apps/linux/Development/rv32imc//riscv32-unknown-elf/lib/libc_nano.a(lib_a-sbrkr.o)
 .comment       0x0000000000000012       0x13 /shares/eslfiler1/apps/linux/Development/rv32imc//riscv32-unknown-elf/lib/libc_nano.a(lib_a-stdio.o)
 .comment       0x0000000000000012       0x13 /shares/eslfiler1/apps/linux/Development/rv32imc//riscv32-unknown-elf/lib/libc_nano.a(lib_a-writer.o)
 .comment       0x0000000000000012       0x13 /shares/eslfiler1/apps/linux/Development/rv32imc//riscv32-unknown-elf/lib/libc_nano.a(lib_a-closer.o)
 .comment       0x0000000000000012       0x13 /shares/eslfiler1/apps/linux/Development/rv32imc//riscv32-unknown-elf/lib/libc_nano.a(lib_a-fstatr.o)
 .comment       0x0000000000000012       0x13 /shares/eslfiler1/apps/linux/Development/rv32imc//riscv32-unknown-elf/lib/libc_nano.a(lib_a-isattyr.o)
 .comment       0x0000000000000012       0x13 /shares/eslfiler1/apps/linux/Development/rv32imc//riscv32-unknown-elf/lib/libc_nano.a(lib_a-lseekr.o)
 .comment       0x0000000000000012       0x13 /shares/eslfiler1/apps/linux/Development/rv32imc//riscv32-unknown-elf/lib/libc_nano.a(lib_a-mlock.o)
 .comment       0x0000000000000012       0x13 /shares/eslfiler1/apps/linux/Development/rv32imc//riscv32-unknown-elf/lib/libc_nano.a(lib_a-readr.o)
 .comment       0x0000000000000012       0x13 /shares/eslfiler1/apps/linux/Development/rv32imc//riscv32-unknown-elf/lib/libc_nano.a(lib_a-printf.o)
 .comment       0x0000000000000012       0x13 /shares/eslfiler1/apps/linux/Development/rv32imc//riscv32-unknown-elf/lib/libc_nano.a(lib_a-nano-vfprintf.o)
 .comment       0x0000000000000012       0x13 /shares/eslfiler1/apps/linux/Development/rv32imc//riscv32-unknown-elf/lib/libc_nano.a(lib_a-fvwrite.o)
 .comment       0x0000000000000012       0x13 /shares/eslfiler1/apps/linux/Development/rv32imc//riscv32-unknown-elf/lib/libc_nano.a(lib_a-memchr.o)
 .comment       0x0000000000000012       0x13 /shares/eslfiler1/apps/linux/Development/rv32imc//riscv32-unknown-elf/lib/libc_nano.a(lib_a-nano-reallocr.o)
 .comment       0x0000000000000012       0x13 /shares/eslfiler1/apps/linux/Development/rv32imc//riscv32-unknown-elf/lib/libc_nano.a(lib_a-nano-vfprintf_i.o)
 .comment       0x0000000000000012       0x13 /shares/eslfiler1/apps/linux/Development/rv32imc//riscv32-unknown-elf/lib/libc_nano.a(lib_a-nano-msizer.o)
 .comment       0x0000000000000012       0x13 /shares/eslfiler1/apps/linux/Development/rv32imc/lib/gcc/riscv32-unknown-elf/11.1.0/libgcc.a(_divdi3.o)
 .comment       0x0000000000000012       0x13 /shares/eslfiler1/apps/linux/Development/rv32imc/lib/gcc/riscv32-unknown-elf/11.1.0/libgcc.a(_udivdi3.o)
 .comment       0x0000000000000012       0x13 /shares/eslfiler1/apps/linux/Development/rv32imc/lib/gcc/riscv32-unknown-elf/11.1.0/libgcc.a(_clz.o)

.debug_line     0x0000000000000000     0x2c42
 .debug_line    0x0000000000000000      0x441 /tmp/ccD941U0.o
 .debug_line    0x0000000000000441      0x1ed /tmp/ccN3uoTN.o
 .debug_line    0x000000000000062e      0xe47 /tmp/ccoliXF4.ltrans0.ltrans.o
 .debug_line    0x0000000000001475       0x5e /tmp/ccOUpnQL.debug.temp.o
 .debug_line    0x00000000000014d3       0x3a /tmp/ccgpXEtC.debug.temp.o
 .debug_line    0x000000000000150d       0x9d /tmp/ccILxZ6s.debug.temp.o
 .debug_line    0x00000000000015aa       0x56 /tmp/ccmyInKj.debug.temp.o
 .debug_line    0x0000000000001600       0x64 /tmp/ccAnHOna.debug.temp.o
 .debug_line    0x0000000000001664       0x4c /tmp/ccyipi10.debug.temp.o
 .debug_line    0x00000000000016b0       0x5a /tmp/ccqu2OER.debug.temp.o
 .debug_line    0x000000000000170a       0x63 /tmp/ccw3KniI.debug.temp.o
 .debug_line    0x000000000000176d       0x71 /tmp/ccszdZVy.debug.temp.o
 .debug_line    0x00000000000017de       0x68 /tmp/ccui5Czp.debug.temp.o
 .debug_line    0x0000000000001846       0x68 /tmp/ccwrOjdg.debug.temp.o
 .debug_line    0x00000000000018ae       0x68 /tmp/ccqYm3Q6.debug.temp.o
 .debug_line    0x0000000000001916       0x68 /tmp/ccQDfPuX.debug.temp.o
 .debug_line    0x000000000000197e       0x63 /tmp/ccQnfE8N.debug.temp.o
 .debug_line    0x00000000000019e1       0x68 /tmp/ccU5SvME.debug.temp.o
 .debug_line    0x0000000000001a49       0x68 /tmp/ccIHjqqv.debug.temp.o
 .debug_line    0x0000000000001ab1       0x68 /tmp/ccIrkn4l.debug.temp.o
 .debug_line    0x0000000000001b19       0x63 /tmp/ccgpGmIc.debug.temp.o
 .debug_line    0x0000000000001b7c       0x63 /tmp/cc2XRom3.debug.temp.o
 .debug_line    0x0000000000001bdf       0x68 /tmp/ccwjDt0T.debug.temp.o
 .debug_line    0x0000000000001c47       0x68 /tmp/cc2nPAEK.debug.temp.o
 .debug_line    0x0000000000001caf       0x63 /tmp/ccSYDKiB.debug.temp.o
 .debug_line    0x0000000000001d12      0x7ca /shares/eslfiler1/apps/linux/Development/rv32imc/lib/gcc/riscv32-unknown-elf/11.1.0/libgcc.a(_divdi3.o)
 .debug_line    0x00000000000024dc      0x727 /shares/eslfiler1/apps/linux/Development/rv32imc/lib/gcc/riscv32-unknown-elf/11.1.0/libgcc.a(_udivdi3.o)
 .debug_line    0x0000000000002c03       0x3f /shares/eslfiler1/apps/linux/Development/rv32imc/lib/gcc/riscv32-unknown-elf/11.1.0/libgcc.a(_clz.o)

.debug_line_str
                0x0000000000000000      0x938
 .debug_line_str
                0x0000000000000000       0x40 /tmp/ccD941U0.o
                                         0x6f (size before relaxing)
 .debug_line_str
                0x0000000000000040        0xa /tmp/ccN3uoTN.o
                                         0x56 (size before relaxing)
 .debug_line_str
                0x000000000000004a      0x114 /tmp/ccoliXF4.ltrans0.ltrans.o
                                        0x198 (size before relaxing)
 .debug_line_str
                0x000000000000015e      0x102 /tmp/ccOUpnQL.debug.temp.o
                                        0x1a9 (size before relaxing)
 .debug_line_str
                0x0000000000000260       0x21 /tmp/ccgpXEtC.debug.temp.o
                                         0x72 (size before relaxing)
 .debug_line_str
                0x0000000000000281       0xd9 /tmp/ccILxZ6s.debug.temp.o
                                        0x26b (size before relaxing)
 .debug_line_str
                0x000000000000035a       0x2e /tmp/ccmyInKj.debug.temp.o
                                        0x14e (size before relaxing)
 .debug_line_str
                0x0000000000000388       0x27 /tmp/ccAnHOna.debug.temp.o
                                        0x1ad (size before relaxing)
 .debug_line_str
                0x00000000000003af       0x22 /tmp/ccyipi10.debug.temp.o
                                        0x135 (size before relaxing)
 .debug_line_str
                0x00000000000003d1       0x20 /tmp/ccqu2OER.debug.temp.o
                                        0x19f (size before relaxing)
 .debug_line_str
                0x00000000000003f1       0x2e /tmp/ccw3KniI.debug.temp.o
                                        0x1db (size before relaxing)
 .debug_line_str
                0x000000000000041f       0x26 /tmp/ccszdZVy.debug.temp.o
                                        0x1f4 (size before relaxing)
 .debug_line_str
                0x0000000000000445       0x58 /tmp/ccui5Czp.debug.temp.o
                                        0x1e1 (size before relaxing)
 .debug_line_str
                0x000000000000049d       0x5c /tmp/ccwrOjdg.debug.temp.o
                                        0x1e6 (size before relaxing)
 .debug_line_str
                0x00000000000004f9       0x26 /tmp/ccqYm3Q6.debug.temp.o
                                        0x1d2 (size before relaxing)
 .debug_line_str
                0x000000000000051f       0x48 /tmp/ccQDfPuX.debug.temp.o
                                        0x1cd (size before relaxing)
 .debug_line_str
                0x0000000000000567       0x48 /tmp/ccQnfE8N.debug.temp.o
                                        0x1c2 (size before relaxing)
 .debug_line_str
                0x00000000000005af       0x70 /tmp/ccU5SvME.debug.temp.o
                                        0x1ff (size before relaxing)
 .debug_line_str
                0x000000000000061f       0x74 /tmp/ccIHjqqv.debug.temp.o
                                        0x204 (size before relaxing)
 .debug_line_str
                0x0000000000000693       0x5c /tmp/ccIrkn4l.debug.temp.o
                                        0x1e6 (size before relaxing)
 .debug_line_str
                0x00000000000006ef       0x68 /tmp/ccgpGmIc.debug.temp.o
                                        0x1ea (size before relaxing)
 .debug_line_str
                0x0000000000000757       0x3e /tmp/cc2XRom3.debug.temp.o
                                        0x1b9 (size before relaxing)
 .debug_line_str
                0x0000000000000795       0x3a /tmp/ccwjDt0T.debug.temp.o
                                        0x1bf (size before relaxing)
 .debug_line_str
                0x00000000000007cf       0x52 /tmp/cc2nPAEK.debug.temp.o
                                        0x1dd (size before relaxing)
 .debug_line_str
                0x0000000000000821       0x6e /tmp/ccSYDKiB.debug.temp.o
                                        0x1f5 (size before relaxing)
 .debug_line_str
                0x000000000000088f       0xa9 /shares/eslfiler1/apps/linux/Development/rv32imc/lib/gcc/riscv32-unknown-elf/11.1.0/libgcc.a(_divdi3.o)
                                        0x136 (size before relaxing)
 .debug_line_str
                0x0000000000000938      0x136 /shares/eslfiler1/apps/linux/Development/rv32imc/lib/gcc/riscv32-unknown-elf/11.1.0/libgcc.a(_udivdi3.o)
 .debug_line_str
                0x0000000000000938      0x136 /shares/eslfiler1/apps/linux/Development/rv32imc/lib/gcc/riscv32-unknown-elf/11.1.0/libgcc.a(_clz.o)

.debug_info     0x0000000000000000     0x8b23
 .debug_info    0x0000000000000000       0x25 /tmp/ccD941U0.o
 .debug_info    0x0000000000000025       0x23 /tmp/ccN3uoTN.o
 .debug_info    0x0000000000000048      0xcdc /tmp/ccoliXF4.ltrans0.ltrans.o
 .debug_info    0x0000000000000d24      0x267 /tmp/ccOUpnQL.debug.temp.o
                0x0000000000000d24                example_vcd_gen.c.e1166a83
 .debug_info    0x0000000000000f8b       0x32 /tmp/ccgpXEtC.debug.temp.o
                0x0000000000000f8b                init.c.64cbc09c
 .debug_info    0x0000000000000fbd      0xb52 /tmp/ccILxZ6s.debug.temp.o
                0x0000000000000fbd                syscalls.c.68a39861
 .debug_info    0x0000000000001b0f      0x3d2 /tmp/ccmyInKj.debug.temp.o
                0x0000000000001b0f                handler.c.338e651e
 .debug_info    0x0000000000001ee1      0x6b9 /tmp/ccAnHOna.debug.temp.o
                0x0000000000001ee1                mmio.c.2e4c9f9d
 .debug_info    0x000000000000259a      0x244 /tmp/ccyipi10.debug.temp.o
                0x000000000000259a                bitfield.c.f5a479c5
 .debug_info    0x00000000000027de      0x164 /tmp/ccqu2OER.debug.temp.o
                0x00000000000027de                memory.c.8d86e6ca
 .debug_info    0x0000000000002942      0x245 /tmp/ccw3KniI.debug.temp.o
                0x0000000000002942                soc_ctrl.c.683700f3
 .debug_info    0x0000000000002b87      0x52d /tmp/ccszdZVy.debug.temp.o
                0x0000000000002b87                uart.c.e1fcc3bf
 .debug_info    0x00000000000030b4      0x8cc /tmp/ccui5Czp.debug.temp.o
                0x00000000000030b4                rv_plic.c.22ed7b13
 .debug_info    0x0000000000003980      0x8f0 /tmp/ccwrOjdg.debug.temp.o
                0x0000000000003980                rv_timer.c.be52a0c1
 .debug_info    0x0000000000004270      0x976 /tmp/ccqYm3Q6.debug.temp.o
                0x0000000000004270                gpio.c.5502b2ee
 .debug_info    0x0000000000004be6      0xb7d /tmp/ccQDfPuX.debug.temp.o
                0x0000000000004be6                i2c.c.f4cdea93
 .debug_info    0x0000000000005763      0x272 /tmp/ccQnfE8N.debug.temp.o
                0x0000000000005763                dma.c.4add4077
 .debug_info    0x00000000000059d5      0x91b /tmp/ccU5SvME.debug.temp.o
                0x00000000000059d5                power_manager.c.1503088c
 .debug_info    0x00000000000062f0      0x2ac /tmp/ccIHjqqv.debug.temp.o
                0x00000000000062f0                fast_intr_ctrl.c.eb61c860
 .debug_info    0x000000000000659c      0x629 /tmp/ccIrkn4l.debug.temp.o
                0x000000000000659c                spi_host.c.6f9bd56a
 .debug_info    0x0000000000006bc5      0x206 /tmp/ccgpGmIc.debug.temp.o
                0x0000000000006bc5                pad_control.c.3ac3833a
 .debug_info    0x0000000000006dcb      0x365 /tmp/cc2XRom3.debug.temp.o
                0x0000000000006dcb                cgra.c.ae871087
 .debug_info    0x0000000000007130      0x540 /tmp/ccwjDt0T.debug.temp.o
                0x0000000000007130                fll.c.f3899db7
 .debug_info    0x0000000000007670      0x354 /tmp/cc2nPAEK.debug.temp.o
                0x0000000000007670                coubertin.c.09f032a5
 .debug_info    0x00000000000079c4      0x193 /tmp/ccSYDKiB.debug.temp.o
                0x00000000000079c4                heepocrates_ctrl.c.6a0815b1
 .debug_info    0x0000000000007b57      0x793 /shares/eslfiler1/apps/linux/Development/rv32imc/lib/gcc/riscv32-unknown-elf/11.1.0/libgcc.a(_divdi3.o)
 .debug_info    0x00000000000082ea      0x761 /shares/eslfiler1/apps/linux/Development/rv32imc/lib/gcc/riscv32-unknown-elf/11.1.0/libgcc.a(_udivdi3.o)
 .debug_info    0x0000000000008a4b       0xd8 /shares/eslfiler1/apps/linux/Development/rv32imc/lib/gcc/riscv32-unknown-elf/11.1.0/libgcc.a(_clz.o)

.debug_abbrev   0x0000000000000000     0x1e77
 .debug_abbrev  0x0000000000000000       0x14 /tmp/ccD941U0.o
 .debug_abbrev  0x0000000000000014       0x12 /tmp/ccN3uoTN.o
 .debug_abbrev  0x0000000000000026      0x129 /tmp/ccoliXF4.ltrans0.ltrans.o
 .debug_abbrev  0x000000000000014f      0x148 /tmp/ccOUpnQL.debug.temp.o
 .debug_abbrev  0x0000000000000297       0x2c /tmp/ccgpXEtC.debug.temp.o
 .debug_abbrev  0x00000000000002c3      0x25d /tmp/ccILxZ6s.debug.temp.o
 .debug_abbrev  0x0000000000000520      0x105 /tmp/ccmyInKj.debug.temp.o
 .debug_abbrev  0x0000000000000625      0x160 /tmp/ccAnHOna.debug.temp.o
 .debug_abbrev  0x0000000000000785       0xb6 /tmp/ccyipi10.debug.temp.o
 .debug_abbrev  0x000000000000083b       0xc8 /tmp/ccqu2OER.debug.temp.o
 .debug_abbrev  0x0000000000000903       0xba /tmp/ccw3KniI.debug.temp.o
 .debug_abbrev  0x00000000000009bd      0x13c /tmp/ccszdZVy.debug.temp.o
 .debug_abbrev  0x0000000000000af9      0x1b5 /tmp/ccui5Czp.debug.temp.o
 .debug_abbrev  0x0000000000000cae      0x1a0 /tmp/ccwrOjdg.debug.temp.o
 .debug_abbrev  0x0000000000000e4e      0x16b /tmp/ccqYm3Q6.debug.temp.o
 .debug_abbrev  0x0000000000000fb9      0x1f6 /tmp/ccQDfPuX.debug.temp.o
 .debug_abbrev  0x00000000000011af       0xd9 /tmp/ccQnfE8N.debug.temp.o
 .debug_abbrev  0x0000000000001288      0x180 /tmp/ccU5SvME.debug.temp.o
 .debug_abbrev  0x0000000000001408       0xe2 /tmp/ccIHjqqv.debug.temp.o
 .debug_abbrev  0x00000000000014ea      0x12b /tmp/ccIrkn4l.debug.temp.o
 .debug_abbrev  0x0000000000001615       0xbc /tmp/ccgpGmIc.debug.temp.o
 .debug_abbrev  0x00000000000016d1       0xe9 /tmp/cc2XRom3.debug.temp.o
 .debug_abbrev  0x00000000000017ba      0x176 /tmp/ccwjDt0T.debug.temp.o
 .debug_abbrev  0x0000000000001930       0xb8 /tmp/cc2nPAEK.debug.temp.o
 .debug_abbrev  0x00000000000019e8       0xba /tmp/ccSYDKiB.debug.temp.o
 .debug_abbrev  0x0000000000001aa2      0x1bf /shares/eslfiler1/apps/linux/Development/rv32imc/lib/gcc/riscv32-unknown-elf/11.1.0/libgcc.a(_divdi3.o)
 .debug_abbrev  0x0000000000001c61      0x1a6 /shares/eslfiler1/apps/linux/Development/rv32imc/lib/gcc/riscv32-unknown-elf/11.1.0/libgcc.a(_udivdi3.o)
 .debug_abbrev  0x0000000000001e07       0x70 /shares/eslfiler1/apps/linux/Development/rv32imc/lib/gcc/riscv32-unknown-elf/11.1.0/libgcc.a(_clz.o)

.debug_aranges  0x0000000000000000      0x1b0
 .debug_aranges
                0x0000000000000000       0x20 /tmp/ccD941U0.o
 .debug_aranges
                0x0000000000000020       0x28 /tmp/ccN3uoTN.o
 .debug_aranges
                0x0000000000000048      0x110 /tmp/ccoliXF4.ltrans0.ltrans.o
 .debug_aranges
                0x0000000000000158       0x20 /shares/eslfiler1/apps/linux/Development/rv32imc/lib/gcc/riscv32-unknown-elf/11.1.0/libgcc.a(_divdi3.o)
 .debug_aranges
                0x0000000000000178       0x20 /shares/eslfiler1/apps/linux/Development/rv32imc/lib/gcc/riscv32-unknown-elf/11.1.0/libgcc.a(_udivdi3.o)
 .debug_aranges
                0x0000000000000198       0x18 /shares/eslfiler1/apps/linux/Development/rv32imc/lib/gcc/riscv32-unknown-elf/11.1.0/libgcc.a(_clz.o)

.debug_str      0x0000000000000000     0x3347
 .debug_str     0x0000000000000000       0x43 /tmp/ccD941U0.o
 .debug_str     0x0000000000000043        0xa /tmp/ccN3uoTN.o
                                         0x46 (size before relaxing)
 .debug_str     0x000000000000004d      0x152 /tmp/ccoliXF4.ltrans0.ltrans.o
                                        0x159 (size before relaxing)
 .debug_str     0x000000000000019f      0x224 /tmp/ccOUpnQL.debug.temp.o
                                        0x283 (size before relaxing)
 .debug_str     0x00000000000003c3      0x224 /tmp/ccgpXEtC.debug.temp.o
                                         0x7d (size before relaxing)
 .debug_str     0x00000000000003c3      0x54b /tmp/ccILxZ6s.debug.temp.o
                                        0x776 (size before relaxing)
 .debug_str     0x000000000000090e      0x297 /tmp/ccmyInKj.debug.temp.o
                                        0x3c1 (size before relaxing)
 .debug_str     0x0000000000000ba5      0x31d /tmp/ccAnHOna.debug.temp.o
                                        0x4cb (size before relaxing)
 .debug_str     0x0000000000000ec2       0x9f /tmp/ccyipi10.debug.temp.o
                                        0x292 (size before relaxing)
 .debug_str     0x0000000000000f61       0x25 /tmp/ccqu2OER.debug.temp.o
                                        0x160 (size before relaxing)
 .debug_str     0x0000000000000f86       0x4a /tmp/ccw3KniI.debug.temp.o
                                        0x263 (size before relaxing)
 .debug_str     0x0000000000000fd0       0x8f /tmp/ccszdZVy.debug.temp.o
                                        0x3ea (size before relaxing)
 .debug_str     0x000000000000105f      0x467 /tmp/ccui5Czp.debug.temp.o
                                        0x728 (size before relaxing)
 .debug_str     0x00000000000014c6      0x418 /tmp/ccwrOjdg.debug.temp.o
                                        0x75d (size before relaxing)
 .debug_str     0x00000000000018de      0x303 /tmp/ccqYm3Q6.debug.temp.o
                                        0x714 (size before relaxing)
 .debug_str     0x0000000000001be1      0x78b /tmp/ccQDfPuX.debug.temp.o
                                        0xa89 (size before relaxing)
 .debug_str     0x000000000000236c       0xa0 /tmp/ccQnfE8N.debug.temp.o
                                        0x276 (size before relaxing)
 .debug_str     0x000000000000240c      0x4a4 /tmp/ccU5SvME.debug.temp.o
                                        0x73f (size before relaxing)
 .debug_str     0x00000000000028b0      0x18b /tmp/ccIHjqqv.debug.temp.o
                                        0x3b5 (size before relaxing)
 .debug_str     0x0000000000002a3b      0x1f0 /tmp/ccIrkn4l.debug.temp.o
                                        0x48b (size before relaxing)
 .debug_str     0x0000000000002c2b       0xa3 /tmp/ccgpGmIc.debug.temp.o
                                        0x238 (size before relaxing)
 .debug_str     0x0000000000002cce      0x14d /tmp/cc2XRom3.debug.temp.o
                                        0x314 (size before relaxing)
 .debug_str     0x0000000000002e1b      0x1bc /tmp/ccwjDt0T.debug.temp.o
                                        0x41a (size before relaxing)
 .debug_str     0x0000000000002fd7       0xc4 /tmp/cc2nPAEK.debug.temp.o
                                        0x320 (size before relaxing)
 .debug_str     0x000000000000309b       0x63 /tmp/ccSYDKiB.debug.temp.o
                                        0x1ff (size before relaxing)
 .debug_str     0x00000000000030fe      0x198 /shares/eslfiler1/apps/linux/Development/rv32imc/lib/gcc/riscv32-unknown-elf/11.1.0/libgcc.a(_divdi3.o)
                                        0x248 (size before relaxing)
 .debug_str     0x0000000000003296      0x249 /shares/eslfiler1/apps/linux/Development/rv32imc/lib/gcc/riscv32-unknown-elf/11.1.0/libgcc.a(_udivdi3.o)
 .debug_str     0x0000000000003296       0xb1 /shares/eslfiler1/apps/linux/Development/rv32imc/lib/gcc/riscv32-unknown-elf/11.1.0/libgcc.a(_clz.o)
                                        0x196 (size before relaxing)

.debug_rnglists
                0x0000000000000000      0x43c
 .debug_rnglists
                0x0000000000000000       0x1a /tmp/ccN3uoTN.o
 .debug_rnglists
                0x000000000000001a      0x21b /tmp/ccoliXF4.ltrans0.ltrans.o
 .debug_rnglists
                0x0000000000000235       0xf6 /shares/eslfiler1/apps/linux/Development/rv32imc/lib/gcc/riscv32-unknown-elf/11.1.0/libgcc.a(_divdi3.o)
 .debug_rnglists
                0x000000000000032b      0x111 /shares/eslfiler1/apps/linux/Development/rv32imc/lib/gcc/riscv32-unknown-elf/11.1.0/libgcc.a(_udivdi3.o)

.debug_loclists
                0x0000000000000000     0x19d5
 .debug_loclists
                0x0000000000000000      0x6ae /tmp/ccoliXF4.ltrans0.ltrans.o
 .debug_loclists
                0x00000000000006ae      0x88e /shares/eslfiler1/apps/linux/Development/rv32imc/lib/gcc/riscv32-unknown-elf/11.1.0/libgcc.a(_divdi3.o)
 .debug_loclists
                0x0000000000000f3c      0xa99 /shares/eslfiler1/apps/linux/Development/rv32imc/lib/gcc/riscv32-unknown-elf/11.1.0/libgcc.a(_udivdi3.o)

.debug_frame    0x0000000000000000      0x508
 .debug_frame   0x0000000000000000      0x508 /tmp/ccoliXF4.ltrans0.ltrans.o
