Archive member included to satisfy reference by file (symbol)

/shares/eslfiler1/apps/linux/Development/rv32imc/riscv32-unknown-elf/lib/libc_nano.a(lib_a-atexit.o)
                              /tmp/cchyeAls.o (atexit)
/shares/eslfiler1/apps/linux/Development/rv32imc/riscv32-unknown-elf/lib/libc_nano.a(lib_a-exit.o)
                              /tmp/cchyeAls.o (exit)
/shares/eslfiler1/apps/linux/Development/rv32imc/riscv32-unknown-elf/lib/libc_nano.a(lib_a-fini.o)
                              /tmp/cchyeAls.o (__libc_fini_array)
/shares/eslfiler1/apps/linux/Development/rv32imc/riscv32-unknown-elf/lib/libc_nano.a(lib_a-impure.o)
                              /shares/eslfiler1/apps/linux/Development/rv32imc/riscv32-unknown-elf/lib/libc_nano.a(lib_a-exit.o) (_global_impure_ptr)
/shares/eslfiler1/apps/linux/Development/rv32imc/riscv32-unknown-elf/lib/libc_nano.a(lib_a-init.o)
                              /tmp/cchyeAls.o (__libc_init_array)
/shares/eslfiler1/apps/linux/Development/rv32imc/riscv32-unknown-elf/lib/libc_nano.a(lib_a-memset.o)
                              /tmp/cchyeAls.o (memset)
/shares/eslfiler1/apps/linux/Development/rv32imc/riscv32-unknown-elf/lib/libc_nano.a(lib_a-puts.o)
                              /tmp/ccU2x79j.o (puts)
/shares/eslfiler1/apps/linux/Development/rv32imc/riscv32-unknown-elf/lib/libc_nano.a(lib_a-reent.o)
                              /tmp/cc3WMY9W.o (symbol from plugin) (errno)
/shares/eslfiler1/apps/linux/Development/rv32imc/riscv32-unknown-elf/lib/libc_nano.a(lib_a-wbuf.o)
                              /shares/eslfiler1/apps/linux/Development/rv32imc/riscv32-unknown-elf/lib/libc_nano.a(lib_a-puts.o) (__swbuf_r)
/shares/eslfiler1/apps/linux/Development/rv32imc/riscv32-unknown-elf/lib/libc_nano.a(lib_a-wsetup.o)
                              /shares/eslfiler1/apps/linux/Development/rv32imc/riscv32-unknown-elf/lib/libc_nano.a(lib_a-puts.o) (__swsetup_r)
/shares/eslfiler1/apps/linux/Development/rv32imc/riscv32-unknown-elf/lib/libc_nano.a(lib_a-__atexit.o)
                              /shares/eslfiler1/apps/linux/Development/rv32imc/riscv32-unknown-elf/lib/libc_nano.a(lib_a-atexit.o) (__register_exitproc)
/shares/eslfiler1/apps/linux/Development/rv32imc/riscv32-unknown-elf/lib/libc_nano.a(lib_a-__call_atexit.o)
                              /shares/eslfiler1/apps/linux/Development/rv32imc/riscv32-unknown-elf/lib/libc_nano.a(lib_a-__atexit.o) (__call_exitprocs)
/shares/eslfiler1/apps/linux/Development/rv32imc/riscv32-unknown-elf/lib/libc_nano.a(lib_a-fflush.o)
                              /shares/eslfiler1/apps/linux/Development/rv32imc/riscv32-unknown-elf/lib/libc_nano.a(lib_a-wbuf.o) (_fflush_r)
/shares/eslfiler1/apps/linux/Development/rv32imc/riscv32-unknown-elf/lib/libc_nano.a(lib_a-findfp.o)
                              /shares/eslfiler1/apps/linux/Development/rv32imc/riscv32-unknown-elf/lib/libc_nano.a(lib_a-puts.o) (__sinit)
/shares/eslfiler1/apps/linux/Development/rv32imc/riscv32-unknown-elf/lib/libc_nano.a(lib_a-fwalk.o)
                              /shares/eslfiler1/apps/linux/Development/rv32imc/riscv32-unknown-elf/lib/libc_nano.a(lib_a-findfp.o) (_fwalk)
/shares/eslfiler1/apps/linux/Development/rv32imc/riscv32-unknown-elf/lib/libc_nano.a(lib_a-makebuf.o)
                              /shares/eslfiler1/apps/linux/Development/rv32imc/riscv32-unknown-elf/lib/libc_nano.a(lib_a-wsetup.o) (__smakebuf_r)
/shares/eslfiler1/apps/linux/Development/rv32imc/riscv32-unknown-elf/lib/libc_nano.a(lib_a-nano-freer.o)
                              /shares/eslfiler1/apps/linux/Development/rv32imc/riscv32-unknown-elf/lib/libc_nano.a(lib_a-reent.o) (_free_r)
/shares/eslfiler1/apps/linux/Development/rv32imc/riscv32-unknown-elf/lib/libc_nano.a(lib_a-nano-mallocr.o)
                              /shares/eslfiler1/apps/linux/Development/rv32imc/riscv32-unknown-elf/lib/libc_nano.a(lib_a-findfp.o) (_malloc_r)
/shares/eslfiler1/apps/linux/Development/rv32imc/riscv32-unknown-elf/lib/libc_nano.a(lib_a-sbrkr.o)
                              /shares/eslfiler1/apps/linux/Development/rv32imc/riscv32-unknown-elf/lib/libc_nano.a(lib_a-nano-mallocr.o) (_sbrk_r)
/shares/eslfiler1/apps/linux/Development/rv32imc/riscv32-unknown-elf/lib/libc_nano.a(lib_a-stdio.o)
                              /shares/eslfiler1/apps/linux/Development/rv32imc/riscv32-unknown-elf/lib/libc_nano.a(lib_a-findfp.o) (__sread)
/shares/eslfiler1/apps/linux/Development/rv32imc/riscv32-unknown-elf/lib/libc_nano.a(lib_a-writer.o)
                              /shares/eslfiler1/apps/linux/Development/rv32imc/riscv32-unknown-elf/lib/libc_nano.a(lib_a-stdio.o) (_write_r)
/shares/eslfiler1/apps/linux/Development/rv32imc/riscv32-unknown-elf/lib/libc_nano.a(lib_a-closer.o)
                              /shares/eslfiler1/apps/linux/Development/rv32imc/riscv32-unknown-elf/lib/libc_nano.a(lib_a-stdio.o) (_close_r)
/shares/eslfiler1/apps/linux/Development/rv32imc/riscv32-unknown-elf/lib/libc_nano.a(lib_a-fstatr.o)
                              /shares/eslfiler1/apps/linux/Development/rv32imc/riscv32-unknown-elf/lib/libc_nano.a(lib_a-makebuf.o) (_fstat_r)
/shares/eslfiler1/apps/linux/Development/rv32imc/riscv32-unknown-elf/lib/libc_nano.a(lib_a-isattyr.o)
                              /shares/eslfiler1/apps/linux/Development/rv32imc/riscv32-unknown-elf/lib/libc_nano.a(lib_a-makebuf.o) (_isatty_r)
/shares/eslfiler1/apps/linux/Development/rv32imc/riscv32-unknown-elf/lib/libc_nano.a(lib_a-lseekr.o)
                              /shares/eslfiler1/apps/linux/Development/rv32imc/riscv32-unknown-elf/lib/libc_nano.a(lib_a-stdio.o) (_lseek_r)
/shares/eslfiler1/apps/linux/Development/rv32imc/riscv32-unknown-elf/lib/libc_nano.a(lib_a-mlock.o)
                              /shares/eslfiler1/apps/linux/Development/rv32imc/riscv32-unknown-elf/lib/libc_nano.a(lib_a-nano-freer.o) (__malloc_lock)
/shares/eslfiler1/apps/linux/Development/rv32imc/riscv32-unknown-elf/lib/libc_nano.a(lib_a-readr.o)
                              /shares/eslfiler1/apps/linux/Development/rv32imc/riscv32-unknown-elf/lib/libc_nano.a(lib_a-stdio.o) (_read_r)
/shares/eslfiler1/apps/linux/Development/rv32imc/riscv32-unknown-elf/lib/libc_nano.a(lib_a-memcpy-asm.o)
                              /tmp/cc9hJ8un.ltrans0.ltrans.o (memcpy)
/shares/eslfiler1/apps/linux/Development/rv32imc/riscv32-unknown-elf/lib/libc_nano.a(lib_a-printf.o)
                              /tmp/cc9hJ8un.ltrans0.ltrans.o (printf)
/shares/eslfiler1/apps/linux/Development/rv32imc/riscv32-unknown-elf/lib/libc_nano.a(lib_a-nano-vfprintf.o)
                              /shares/eslfiler1/apps/linux/Development/rv32imc/riscv32-unknown-elf/lib/libc_nano.a(lib_a-printf.o) (_vfprintf_r)
/shares/eslfiler1/apps/linux/Development/rv32imc/riscv32-unknown-elf/lib/libc_nano.a(lib_a-fvwrite.o)
                              /shares/eslfiler1/apps/linux/Development/rv32imc/riscv32-unknown-elf/lib/libc_nano.a(lib_a-nano-vfprintf.o) (__sfvwrite_r)
/shares/eslfiler1/apps/linux/Development/rv32imc/riscv32-unknown-elf/lib/libc_nano.a(lib_a-memchr.o)
                              /shares/eslfiler1/apps/linux/Development/rv32imc/riscv32-unknown-elf/lib/libc_nano.a(lib_a-nano-vfprintf.o) (memchr)
/shares/eslfiler1/apps/linux/Development/rv32imc/riscv32-unknown-elf/lib/libc_nano.a(lib_a-memmove.o)
                              /shares/eslfiler1/apps/linux/Development/rv32imc/riscv32-unknown-elf/lib/libc_nano.a(lib_a-fvwrite.o) (memmove)
/shares/eslfiler1/apps/linux/Development/rv32imc/riscv32-unknown-elf/lib/libc_nano.a(lib_a-nano-reallocr.o)
                              /shares/eslfiler1/apps/linux/Development/rv32imc/riscv32-unknown-elf/lib/libc_nano.a(lib_a-fvwrite.o) (_realloc_r)
/shares/eslfiler1/apps/linux/Development/rv32imc/riscv32-unknown-elf/lib/libc_nano.a(lib_a-nano-vfprintf_i.o)
                              /shares/eslfiler1/apps/linux/Development/rv32imc/riscv32-unknown-elf/lib/libc_nano.a(lib_a-nano-vfprintf.o) (_printf_i)
/shares/eslfiler1/apps/linux/Development/rv32imc/riscv32-unknown-elf/lib/libc_nano.a(lib_a-nano-msizer.o)
                              /shares/eslfiler1/apps/linux/Development/rv32imc/riscv32-unknown-elf/lib/libc_nano.a(lib_a-nano-reallocr.o) (_malloc_usable_size_r)
/shares/eslfiler1/apps/linux/Development/rv32imc/lib/gcc/riscv32-unknown-elf/11.1.0/libgcc.a(_divdi3.o)
                              /tmp/cc9hJ8un.ltrans0.ltrans.o (__divdi3)
/shares/eslfiler1/apps/linux/Development/rv32imc/lib/gcc/riscv32-unknown-elf/11.1.0/libgcc.a(_udivdi3.o)
                              /tmp/cc9hJ8un.ltrans0.ltrans.o (__udivdi3)
/shares/eslfiler1/apps/linux/Development/rv32imc/lib/gcc/riscv32-unknown-elf/11.1.0/libgcc.a(_clz.o)
                              /shares/eslfiler1/apps/linux/Development/rv32imc/lib/gcc/riscv32-unknown-elf/11.1.0/libgcc.a(_divdi3.o) (__clz_tab)

Memory Configuration

Name             Origin             Length             Attributes
ram0             0x0000000000000000 0x0000000000008000 axrwl
ram1             0x0000000000008000 0x0000000000038000 axrwl
*default*        0x0000000000000000 0xffffffffffffffff

Linker script and memory map

LOAD /tmp/cchyeAls.o
LOAD /tmp/ccU2x79j.o
LOAD /tmp/ccf2k3kc.o
LOAD /tmp/cc9hJ8un.ltrans0.ltrans.o
LOAD /tmp/ccr9OyPe.debug.temp.o
LOAD /tmp/ccfZTGya.debug.temp.o
LOAD /tmp/ccTtwRh6.debug.temp.o
LOAD /tmp/ccLhc501.debug.temp.o
LOAD /tmp/ccrvvlKX.debug.temp.o
LOAD /tmp/cclq3EtT.debug.temp.o
LOAD /tmp/ccL5g2cP.debug.temp.o
LOAD /tmp/ccJiRsWK.debug.temp.o
LOAD /tmp/ccdi1VFG.debug.temp.o
LOAD /tmp/ccfR7rpC.debug.temp.o
LOAD /tmp/ccbJb18x.debug.temp.o
LOAD /tmp/ccX3oDSt.debug.temp.o
LOAD /tmp/ccxE1jCp.debug.temp.o
LOAD /tmp/ccTzF4ll.debug.temp.o
LOAD /tmp/cc9tCR5g.debug.temp.o
LOAD /tmp/cctOmHPc.debug.temp.o
LOAD /tmp/ccV0Bzz8.debug.temp.o
LOAD /tmp/cctcDuj4.debug.temp.o
LOAD /tmp/ccb50r3Z.debug.temp.o
LOAD /tmp/ccvdSrNV.debug.temp.o
LOAD /tmp/ccFmouxR.debug.temp.o
LOAD /tmp/ccbJezhN.debug.temp.o
LOAD /tmp/ccQR43z4.o
LOAD /tmp/cc3WMY9W.o
LOAD /tmp/ccCrWySP.o
LOAD /tmp/ccbqKFLI.o
LOAD /tmp/ccsdTyNB.o
LOAD /tmp/ccdirdWu.o
LOAD /tmp/cce7eedo.o
LOAD /tmp/cchtEtEh.o
LOAD /tmp/ccEjEIeb.o
LOAD /tmp/ccvrpc24.o
LOAD /tmp/ccmJCv3Y.o
LOAD /tmp/ccVf9LiT.o
LOAD /tmp/ccMdevFN.o
LOAD /tmp/cc19a3hI.o
LOAD /tmp/ccQo8l2C.o
LOAD /tmp/ccJBYMWx.o
LOAD /tmp/ccKoJ2Ys.o
LOAD /tmp/cc9ljvao.o
LOAD /tmp/cc629Ftj.o
LOAD /tmp/cclH02Re.o
LOAD /tmp/ccC2iYna.o
LOAD /shares/eslfiler1/apps/linux/Development/rv32imc/riscv32-unknown-elf/lib/libc_nano.a
LOAD /shares/eslfiler1/apps/linux/Development/rv32imc/riscv32-unknown-elf/lib/libm_nano.a
LOAD /shares/eslfiler1/apps/linux/Development/rv32imc/lib/gcc/riscv32-unknown-elf/11.1.0/libgcc.a
                0x0000000000000180                PROVIDE (__boot_address = 0x180)
                0x0000000000001000                __stack_size = DEFINED (__stack_size)?__stack_size:0x1000
                [!provide]                        PROVIDE (__stack_size = __stack_size)
                0x0000000000001000                __heap_size = DEFINED (__heap_size)?__heap_size:0x1000
                [!provide]                        PROVIDE (__executable_start = SEGMENT_START ("text-segment", 0x10000))
                0x0000000000010074                . = (SEGMENT_START ("text-segment", 0x10000) + SIZEOF_HEADERS)

.vectors        0x0000000000000000      0x104
                0x0000000000000000                PROVIDE (__vector_start = .)
 *(.vectors)
 .vectors       0x0000000000000000      0x104 /tmp/ccU2x79j.o

.init           0x0000000000000180       0xfc
 *(SORT_NONE(.init))
 *(.text.start)
 .text.start    0x0000000000000180       0xfc /tmp/cchyeAls.o
                0x0000000000000180                _start
                0x0000000000000278                _init
                0x000000000000027a                _fini

.text           0x000000000000027c     0x29a0
 *(.text.unlikely .text.*_unlikely .text.unlikely.*)
 *(.text.exit .text.exit.*)
 .text.exit     0x000000000000027c       0x24 /shares/eslfiler1/apps/linux/Development/rv32imc/riscv32-unknown-elf/lib/libc_nano.a(lib_a-exit.o)
                0x000000000000027c                exit
 *(.text.startup .text.startup.*)
 .text.startup.main
                0x00000000000002a0      0x286 /tmp/cc9hJ8un.ltrans0.ltrans.o
                0x00000000000002a0                main
 *(.text.hot .text.hot.*)
 *(.text .stub .text.* .gnu.linkonce.t.*)
 .text          0x0000000000000526        0x0 /tmp/cchyeAls.o
 .text          0x0000000000000526        0x0 /tmp/ccU2x79j.o
 .text.vecs     0x0000000000000526       0x14 /tmp/ccU2x79j.o
 .text          0x000000000000053a        0x0 /tmp/cc9hJ8un.ltrans0.ltrans.o
 .text.power_gate_core_asm
                0x000000000000053a      0x1a6 /tmp/cc9hJ8un.ltrans0.ltrans.o
 .text.power_gate_core.constprop.0
                0x00000000000006e0       0x4a /tmp/cc9hJ8un.ltrans0.ltrans.o
 .text.print_exc_msg
                0x000000000000072a       0x20 /tmp/cc9hJ8un.ltrans0.ltrans.o
 .text.handler_instr_acc_fault
                0x000000000000074a       0x18 /tmp/cc9hJ8un.ltrans0.ltrans.o
 .text.handler_lsu_fault
                0x0000000000000762       0x18 /tmp/cc9hJ8un.ltrans0.ltrans.o
 .text.init     0x000000000000077a        0x4 /tmp/cc9hJ8un.ltrans0.ltrans.o
                0x000000000000077a                init
 .text._close   0x000000000000077e        0x4 /tmp/cc9hJ8un.ltrans0.ltrans.o
                0x000000000000077e                _close
 .text._exit    0x0000000000000782       0x10 /tmp/cc9hJ8un.ltrans0.ltrans.o
                0x0000000000000782                _exit
 .text._fstat   0x0000000000000792        0x8 /tmp/cc9hJ8un.ltrans0.ltrans.o
                0x0000000000000792                _fstat
 .text._isatty  0x000000000000079a        0x8 /tmp/cc9hJ8un.ltrans0.ltrans.o
                0x000000000000079a                _isatty
 .text._lseek   0x00000000000007a2        0x4 /tmp/cc9hJ8un.ltrans0.ltrans.o
                0x00000000000007a2                _lseek
 .text._read    0x00000000000007a6        0x4 /tmp/cc9hJ8un.ltrans0.ltrans.o
                0x00000000000007a6                _read
 .text._write   0x00000000000007aa       0xa2 /tmp/cc9hJ8un.ltrans0.ltrans.o
                0x00000000000007aa                _write
 .text._sbrk    0x000000000000084c       0x2c /tmp/cc9hJ8un.ltrans0.ltrans.o
                0x000000000000084c                _sbrk
 .text.handler_exception
                0x0000000000000878       0x6e /tmp/cc9hJ8un.ltrans0.ltrans.o
                0x0000000000000878                handler_exception
 *fill*         0x00000000000008e6        0x2 
 .text.handler_irq_software
                0x00000000000008e8       0x2e /tmp/cc9hJ8un.ltrans0.ltrans.o
                0x00000000000008e8                handler_irq_software
 *fill*         0x0000000000000916        0x2 
 .text.handler_irq_timer
                0x0000000000000918       0x2e /tmp/cc9hJ8un.ltrans0.ltrans.o
                0x0000000000000918                handler_irq_timer
 *fill*         0x0000000000000946        0x2 
 .text.handler_irq_external
                0x0000000000000948       0x2e /tmp/cc9hJ8un.ltrans0.ltrans.o
                0x0000000000000948                handler_irq_external
 *fill*         0x0000000000000976        0x2 
 .text.handler_irq_fast_timer_1
                0x0000000000000978       0x2e /tmp/cc9hJ8un.ltrans0.ltrans.o
                0x0000000000000978                handler_irq_fast_timer_1
 *fill*         0x00000000000009a6        0x2 
 .text.handler_irq_fast_timer_2
                0x00000000000009a8       0x2e /tmp/cc9hJ8un.ltrans0.ltrans.o
                0x00000000000009a8                handler_irq_fast_timer_2
 *fill*         0x00000000000009d6        0x2 
 .text.handler_irq_fast_timer_3
                0x00000000000009d8       0x2e /tmp/cc9hJ8un.ltrans0.ltrans.o
                0x00000000000009d8                handler_irq_fast_timer_3
 *fill*         0x0000000000000a06        0x2 
 .text.handler_irq_fast_dma
                0x0000000000000a08       0x2e /tmp/cc9hJ8un.ltrans0.ltrans.o
                0x0000000000000a08                handler_irq_fast_dma
 *fill*         0x0000000000000a36        0x2 
 .text.handler_irq_fast_spi
                0x0000000000000a38       0x2e /tmp/cc9hJ8un.ltrans0.ltrans.o
                0x0000000000000a38                handler_irq_fast_spi
 *fill*         0x0000000000000a66        0x2 
 .text.handler_irq_fast_spi_flash
                0x0000000000000a68       0x2e /tmp/cc9hJ8un.ltrans0.ltrans.o
                0x0000000000000a68                handler_irq_fast_spi_flash
 *fill*         0x0000000000000a96        0x2 
 .text.handler_irq_fast_gpio_0
                0x0000000000000a98       0x2e /tmp/cc9hJ8un.ltrans0.ltrans.o
                0x0000000000000a98                handler_irq_fast_gpio_0
 *fill*         0x0000000000000ac6        0x2 
 .text.handler_irq_fast_gpio_1
                0x0000000000000ac8       0x2e /tmp/cc9hJ8un.ltrans0.ltrans.o
                0x0000000000000ac8                handler_irq_fast_gpio_1
 *fill*         0x0000000000000af6        0x2 
 .text.handler_irq_fast_gpio_2
                0x0000000000000af8       0x2e /tmp/cc9hJ8un.ltrans0.ltrans.o
                0x0000000000000af8                handler_irq_fast_gpio_2
 *fill*         0x0000000000000b26        0x2 
 .text.handler_irq_fast_gpio_3
                0x0000000000000b28       0x2e /tmp/cc9hJ8un.ltrans0.ltrans.o
                0x0000000000000b28                handler_irq_fast_gpio_3
 *fill*         0x0000000000000b56        0x2 
 .text.handler_irq_fast_gpio_4
                0x0000000000000b58       0x2e /tmp/cc9hJ8un.ltrans0.ltrans.o
                0x0000000000000b58                handler_irq_fast_gpio_4
 *fill*         0x0000000000000b86        0x2 
 .text.handler_irq_fast_gpio_5
                0x0000000000000b88       0x2e /tmp/cc9hJ8un.ltrans0.ltrans.o
                0x0000000000000b88                handler_irq_fast_gpio_5
 *fill*         0x0000000000000bb6        0x2 
 .text.handler_irq_fast_gpio_6
                0x0000000000000bb8       0x2e /tmp/cc9hJ8un.ltrans0.ltrans.o
                0x0000000000000bb8                handler_irq_fast_gpio_6
 *fill*         0x0000000000000be6        0x2 
 .text.handler_irq_fast_gpio_7
                0x0000000000000be8       0x2e /tmp/cc9hJ8un.ltrans0.ltrans.o
                0x0000000000000be8                handler_irq_fast_gpio_7
 .text          0x0000000000000c16        0x0 /shares/eslfiler1/apps/linux/Development/rv32imc/riscv32-unknown-elf/lib/libc_nano.a(lib_a-atexit.o)
 .text.atexit   0x0000000000000c16        0xa /shares/eslfiler1/apps/linux/Development/rv32imc/riscv32-unknown-elf/lib/libc_nano.a(lib_a-atexit.o)
                0x0000000000000c16                atexit
 .text          0x0000000000000c20        0x0 /shares/eslfiler1/apps/linux/Development/rv32imc/riscv32-unknown-elf/lib/libc_nano.a(lib_a-exit.o)
 .text          0x0000000000000c20        0x0 /shares/eslfiler1/apps/linux/Development/rv32imc/riscv32-unknown-elf/lib/libc_nano.a(lib_a-fini.o)
 .text.__libc_fini_array
                0x0000000000000c20       0x36 /shares/eslfiler1/apps/linux/Development/rv32imc/riscv32-unknown-elf/lib/libc_nano.a(lib_a-fini.o)
                0x0000000000000c20                __libc_fini_array
 .text          0x0000000000000c56        0x0 /shares/eslfiler1/apps/linux/Development/rv32imc/riscv32-unknown-elf/lib/libc_nano.a(lib_a-impure.o)
 .text          0x0000000000000c56        0x0 /shares/eslfiler1/apps/linux/Development/rv32imc/riscv32-unknown-elf/lib/libc_nano.a(lib_a-init.o)
 .text.__libc_init_array
                0x0000000000000c56       0x5e /shares/eslfiler1/apps/linux/Development/rv32imc/riscv32-unknown-elf/lib/libc_nano.a(lib_a-init.o)
                0x0000000000000c56                __libc_init_array
 .text          0x0000000000000cb4       0x10 /shares/eslfiler1/apps/linux/Development/rv32imc/riscv32-unknown-elf/lib/libc_nano.a(lib_a-memset.o)
                0x0000000000000cb4                memset
 .text          0x0000000000000cc4        0x0 /shares/eslfiler1/apps/linux/Development/rv32imc/riscv32-unknown-elf/lib/libc_nano.a(lib_a-puts.o)
 .text._puts_r  0x0000000000000cc4       0xd8 /shares/eslfiler1/apps/linux/Development/rv32imc/riscv32-unknown-elf/lib/libc_nano.a(lib_a-puts.o)
                0x0000000000000cc4                _puts_r
 .text.puts     0x0000000000000d9c        0x8 /shares/eslfiler1/apps/linux/Development/rv32imc/riscv32-unknown-elf/lib/libc_nano.a(lib_a-puts.o)
                0x0000000000000d9c                puts
 .text          0x0000000000000da4        0x0 /shares/eslfiler1/apps/linux/Development/rv32imc/riscv32-unknown-elf/lib/libc_nano.a(lib_a-reent.o)
 .text.cleanup_glue
                0x0000000000000da4       0x22 /shares/eslfiler1/apps/linux/Development/rv32imc/riscv32-unknown-elf/lib/libc_nano.a(lib_a-reent.o)
                0x0000000000000da4                cleanup_glue
 .text._reclaim_reent
                0x0000000000000dc6       0xd4 /shares/eslfiler1/apps/linux/Development/rv32imc/riscv32-unknown-elf/lib/libc_nano.a(lib_a-reent.o)
                0x0000000000000dc6                _reclaim_reent
 .text          0x0000000000000e9a        0x0 /shares/eslfiler1/apps/linux/Development/rv32imc/riscv32-unknown-elf/lib/libc_nano.a(lib_a-wbuf.o)
 .text.__swbuf_r
                0x0000000000000e9a       0xba /shares/eslfiler1/apps/linux/Development/rv32imc/riscv32-unknown-elf/lib/libc_nano.a(lib_a-wbuf.o)
                0x0000000000000e9a                __swbuf_r
 .text.__swbuf  0x0000000000000f54        0xa /shares/eslfiler1/apps/linux/Development/rv32imc/riscv32-unknown-elf/lib/libc_nano.a(lib_a-wbuf.o)
                0x0000000000000f54                __swbuf
 .text          0x0000000000000f5e        0x0 /shares/eslfiler1/apps/linux/Development/rv32imc/riscv32-unknown-elf/lib/libc_nano.a(lib_a-wsetup.o)
 .text.__swsetup_r
                0x0000000000000f5e      0x102 /shares/eslfiler1/apps/linux/Development/rv32imc/riscv32-unknown-elf/lib/libc_nano.a(lib_a-wsetup.o)
                0x0000000000000f5e                __swsetup_r
 .text          0x0000000000001060        0x0 /shares/eslfiler1/apps/linux/Development/rv32imc/riscv32-unknown-elf/lib/libc_nano.a(lib_a-__atexit.o)
 .text.__register_exitproc
                0x0000000000001060       0x7c /shares/eslfiler1/apps/linux/Development/rv32imc/riscv32-unknown-elf/lib/libc_nano.a(lib_a-__atexit.o)
                0x0000000000001060                __register_exitproc
 .text          0x00000000000010dc        0x0 /shares/eslfiler1/apps/linux/Development/rv32imc/riscv32-unknown-elf/lib/libc_nano.a(lib_a-__call_atexit.o)
 .text.__call_exitprocs
                0x00000000000010dc       0xc4 /shares/eslfiler1/apps/linux/Development/rv32imc/riscv32-unknown-elf/lib/libc_nano.a(lib_a-__call_atexit.o)
                0x00000000000010dc                __call_exitprocs
 .text          0x00000000000011a0        0x0 /shares/eslfiler1/apps/linux/Development/rv32imc/riscv32-unknown-elf/lib/libc_nano.a(lib_a-fflush.o)
 .text.__sflush_r
                0x00000000000011a0      0x146 /shares/eslfiler1/apps/linux/Development/rv32imc/riscv32-unknown-elf/lib/libc_nano.a(lib_a-fflush.o)
                0x00000000000011a0                __sflush_r
 .text._fflush_r
                0x00000000000012e6       0x5e /shares/eslfiler1/apps/linux/Development/rv32imc/riscv32-unknown-elf/lib/libc_nano.a(lib_a-fflush.o)
                0x00000000000012e6                _fflush_r
 .text.fflush   0x0000000000001344       0x16 /shares/eslfiler1/apps/linux/Development/rv32imc/riscv32-unknown-elf/lib/libc_nano.a(lib_a-fflush.o)
                0x0000000000001344                fflush
 .text          0x000000000000135a        0x0 /shares/eslfiler1/apps/linux/Development/rv32imc/riscv32-unknown-elf/lib/libc_nano.a(lib_a-findfp.o)
 .text.__fp_lock
                0x000000000000135a        0x4 /shares/eslfiler1/apps/linux/Development/rv32imc/riscv32-unknown-elf/lib/libc_nano.a(lib_a-findfp.o)
 .text.std      0x000000000000135e       0x62 /shares/eslfiler1/apps/linux/Development/rv32imc/riscv32-unknown-elf/lib/libc_nano.a(lib_a-findfp.o)
 .text._cleanup_r
                0x00000000000013c0        0x8 /shares/eslfiler1/apps/linux/Development/rv32imc/riscv32-unknown-elf/lib/libc_nano.a(lib_a-findfp.o)
                0x00000000000013c0                _cleanup_r
 .text.__fp_unlock
                0x00000000000013c8        0x4 /shares/eslfiler1/apps/linux/Development/rv32imc/riscv32-unknown-elf/lib/libc_nano.a(lib_a-findfp.o)
 .text.__sfmoreglue
                0x00000000000013cc       0x46 /shares/eslfiler1/apps/linux/Development/rv32imc/riscv32-unknown-elf/lib/libc_nano.a(lib_a-findfp.o)
                0x00000000000013cc                __sfmoreglue
 .text._cleanup
                0x0000000000001412        0x6 /shares/eslfiler1/apps/linux/Development/rv32imc/riscv32-unknown-elf/lib/libc_nano.a(lib_a-findfp.o)
                0x0000000000001412                _cleanup
 .text.__sinit  0x0000000000001418       0x64 /shares/eslfiler1/apps/linux/Development/rv32imc/riscv32-unknown-elf/lib/libc_nano.a(lib_a-findfp.o)
                0x0000000000001418                __sinit
 .text.__sfp    0x000000000000147c       0x9a /shares/eslfiler1/apps/linux/Development/rv32imc/riscv32-unknown-elf/lib/libc_nano.a(lib_a-findfp.o)
                0x000000000000147c                __sfp
 .text.__sfp_lock_acquire
                0x0000000000001516        0x2 /shares/eslfiler1/apps/linux/Development/rv32imc/riscv32-unknown-elf/lib/libc_nano.a(lib_a-findfp.o)
                0x0000000000001516                __sfp_lock_acquire
 .text.__sfp_lock_release
                0x0000000000001518        0x2 /shares/eslfiler1/apps/linux/Development/rv32imc/riscv32-unknown-elf/lib/libc_nano.a(lib_a-findfp.o)
                0x0000000000001518                __sfp_lock_release
 .text.__sinit_lock_acquire
                0x000000000000151a        0x2 /shares/eslfiler1/apps/linux/Development/rv32imc/riscv32-unknown-elf/lib/libc_nano.a(lib_a-findfp.o)
                0x000000000000151a                __sinit_lock_acquire
 .text.__sinit_lock_release
                0x000000000000151c        0x2 /shares/eslfiler1/apps/linux/Development/rv32imc/riscv32-unknown-elf/lib/libc_nano.a(lib_a-findfp.o)
                0x000000000000151c                __sinit_lock_release
 .text.__fp_lock_all
                0x000000000000151e        0xc /shares/eslfiler1/apps/linux/Development/rv32imc/riscv32-unknown-elf/lib/libc_nano.a(lib_a-findfp.o)
                0x000000000000151e                __fp_lock_all
 .text.__fp_unlock_all
                0x000000000000152a        0xc /shares/eslfiler1/apps/linux/Development/rv32imc/riscv32-unknown-elf/lib/libc_nano.a(lib_a-findfp.o)
                0x000000000000152a                __fp_unlock_all
 .text          0x0000000000001536        0x0 /shares/eslfiler1/apps/linux/Development/rv32imc/riscv32-unknown-elf/lib/libc_nano.a(lib_a-fwalk.o)
 .text._fwalk   0x0000000000001536       0x62 /shares/eslfiler1/apps/linux/Development/rv32imc/riscv32-unknown-elf/lib/libc_nano.a(lib_a-fwalk.o)
                0x0000000000001536                _fwalk
 .text._fwalk_reent
                0x0000000000001598       0x6a /shares/eslfiler1/apps/linux/Development/rv32imc/riscv32-unknown-elf/lib/libc_nano.a(lib_a-fwalk.o)
                0x0000000000001598                _fwalk_reent
 .text          0x0000000000001602        0x0 /shares/eslfiler1/apps/linux/Development/rv32imc/riscv32-unknown-elf/lib/libc_nano.a(lib_a-makebuf.o)
 .text.__swhatbuf_r
                0x0000000000001602       0x5c /shares/eslfiler1/apps/linux/Development/rv32imc/riscv32-unknown-elf/lib/libc_nano.a(lib_a-makebuf.o)
                0x0000000000001602                __swhatbuf_r
 .text.__smakebuf_r
                0x000000000000165e       0x9a /shares/eslfiler1/apps/linux/Development/rv32imc/riscv32-unknown-elf/lib/libc_nano.a(lib_a-makebuf.o)
                0x000000000000165e                __smakebuf_r
 .text          0x00000000000016f8        0x0 /shares/eslfiler1/apps/linux/Development/rv32imc/riscv32-unknown-elf/lib/libc_nano.a(lib_a-nano-freer.o)
 .text._free_r  0x00000000000016f8       0x9e /shares/eslfiler1/apps/linux/Development/rv32imc/riscv32-unknown-elf/lib/libc_nano.a(lib_a-nano-freer.o)
                0x00000000000016f8                _free_r
 .text          0x0000000000001796        0x0 /shares/eslfiler1/apps/linux/Development/rv32imc/riscv32-unknown-elf/lib/libc_nano.a(lib_a-nano-mallocr.o)
 .text._malloc_r
                0x0000000000001796       0xd4 /shares/eslfiler1/apps/linux/Development/rv32imc/riscv32-unknown-elf/lib/libc_nano.a(lib_a-nano-mallocr.o)
                0x0000000000001796                _malloc_r
 .text          0x000000000000186a        0x0 /shares/eslfiler1/apps/linux/Development/rv32imc/riscv32-unknown-elf/lib/libc_nano.a(lib_a-sbrkr.o)
 .text._sbrk_r  0x000000000000186a       0x2c /shares/eslfiler1/apps/linux/Development/rv32imc/riscv32-unknown-elf/lib/libc_nano.a(lib_a-sbrkr.o)
                0x000000000000186a                _sbrk_r
 .text          0x0000000000001896        0x0 /shares/eslfiler1/apps/linux/Development/rv32imc/riscv32-unknown-elf/lib/libc_nano.a(lib_a-stdio.o)
 .text.__sread  0x0000000000001896       0x30 /shares/eslfiler1/apps/linux/Development/rv32imc/riscv32-unknown-elf/lib/libc_nano.a(lib_a-stdio.o)
                0x0000000000001896                __sread
 .text.__seofread
                0x00000000000018c6        0x4 /shares/eslfiler1/apps/linux/Development/rv32imc/riscv32-unknown-elf/lib/libc_nano.a(lib_a-stdio.o)
                0x00000000000018c6                __seofread
 .text.__swrite
                0x00000000000018ca       0x4e /shares/eslfiler1/apps/linux/Development/rv32imc/riscv32-unknown-elf/lib/libc_nano.a(lib_a-stdio.o)
                0x00000000000018ca                __swrite
 .text.__sseek  0x0000000000001918       0x36 /shares/eslfiler1/apps/linux/Development/rv32imc/riscv32-unknown-elf/lib/libc_nano.a(lib_a-stdio.o)
                0x0000000000001918                __sseek
 .text.__sclose
                0x000000000000194e        0x6 /shares/eslfiler1/apps/linux/Development/rv32imc/riscv32-unknown-elf/lib/libc_nano.a(lib_a-stdio.o)
                0x000000000000194e                __sclose
 .text          0x0000000000001954        0x0 /shares/eslfiler1/apps/linux/Development/rv32imc/riscv32-unknown-elf/lib/libc_nano.a(lib_a-writer.o)
 .text._write_r
                0x0000000000001954       0x30 /shares/eslfiler1/apps/linux/Development/rv32imc/riscv32-unknown-elf/lib/libc_nano.a(lib_a-writer.o)
                0x0000000000001954                _write_r
 .text          0x0000000000001984        0x0 /shares/eslfiler1/apps/linux/Development/rv32imc/riscv32-unknown-elf/lib/libc_nano.a(lib_a-closer.o)
 .text._close_r
                0x0000000000001984       0x2c /shares/eslfiler1/apps/linux/Development/rv32imc/riscv32-unknown-elf/lib/libc_nano.a(lib_a-closer.o)
                0x0000000000001984                _close_r
 .text          0x00000000000019b0        0x0 /shares/eslfiler1/apps/linux/Development/rv32imc/riscv32-unknown-elf/lib/libc_nano.a(lib_a-fstatr.o)
 .text._fstat_r
                0x00000000000019b0       0x2e /shares/eslfiler1/apps/linux/Development/rv32imc/riscv32-unknown-elf/lib/libc_nano.a(lib_a-fstatr.o)
                0x00000000000019b0                _fstat_r
 .text          0x00000000000019de        0x0 /shares/eslfiler1/apps/linux/Development/rv32imc/riscv32-unknown-elf/lib/libc_nano.a(lib_a-isattyr.o)
 .text._isatty_r
                0x00000000000019de       0x2c /shares/eslfiler1/apps/linux/Development/rv32imc/riscv32-unknown-elf/lib/libc_nano.a(lib_a-isattyr.o)
                0x00000000000019de                _isatty_r
 .text          0x0000000000001a0a        0x0 /shares/eslfiler1/apps/linux/Development/rv32imc/riscv32-unknown-elf/lib/libc_nano.a(lib_a-lseekr.o)
 .text._lseek_r
                0x0000000000001a0a       0x30 /shares/eslfiler1/apps/linux/Development/rv32imc/riscv32-unknown-elf/lib/libc_nano.a(lib_a-lseekr.o)
                0x0000000000001a0a                _lseek_r
 .text          0x0000000000001a3a        0x0 /shares/eslfiler1/apps/linux/Development/rv32imc/riscv32-unknown-elf/lib/libc_nano.a(lib_a-mlock.o)
 .text.__malloc_lock
                0x0000000000001a3a        0x2 /shares/eslfiler1/apps/linux/Development/rv32imc/riscv32-unknown-elf/lib/libc_nano.a(lib_a-mlock.o)
                0x0000000000001a3a                __malloc_lock
 .text.__malloc_unlock
                0x0000000000001a3c        0x2 /shares/eslfiler1/apps/linux/Development/rv32imc/riscv32-unknown-elf/lib/libc_nano.a(lib_a-mlock.o)
                0x0000000000001a3c                __malloc_unlock
 .text          0x0000000000001a3e        0x0 /shares/eslfiler1/apps/linux/Development/rv32imc/riscv32-unknown-elf/lib/libc_nano.a(lib_a-readr.o)
 .text._read_r  0x0000000000001a3e       0x30 /shares/eslfiler1/apps/linux/Development/rv32imc/riscv32-unknown-elf/lib/libc_nano.a(lib_a-readr.o)
                0x0000000000001a3e                _read_r
 .text          0x0000000000001a6e       0x16 /shares/eslfiler1/apps/linux/Development/rv32imc/riscv32-unknown-elf/lib/libc_nano.a(lib_a-memcpy-asm.o)
                0x0000000000001a6e                memcpy
 .text          0x0000000000001a84        0x0 /shares/eslfiler1/apps/linux/Development/rv32imc/riscv32-unknown-elf/lib/libc_nano.a(lib_a-printf.o)
 .text._printf_r
                0x0000000000001a84       0x38 /shares/eslfiler1/apps/linux/Development/rv32imc/riscv32-unknown-elf/lib/libc_nano.a(lib_a-printf.o)
                0x0000000000001a84                _printf_r
                0x0000000000001a84                _iprintf_r
 .text.printf   0x0000000000001abc       0x3a /shares/eslfiler1/apps/linux/Development/rv32imc/riscv32-unknown-elf/lib/libc_nano.a(lib_a-printf.o)
                0x0000000000001abc                printf
                0x0000000000001abc                iprintf
 .text          0x0000000000001af6        0x0 /shares/eslfiler1/apps/linux/Development/rv32imc/riscv32-unknown-elf/lib/libc_nano.a(lib_a-nano-vfprintf.o)
 .text.__sfputc_r
                0x0000000000001af6       0x2a /shares/eslfiler1/apps/linux/Development/rv32imc/riscv32-unknown-elf/lib/libc_nano.a(lib_a-nano-vfprintf.o)
 .text.__sfputs_r
                0x0000000000001b20       0x42 /shares/eslfiler1/apps/linux/Development/rv32imc/riscv32-unknown-elf/lib/libc_nano.a(lib_a-nano-vfprintf.o)
                0x0000000000001b20                __sfputs_r
 .text.__sprint_r
                0x0000000000001b62       0x22 /shares/eslfiler1/apps/linux/Development/rv32imc/riscv32-unknown-elf/lib/libc_nano.a(lib_a-nano-vfprintf.o)
                0x0000000000001b62                __sprint_r
 .text._vfprintf_r
                0x0000000000001b84      0x292 /shares/eslfiler1/apps/linux/Development/rv32imc/riscv32-unknown-elf/lib/libc_nano.a(lib_a-nano-vfprintf.o)
                0x0000000000001b84                _vfiprintf_r
                0x0000000000001b84                _vfprintf_r
 .text.vfprintf
                0x0000000000001e16        0xc /shares/eslfiler1/apps/linux/Development/rv32imc/riscv32-unknown-elf/lib/libc_nano.a(lib_a-nano-vfprintf.o)
                0x0000000000001e16                vfiprintf
                0x0000000000001e16                vfprintf
 .text          0x0000000000001e22        0x0 /shares/eslfiler1/apps/linux/Development/rv32imc/riscv32-unknown-elf/lib/libc_nano.a(lib_a-fvwrite.o)
 .text.__sfvwrite_r
                0x0000000000001e22      0x2cc /shares/eslfiler1/apps/linux/Development/rv32imc/riscv32-unknown-elf/lib/libc_nano.a(lib_a-fvwrite.o)
                0x0000000000001e22                __sfvwrite_r
 .text          0x00000000000020ee        0x0 /shares/eslfiler1/apps/linux/Development/rv32imc/riscv32-unknown-elf/lib/libc_nano.a(lib_a-memchr.o)
 .text.memchr   0x00000000000020ee       0x1a /shares/eslfiler1/apps/linux/Development/rv32imc/riscv32-unknown-elf/lib/libc_nano.a(lib_a-memchr.o)
                0x00000000000020ee                memchr
 .text          0x0000000000002108       0x26 /shares/eslfiler1/apps/linux/Development/rv32imc/riscv32-unknown-elf/lib/libc_nano.a(lib_a-memmove.o)
                0x0000000000002108                memmove
 .text          0x000000000000212e        0x0 /shares/eslfiler1/apps/linux/Development/rv32imc/riscv32-unknown-elf/lib/libc_nano.a(lib_a-nano-reallocr.o)
 .text._realloc_r
                0x000000000000212e       0x7c /shares/eslfiler1/apps/linux/Development/rv32imc/riscv32-unknown-elf/lib/libc_nano.a(lib_a-nano-reallocr.o)
                0x000000000000212e                _realloc_r
 .text          0x00000000000021aa        0x0 /shares/eslfiler1/apps/linux/Development/rv32imc/riscv32-unknown-elf/lib/libc_nano.a(lib_a-nano-vfprintf_i.o)
 .text._printf_common
                0x00000000000021aa      0x110 /shares/eslfiler1/apps/linux/Development/rv32imc/riscv32-unknown-elf/lib/libc_nano.a(lib_a-nano-vfprintf_i.o)
                0x00000000000021aa                _printf_common
 .text._printf_i
                0x00000000000022ba      0x25a /shares/eslfiler1/apps/linux/Development/rv32imc/riscv32-unknown-elf/lib/libc_nano.a(lib_a-nano-vfprintf_i.o)
                0x00000000000022ba                _printf_i
 .text          0x0000000000002514        0x0 /shares/eslfiler1/apps/linux/Development/rv32imc/riscv32-unknown-elf/lib/libc_nano.a(lib_a-nano-msizer.o)
 .text._malloc_usable_size_r
                0x0000000000002514       0x14 /shares/eslfiler1/apps/linux/Development/rv32imc/riscv32-unknown-elf/lib/libc_nano.a(lib_a-nano-msizer.o)
                0x0000000000002514                _malloc_usable_size_r
 .text          0x0000000000002528      0x39a /shares/eslfiler1/apps/linux/Development/rv32imc/lib/gcc/riscv32-unknown-elf/11.1.0/libgcc.a(_divdi3.o)
                0x0000000000002528                __divdi3
 .text          0x00000000000028c2      0x35a /shares/eslfiler1/apps/linux/Development/rv32imc/lib/gcc/riscv32-unknown-elf/11.1.0/libgcc.a(_udivdi3.o)
                0x00000000000028c2                __udivdi3
 .text          0x0000000000002c1c        0x0 /shares/eslfiler1/apps/linux/Development/rv32imc/lib/gcc/riscv32-unknown-elf/11.1.0/libgcc.a(_clz.o)
 *(.gnu.warning)

.power_manager  0x0000000000002c1c      0x100
                0x0000000000002c1c                PROVIDE (__power_manager_start = .)
                0x0000000000002d1c                . = (. + 0x100)
 *fill*         0x0000000000002c1c      0x100 

.fini
 *(SORT_NONE(.fini))
                [!provide]                        PROVIDE (__etext = .)
                [!provide]                        PROVIDE (_etext = .)
                [!provide]                        PROVIDE (etext = .)

.rodata         0x0000000000008000      0x784
 *(.rodata .rodata.* .gnu.linkonce.r.*)
 .rodata        0x0000000000008000       0x20 /tmp/ccU2x79j.o
 .rodata.print_exc_msg.str1.4
                0x0000000000008020       0x19 /tmp/cc9hJ8un.ltrans0.ltrans.o
 *fill*         0x0000000000008039        0x3 
 .rodata.handler_instr_acc_fault.str1.4
                0x000000000000803c       0x35 /tmp/cc9hJ8un.ltrans0.ltrans.o
 *fill*         0x0000000000008071        0x3 
 .rodata.handler_lsu_fault.str1.4
                0x0000000000008074       0x31 /tmp/cc9hJ8un.ltrans0.ltrans.o
 *fill*         0x00000000000080a5        0x3 
 .rodata.main.str1.4
                0x00000000000080a8      0x252 /tmp/cc9hJ8un.ltrans0.ltrans.o
 *fill*         0x00000000000082fa        0x2 
 .rodata.handler_exception.str1.4
                0x00000000000082fc       0x95 /tmp/cc9hJ8un.ltrans0.ltrans.o
 *fill*         0x0000000000008391        0x3 
 .rodata.handler_exception
                0x0000000000008394       0x30 /tmp/cc9hJ8un.ltrans0.ltrans.o
 .rodata.handler_irq_software.str1.4
                0x00000000000083c4       0x18 /tmp/cc9hJ8un.ltrans0.ltrans.o
 .rodata.handler_irq_timer.str1.4
                0x00000000000083dc       0x15 /tmp/cc9hJ8un.ltrans0.ltrans.o
 *fill*         0x00000000000083f1        0x3 
 .rodata.handler_irq_external.str1.4
                0x00000000000083f4       0x18 /tmp/cc9hJ8un.ltrans0.ltrans.o
 .rodata.handler_irq_fast_timer_1.str1.4
                0x000000000000840c       0x1c /tmp/cc9hJ8un.ltrans0.ltrans.o
 .rodata.handler_irq_fast_timer_2.str1.4
                0x0000000000008428       0x1c /tmp/cc9hJ8un.ltrans0.ltrans.o
 .rodata.handler_irq_fast_timer_3.str1.4
                0x0000000000008444       0x1c /tmp/cc9hJ8un.ltrans0.ltrans.o
 .rodata.handler_irq_fast_dma.str1.4
                0x0000000000008460       0x18 /tmp/cc9hJ8un.ltrans0.ltrans.o
 .rodata.handler_irq_fast_spi.str1.4
                0x0000000000008478       0x18 /tmp/cc9hJ8un.ltrans0.ltrans.o
 .rodata.handler_irq_fast_spi_flash.str1.4
                0x0000000000008490       0x1e /tmp/cc9hJ8un.ltrans0.ltrans.o
 *fill*         0x00000000000084ae        0x2 
 .rodata.handler_irq_fast_gpio_0.str1.4
                0x00000000000084b0       0x1b /tmp/cc9hJ8un.ltrans0.ltrans.o
 *fill*         0x00000000000084cb        0x1 
 .rodata.handler_irq_fast_gpio_1.str1.4
                0x00000000000084cc       0x1b /tmp/cc9hJ8un.ltrans0.ltrans.o
 *fill*         0x00000000000084e7        0x1 
 .rodata.handler_irq_fast_gpio_2.str1.4
                0x00000000000084e8       0x1b /tmp/cc9hJ8un.ltrans0.ltrans.o
 *fill*         0x0000000000008503        0x1 
 .rodata.handler_irq_fast_gpio_3.str1.4
                0x0000000000008504       0x1b /tmp/cc9hJ8un.ltrans0.ltrans.o
 *fill*         0x000000000000851f        0x1 
 .rodata.handler_irq_fast_gpio_4.str1.4
                0x0000000000008520       0x1b /tmp/cc9hJ8un.ltrans0.ltrans.o
 *fill*         0x000000000000853b        0x1 
 .rodata.handler_irq_fast_gpio_5.str1.4
                0x000000000000853c       0x1b /tmp/cc9hJ8un.ltrans0.ltrans.o
 *fill*         0x0000000000008557        0x1 
 .rodata.handler_irq_fast_gpio_6.str1.4
                0x0000000000008558       0x1b /tmp/cc9hJ8un.ltrans0.ltrans.o
 *fill*         0x0000000000008573        0x1 
 .rodata.handler_irq_fast_gpio_7.str1.4
                0x0000000000008574       0x1b /tmp/cc9hJ8un.ltrans0.ltrans.o
 *fill*         0x000000000000858f        0x1 
 .rodata.__sf_fake_stderr
                0x0000000000008590       0x20 /shares/eslfiler1/apps/linux/Development/rv32imc/riscv32-unknown-elf/lib/libc_nano.a(lib_a-findfp.o)
                0x0000000000008590                __sf_fake_stderr
 .rodata.__sf_fake_stdin
                0x00000000000085b0       0x20 /shares/eslfiler1/apps/linux/Development/rv32imc/riscv32-unknown-elf/lib/libc_nano.a(lib_a-findfp.o)
                0x00000000000085b0                __sf_fake_stdin
 .rodata.__sf_fake_stdout
                0x00000000000085d0       0x20 /shares/eslfiler1/apps/linux/Development/rv32imc/riscv32-unknown-elf/lib/libc_nano.a(lib_a-findfp.o)
                0x00000000000085d0                __sf_fake_stdout
 .rodata._vfprintf_r.str1.4
                0x00000000000085f0       0x13 /shares/eslfiler1/apps/linux/Development/rv32imc/riscv32-unknown-elf/lib/libc_nano.a(lib_a-nano-vfprintf.o)
 *fill*         0x0000000000008603        0x1 
 .rodata._printf_i.str1.4
                0x0000000000008604       0x25 /shares/eslfiler1/apps/linux/Development/rv32imc/riscv32-unknown-elf/lib/libc_nano.a(lib_a-nano-vfprintf_i.o)
 *fill*         0x0000000000008629        0x3 
 .rodata._printf_i
                0x000000000000862c       0x58 /shares/eslfiler1/apps/linux/Development/rv32imc/riscv32-unknown-elf/lib/libc_nano.a(lib_a-nano-vfprintf_i.o)
 .rodata        0x0000000000008684      0x100 /shares/eslfiler1/apps/linux/Development/rv32imc/lib/gcc/riscv32-unknown-elf/11.1.0/libgcc.a(_clz.o)
                0x0000000000008684                __clz_tab

.rodata1
 *(.rodata1)

.eh_frame_hdr
 *(.eh_frame_hdr)
 *(.eh_frame_entry .eh_frame_entry.*)

.eh_frame       0x0000000000002d1c       0x3c
 *(.eh_frame)
 .eh_frame      0x0000000000002d1c       0x28 /shares/eslfiler1/apps/linux/Development/rv32imc/lib/gcc/riscv32-unknown-elf/11.1.0/libgcc.a(_divdi3.o)
 .eh_frame      0x0000000000002d44       0x14 /shares/eslfiler1/apps/linux/Development/rv32imc/lib/gcc/riscv32-unknown-elf/11.1.0/libgcc.a(_udivdi3.o)
                                         0x28 (size before relaxing)
 *(.eh_frame.*)

.rela.dyn       0x0000000000002d58        0x0
 .rela.text.start
                0x0000000000002d58        0x0 /tmp/cchyeAls.o
 .rela.text.__libc_fini_array
                0x0000000000002d58        0x0 /tmp/cchyeAls.o
 .rela.text.__libc_init_array
                0x0000000000002d58        0x0 /tmp/cchyeAls.o
 .rela.text.__register_exitproc
                0x0000000000002d58        0x0 /tmp/cchyeAls.o
 .rela.text.power_gate_core_asm
                0x0000000000002d58        0x0 /tmp/cchyeAls.o
 .rela.text._sbrk
                0x0000000000002d58        0x0 /tmp/cchyeAls.o
 .rela.sdata.brk
                0x0000000000002d58        0x0 /tmp/cchyeAls.o
 .rela.text._vfprintf_r
                0x0000000000002d58        0x0 /tmp/cchyeAls.o

.gcc_except_table
 *(.gcc_except_table .gcc_except_table.*)

.gnu_extab
 *(.gnu_extab*)
                0x0000000000003000                . = DATA_SEGMENT_ALIGN (CONSTANT (MAXPAGESIZE), CONSTANT (COMMONPAGESIZE))

.eh_frame
 *(.eh_frame)
 *(.eh_frame.*)

.gnu_extab
 *(.gnu_extab)

.gcc_except_table
 *(.gcc_except_table .gcc_except_table.*)

.exception_ranges
 *(.exception_ranges .exception_ranges*)

.tdata          0x0000000000008784        0x0
                [!provide]                        PROVIDE (__tdata_start = .)
 *(.tdata .tdata.* .gnu.linkonce.td.*)

.tbss
 *(.tbss .tbss.* .gnu.linkonce.tb.*)
 *(.tcommon)

.preinit_array  0x0000000000008784        0x0
                0x0000000000008784                PROVIDE (__preinit_array_start = .)
 *(.preinit_array)
                0x0000000000008784                PROVIDE (__preinit_array_end = .)

.init_array     0x0000000000008784        0x0
                0x0000000000008784                PROVIDE (__init_array_start = .)
 *(SORT_BY_INIT_PRIORITY(.init_array.*) SORT_BY_INIT_PRIORITY(.ctors.*))
 *(.init_array EXCLUDE_FILE(*crtend?.o *crtend.o *crtbegin?.o *crtbegin.o) .ctors)
                0x0000000000008784                PROVIDE (__init_array_end = .)

.fini_array     0x0000000000008784        0x0
                0x0000000000008784                PROVIDE (__fini_array_start = .)
 *(SORT_BY_INIT_PRIORITY(.fini_array.*) SORT_BY_INIT_PRIORITY(.dtors.*))
 *(.fini_array EXCLUDE_FILE(*crtend?.o *crtend.o *crtbegin?.o *crtbegin.o) .dtors)
                0x0000000000008784                PROVIDE (__fini_array_end = .)

.ctors
 *crtbegin.o(.ctors)
 *crtbegin?.o(.ctors)
 *(EXCLUDE_FILE(*crtend?.o *crtend.o) .ctors)
 *(SORT_BY_NAME(.ctors.*))
 *(.ctors)

.dtors
 *crtbegin.o(.dtors)
 *crtbegin?.o(.dtors)
 *(EXCLUDE_FILE(*crtend?.o *crtend.o) .dtors)
 *(SORT_BY_NAME(.dtors.*))
 *(.dtors)
                0x0000000000008784                . = DATA_SEGMENT_RELRO_END (., 0x0)

.data           0x0000000000008784       0xa0
                0x0000000000008784                __DATA_BEGIN__ = .
 *(.data .data.* .gnu.linkonce.d.*)
 .data          0x0000000000008784        0x0 /tmp/cchyeAls.o
 .data          0x0000000000008784        0x0 /tmp/ccU2x79j.o
 .data          0x0000000000008784        0x0 /tmp/cc9hJ8un.ltrans0.ltrans.o
 .data.test_data_4B
                0x0000000000008784       0x40 /tmp/cc9hJ8un.ltrans0.ltrans.o
 .data          0x00000000000087c4        0x0 /shares/eslfiler1/apps/linux/Development/rv32imc/riscv32-unknown-elf/lib/libc_nano.a(lib_a-atexit.o)
 .data          0x00000000000087c4        0x0 /shares/eslfiler1/apps/linux/Development/rv32imc/riscv32-unknown-elf/lib/libc_nano.a(lib_a-exit.o)
 .data          0x00000000000087c4        0x0 /shares/eslfiler1/apps/linux/Development/rv32imc/riscv32-unknown-elf/lib/libc_nano.a(lib_a-fini.o)
 .data          0x00000000000087c4        0x0 /shares/eslfiler1/apps/linux/Development/rv32imc/riscv32-unknown-elf/lib/libc_nano.a(lib_a-impure.o)
 .data.impure_data
                0x00000000000087c4       0x60 /shares/eslfiler1/apps/linux/Development/rv32imc/riscv32-unknown-elf/lib/libc_nano.a(lib_a-impure.o)
 .data          0x0000000000008824        0x0 /shares/eslfiler1/apps/linux/Development/rv32imc/riscv32-unknown-elf/lib/libc_nano.a(lib_a-init.o)
 .data          0x0000000000008824        0x0 /shares/eslfiler1/apps/linux/Development/rv32imc/riscv32-unknown-elf/lib/libc_nano.a(lib_a-memset.o)
 .data          0x0000000000008824        0x0 /shares/eslfiler1/apps/linux/Development/rv32imc/riscv32-unknown-elf/lib/libc_nano.a(lib_a-puts.o)
 .data          0x0000000000008824        0x0 /shares/eslfiler1/apps/linux/Development/rv32imc/riscv32-unknown-elf/lib/libc_nano.a(lib_a-reent.o)
 .data          0x0000000000008824        0x0 /shares/eslfiler1/apps/linux/Development/rv32imc/riscv32-unknown-elf/lib/libc_nano.a(lib_a-wbuf.o)
 .data          0x0000000000008824        0x0 /shares/eslfiler1/apps/linux/Development/rv32imc/riscv32-unknown-elf/lib/libc_nano.a(lib_a-wsetup.o)
 .data          0x0000000000008824        0x0 /shares/eslfiler1/apps/linux/Development/rv32imc/riscv32-unknown-elf/lib/libc_nano.a(lib_a-__atexit.o)
 .data          0x0000000000008824        0x0 /shares/eslfiler1/apps/linux/Development/rv32imc/riscv32-unknown-elf/lib/libc_nano.a(lib_a-__call_atexit.o)
 .data          0x0000000000008824        0x0 /shares/eslfiler1/apps/linux/Development/rv32imc/riscv32-unknown-elf/lib/libc_nano.a(lib_a-fflush.o)
 .data          0x0000000000008824        0x0 /shares/eslfiler1/apps/linux/Development/rv32imc/riscv32-unknown-elf/lib/libc_nano.a(lib_a-findfp.o)
 .data          0x0000000000008824        0x0 /shares/eslfiler1/apps/linux/Development/rv32imc/riscv32-unknown-elf/lib/libc_nano.a(lib_a-fwalk.o)
 .data          0x0000000000008824        0x0 /shares/eslfiler1/apps/linux/Development/rv32imc/riscv32-unknown-elf/lib/libc_nano.a(lib_a-makebuf.o)
 .data          0x0000000000008824        0x0 /shares/eslfiler1/apps/linux/Development/rv32imc/riscv32-unknown-elf/lib/libc_nano.a(lib_a-nano-freer.o)
 .data          0x0000000000008824        0x0 /shares/eslfiler1/apps/linux/Development/rv32imc/riscv32-unknown-elf/lib/libc_nano.a(lib_a-nano-mallocr.o)
 .data          0x0000000000008824        0x0 /shares/eslfiler1/apps/linux/Development/rv32imc/riscv32-unknown-elf/lib/libc_nano.a(lib_a-sbrkr.o)
 .data          0x0000000000008824        0x0 /shares/eslfiler1/apps/linux/Development/rv32imc/riscv32-unknown-elf/lib/libc_nano.a(lib_a-stdio.o)
 .data          0x0000000000008824        0x0 /shares/eslfiler1/apps/linux/Development/rv32imc/riscv32-unknown-elf/lib/libc_nano.a(lib_a-writer.o)
 .data          0x0000000000008824        0x0 /shares/eslfiler1/apps/linux/Development/rv32imc/riscv32-unknown-elf/lib/libc_nano.a(lib_a-closer.o)
 .data          0x0000000000008824        0x0 /shares/eslfiler1/apps/linux/Development/rv32imc/riscv32-unknown-elf/lib/libc_nano.a(lib_a-fstatr.o)
 .data          0x0000000000008824        0x0 /shares/eslfiler1/apps/linux/Development/rv32imc/riscv32-unknown-elf/lib/libc_nano.a(lib_a-isattyr.o)
 .data          0x0000000000008824        0x0 /shares/eslfiler1/apps/linux/Development/rv32imc/riscv32-unknown-elf/lib/libc_nano.a(lib_a-lseekr.o)
 .data          0x0000000000008824        0x0 /shares/eslfiler1/apps/linux/Development/rv32imc/riscv32-unknown-elf/lib/libc_nano.a(lib_a-mlock.o)
 .data          0x0000000000008824        0x0 /shares/eslfiler1/apps/linux/Development/rv32imc/riscv32-unknown-elf/lib/libc_nano.a(lib_a-readr.o)
 .data          0x0000000000008824        0x0 /shares/eslfiler1/apps/linux/Development/rv32imc/riscv32-unknown-elf/lib/libc_nano.a(lib_a-memcpy-asm.o)
 .data          0x0000000000008824        0x0 /shares/eslfiler1/apps/linux/Development/rv32imc/riscv32-unknown-elf/lib/libc_nano.a(lib_a-printf.o)
 .data          0x0000000000008824        0x0 /shares/eslfiler1/apps/linux/Development/rv32imc/riscv32-unknown-elf/lib/libc_nano.a(lib_a-nano-vfprintf.o)
 .data          0x0000000000008824        0x0 /shares/eslfiler1/apps/linux/Development/rv32imc/riscv32-unknown-elf/lib/libc_nano.a(lib_a-fvwrite.o)
 .data          0x0000000000008824        0x0 /shares/eslfiler1/apps/linux/Development/rv32imc/riscv32-unknown-elf/lib/libc_nano.a(lib_a-memchr.o)
 .data          0x0000000000008824        0x0 /shares/eslfiler1/apps/linux/Development/rv32imc/riscv32-unknown-elf/lib/libc_nano.a(lib_a-memmove.o)
 .data          0x0000000000008824        0x0 /shares/eslfiler1/apps/linux/Development/rv32imc/riscv32-unknown-elf/lib/libc_nano.a(lib_a-nano-reallocr.o)
 .data          0x0000000000008824        0x0 /shares/eslfiler1/apps/linux/Development/rv32imc/riscv32-unknown-elf/lib/libc_nano.a(lib_a-nano-vfprintf_i.o)
 .data          0x0000000000008824        0x0 /shares/eslfiler1/apps/linux/Development/rv32imc/riscv32-unknown-elf/lib/libc_nano.a(lib_a-nano-msizer.o)
 .data          0x0000000000008824        0x0 /shares/eslfiler1/apps/linux/Development/rv32imc/lib/gcc/riscv32-unknown-elf/11.1.0/libgcc.a(_divdi3.o)
 .data          0x0000000000008824        0x0 /shares/eslfiler1/apps/linux/Development/rv32imc/lib/gcc/riscv32-unknown-elf/11.1.0/libgcc.a(_udivdi3.o)
 .data          0x0000000000008824        0x0 /shares/eslfiler1/apps/linux/Development/rv32imc/lib/gcc/riscv32-unknown-elf/11.1.0/libgcc.a(_clz.o)

.data1
 *(.data1)

.sdata          0x0000000000008824       0x10
                0x0000000000008824                __SDATA_BEGIN__ = .
 *(.srodata.cst16)
 *(.srodata.cst8)
 *(.srodata.cst4)
 *(.srodata.cst2)
 *(.srodata .srodata.*)
 .srodata._global_impure_ptr
                0x0000000000008824        0x4 /shares/eslfiler1/apps/linux/Development/rv32imc/riscv32-unknown-elf/lib/libc_nano.a(lib_a-impure.o)
                0x0000000000008824                _global_impure_ptr
 *(.sdata .sdata.* .gnu.linkonce.s.*)
 .sdata.brk     0x0000000000008828        0x4 /tmp/cc9hJ8un.ltrans0.ltrans.o
 .sdata._impure_ptr
                0x000000000000882c        0x4 /shares/eslfiler1/apps/linux/Development/rv32imc/riscv32-unknown-elf/lib/libc_nano.a(lib_a-impure.o)
                0x000000000000882c                _impure_ptr
 .sdata.__atexit_dummy
                0x0000000000008830        0x4 /shares/eslfiler1/apps/linux/Development/rv32imc/riscv32-unknown-elf/lib/libc_nano.a(lib_a-__atexit.o)
                0x0000000000008830                __atexit_dummy
                0x0000000000008834                _edata = .
                [!provide]                        PROVIDE (edata = .)
                0x0000000000008834                . = .
                0x0000000000008834                __bss_start = .

.sbss           0x0000000000008834       0x14
 *(.dynsbss)
 *(.sbss .sbss.* .gnu.linkonce.sb.*)
 .sbss.power_manager
                0x0000000000008834        0x4 /tmp/cc9hJ8un.ltrans0.ltrans.o
 .sbss.errno    0x0000000000008838        0x4 /shares/eslfiler1/apps/linux/Development/rv32imc/riscv32-unknown-elf/lib/libc_nano.a(lib_a-reent.o)
                0x0000000000008838                errno
 .sbss._global_atexit
                0x000000000000883c        0x4 /shares/eslfiler1/apps/linux/Development/rv32imc/riscv32-unknown-elf/lib/libc_nano.a(lib_a-__call_atexit.o)
                0x000000000000883c                _global_atexit
 .sbss.__malloc_free_list
                0x0000000000008840        0x4 /shares/eslfiler1/apps/linux/Development/rv32imc/riscv32-unknown-elf/lib/libc_nano.a(lib_a-nano-mallocr.o)
                0x0000000000008840                __malloc_free_list
 .sbss.__malloc_sbrk_start
                0x0000000000008844        0x4 /shares/eslfiler1/apps/linux/Development/rv32imc/riscv32-unknown-elf/lib/libc_nano.a(lib_a-nano-mallocr.o)
                0x0000000000008844                __malloc_sbrk_start
 *(.scommon)

.bss            0x0000000000008848       0xfc
 *(.dynbss)
 *(.bss .bss.* .gnu.linkonce.b.*)
 .bss           0x0000000000008848        0x0 /tmp/cchyeAls.o
 .bss           0x0000000000008848        0x0 /tmp/ccU2x79j.o
 .bss           0x0000000000008848        0x0 /tmp/cc9hJ8un.ltrans0.ltrans.o
 .bss.copied_data_1B
                0x0000000000008848       0x10 /tmp/cc9hJ8un.ltrans0.ltrans.o
 .bss.copied_data_2B
                0x0000000000008858       0x20 /tmp/cc9hJ8un.ltrans0.ltrans.o
 .bss.copied_data_4B
                0x0000000000008878       0x40 /tmp/cc9hJ8un.ltrans0.ltrans.o
 .bss           0x00000000000088b8        0x0 /shares/eslfiler1/apps/linux/Development/rv32imc/riscv32-unknown-elf/lib/libc_nano.a(lib_a-atexit.o)
 .bss           0x00000000000088b8        0x0 /shares/eslfiler1/apps/linux/Development/rv32imc/riscv32-unknown-elf/lib/libc_nano.a(lib_a-exit.o)
 .bss           0x00000000000088b8        0x0 /shares/eslfiler1/apps/linux/Development/rv32imc/riscv32-unknown-elf/lib/libc_nano.a(lib_a-fini.o)
 .bss           0x00000000000088b8        0x0 /shares/eslfiler1/apps/linux/Development/rv32imc/riscv32-unknown-elf/lib/libc_nano.a(lib_a-impure.o)
 .bss           0x00000000000088b8        0x0 /shares/eslfiler1/apps/linux/Development/rv32imc/riscv32-unknown-elf/lib/libc_nano.a(lib_a-init.o)
 .bss           0x00000000000088b8        0x0 /shares/eslfiler1/apps/linux/Development/rv32imc/riscv32-unknown-elf/lib/libc_nano.a(lib_a-memset.o)
 .bss           0x00000000000088b8        0x0 /shares/eslfiler1/apps/linux/Development/rv32imc/riscv32-unknown-elf/lib/libc_nano.a(lib_a-puts.o)
 .bss           0x00000000000088b8        0x0 /shares/eslfiler1/apps/linux/Development/rv32imc/riscv32-unknown-elf/lib/libc_nano.a(lib_a-reent.o)
 .bss           0x00000000000088b8        0x0 /shares/eslfiler1/apps/linux/Development/rv32imc/riscv32-unknown-elf/lib/libc_nano.a(lib_a-wbuf.o)
 .bss           0x00000000000088b8        0x0 /shares/eslfiler1/apps/linux/Development/rv32imc/riscv32-unknown-elf/lib/libc_nano.a(lib_a-wsetup.o)
 .bss           0x00000000000088b8        0x0 /shares/eslfiler1/apps/linux/Development/rv32imc/riscv32-unknown-elf/lib/libc_nano.a(lib_a-__atexit.o)
 .bss._global_atexit0
                0x00000000000088b8       0x8c /shares/eslfiler1/apps/linux/Development/rv32imc/riscv32-unknown-elf/lib/libc_nano.a(lib_a-__atexit.o)
 .bss           0x0000000000008944        0x0 /shares/eslfiler1/apps/linux/Development/rv32imc/riscv32-unknown-elf/lib/libc_nano.a(lib_a-__call_atexit.o)
 .bss           0x0000000000008944        0x0 /shares/eslfiler1/apps/linux/Development/rv32imc/riscv32-unknown-elf/lib/libc_nano.a(lib_a-fflush.o)
 .bss           0x0000000000008944        0x0 /shares/eslfiler1/apps/linux/Development/rv32imc/riscv32-unknown-elf/lib/libc_nano.a(lib_a-findfp.o)
 .bss           0x0000000000008944        0x0 /shares/eslfiler1/apps/linux/Development/rv32imc/riscv32-unknown-elf/lib/libc_nano.a(lib_a-fwalk.o)
 .bss           0x0000000000008944        0x0 /shares/eslfiler1/apps/linux/Development/rv32imc/riscv32-unknown-elf/lib/libc_nano.a(lib_a-makebuf.o)
 .bss           0x0000000000008944        0x0 /shares/eslfiler1/apps/linux/Development/rv32imc/riscv32-unknown-elf/lib/libc_nano.a(lib_a-nano-freer.o)
 .bss           0x0000000000008944        0x0 /shares/eslfiler1/apps/linux/Development/rv32imc/riscv32-unknown-elf/lib/libc_nano.a(lib_a-nano-mallocr.o)
 .bss           0x0000000000008944        0x0 /shares/eslfiler1/apps/linux/Development/rv32imc/riscv32-unknown-elf/lib/libc_nano.a(lib_a-sbrkr.o)
 .bss           0x0000000000008944        0x0 /shares/eslfiler1/apps/linux/Development/rv32imc/riscv32-unknown-elf/lib/libc_nano.a(lib_a-stdio.o)
 .bss           0x0000000000008944        0x0 /shares/eslfiler1/apps/linux/Development/rv32imc/riscv32-unknown-elf/lib/libc_nano.a(lib_a-writer.o)
 .bss           0x0000000000008944        0x0 /shares/eslfiler1/apps/linux/Development/rv32imc/riscv32-unknown-elf/lib/libc_nano.a(lib_a-closer.o)
 .bss           0x0000000000008944        0x0 /shares/eslfiler1/apps/linux/Development/rv32imc/riscv32-unknown-elf/lib/libc_nano.a(lib_a-fstatr.o)
 .bss           0x0000000000008944        0x0 /shares/eslfiler1/apps/linux/Development/rv32imc/riscv32-unknown-elf/lib/libc_nano.a(lib_a-isattyr.o)
 .bss           0x0000000000008944        0x0 /shares/eslfiler1/apps/linux/Development/rv32imc/riscv32-unknown-elf/lib/libc_nano.a(lib_a-lseekr.o)
 .bss           0x0000000000008944        0x0 /shares/eslfiler1/apps/linux/Development/rv32imc/riscv32-unknown-elf/lib/libc_nano.a(lib_a-mlock.o)
 .bss           0x0000000000008944        0x0 /shares/eslfiler1/apps/linux/Development/rv32imc/riscv32-unknown-elf/lib/libc_nano.a(lib_a-readr.o)
 .bss           0x0000000000008944        0x0 /shares/eslfiler1/apps/linux/Development/rv32imc/riscv32-unknown-elf/lib/libc_nano.a(lib_a-memcpy-asm.o)
 .bss           0x0000000000008944        0x0 /shares/eslfiler1/apps/linux/Development/rv32imc/riscv32-unknown-elf/lib/libc_nano.a(lib_a-printf.o)
 .bss           0x0000000000008944        0x0 /shares/eslfiler1/apps/linux/Development/rv32imc/riscv32-unknown-elf/lib/libc_nano.a(lib_a-nano-vfprintf.o)
 .bss           0x0000000000008944        0x0 /shares/eslfiler1/apps/linux/Development/rv32imc/riscv32-unknown-elf/lib/libc_nano.a(lib_a-fvwrite.o)
 .bss           0x0000000000008944        0x0 /shares/eslfiler1/apps/linux/Development/rv32imc/riscv32-unknown-elf/lib/libc_nano.a(lib_a-memchr.o)
 .bss           0x0000000000008944        0x0 /shares/eslfiler1/apps/linux/Development/rv32imc/riscv32-unknown-elf/lib/libc_nano.a(lib_a-memmove.o)
 .bss           0x0000000000008944        0x0 /shares/eslfiler1/apps/linux/Development/rv32imc/riscv32-unknown-elf/lib/libc_nano.a(lib_a-nano-reallocr.o)
 .bss           0x0000000000008944        0x0 /shares/eslfiler1/apps/linux/Development/rv32imc/riscv32-unknown-elf/lib/libc_nano.a(lib_a-nano-vfprintf_i.o)
 .bss           0x0000000000008944        0x0 /shares/eslfiler1/apps/linux/Development/rv32imc/riscv32-unknown-elf/lib/libc_nano.a(lib_a-nano-msizer.o)
 .bss           0x0000000000008944        0x0 /shares/eslfiler1/apps/linux/Development/rv32imc/lib/gcc/riscv32-unknown-elf/11.1.0/libgcc.a(_divdi3.o)
 .bss           0x0000000000008944        0x0 /shares/eslfiler1/apps/linux/Development/rv32imc/lib/gcc/riscv32-unknown-elf/11.1.0/libgcc.a(_udivdi3.o)
 .bss           0x0000000000008944        0x0 /shares/eslfiler1/apps/linux/Development/rv32imc/lib/gcc/riscv32-unknown-elf/11.1.0/libgcc.a(_clz.o)
 *(COMMON)
                0x0000000000008944                . = ALIGN ((. != 0x0)?0x4:0x1)
                0x0000000000008944                . = ALIGN (0x4)
                0x0000000000008944                . = SEGMENT_START ("ldata-segment", .)
                0x0000000000008944                . = ALIGN (0x4)
                0x0000000000008944                __BSS_END__ = .
                0x0000000000008944                __bss_end = .
                0x0000000000008f84                __global_pointer$ = MIN ((__SDATA_BEGIN__ + 0x800), MAX ((__DATA_BEGIN__ + 0x800), (__BSS_END__ - 0x800)))
                0x0000000000008944                _end = .
                [!provide]                        PROVIDE (end = .)
                0x0000000000008944                . = DATA_SEGMENT_END (.)

.heap           0x0000000000008944     0x1000
                0x0000000000008944                PROVIDE (__heap_start = .)
                0x0000000000001000                . = __heap_size
 *fill*         0x0000000000008944     0x1000 
                0x0000000000009944                PROVIDE (__heap_end = .)

.stack          0x0000000000009950     0x1000
                [!provide]                        PROVIDE (__stack_start = .)
                0x0000000000001000                . = __stack_size
 *fill*         0x0000000000009950     0x1000 
                0x000000000000a950                PROVIDE (_sp = .)
                [!provide]                        PROVIDE (__stack_end = .)

.stab
 *(.stab)

.stabstr
 *(.stabstr)

.stab.excl
 *(.stab.excl)

.stab.exclstr
 *(.stab.exclstr)

.stab.index
 *(.stab.index)

.stab.indexstr
 *(.stab.indexstr)

.comment        0x0000000000000000       0x12
 *(.comment)
 .comment       0x0000000000000000       0x13 /tmp/cc9hJ8un.ltrans0.ltrans.o
 .comment       0x0000000000000000       0x13 /tmp/ccr9OyPe.debug.temp.o
 .comment       0x0000000000000000       0x13 /tmp/ccfZTGya.debug.temp.o
 .comment       0x0000000000000000       0x13 /tmp/ccTtwRh6.debug.temp.o
 .comment       0x0000000000000000       0x13 /tmp/ccLhc501.debug.temp.o
 .comment       0x0000000000000000       0x13 /tmp/ccrvvlKX.debug.temp.o
 .comment       0x0000000000000000       0x13 /tmp/cclq3EtT.debug.temp.o
 .comment       0x0000000000000000       0x13 /tmp/ccL5g2cP.debug.temp.o
 .comment       0x0000000000000000       0x13 /tmp/ccJiRsWK.debug.temp.o
 .comment       0x0000000000000000       0x13 /tmp/ccdi1VFG.debug.temp.o
 .comment       0x0000000000000000       0x13 /tmp/ccfR7rpC.debug.temp.o
 .comment       0x0000000000000000       0x13 /tmp/ccbJb18x.debug.temp.o
 .comment       0x0000000000000000       0x13 /tmp/ccX3oDSt.debug.temp.o
 .comment       0x0000000000000000       0x13 /tmp/ccxE1jCp.debug.temp.o
 .comment       0x0000000000000000       0x13 /tmp/ccTzF4ll.debug.temp.o
 .comment       0x0000000000000000       0x13 /tmp/cc9tCR5g.debug.temp.o
 .comment       0x0000000000000000       0x13 /tmp/cctOmHPc.debug.temp.o
 .comment       0x0000000000000000       0x13 /tmp/ccV0Bzz8.debug.temp.o
 .comment       0x0000000000000000       0x13 /tmp/cctcDuj4.debug.temp.o
 .comment       0x0000000000000000       0x13 /tmp/ccb50r3Z.debug.temp.o
 .comment       0x0000000000000000       0x13 /tmp/ccvdSrNV.debug.temp.o
 .comment       0x0000000000000000       0x13 /tmp/ccFmouxR.debug.temp.o
 .comment       0x0000000000000000       0x13 /tmp/ccbJezhN.debug.temp.o
 .comment       0x0000000000000000       0x12 /shares/eslfiler1/apps/linux/Development/rv32imc/riscv32-unknown-elf/lib/libc_nano.a(lib_a-atexit.o)
                                         0x13 (size before relaxing)
 .comment       0x0000000000000012       0x13 /shares/eslfiler1/apps/linux/Development/rv32imc/riscv32-unknown-elf/lib/libc_nano.a(lib_a-exit.o)
 .comment       0x0000000000000012       0x13 /shares/eslfiler1/apps/linux/Development/rv32imc/riscv32-unknown-elf/lib/libc_nano.a(lib_a-fini.o)
 .comment       0x0000000000000012       0x13 /shares/eslfiler1/apps/linux/Development/rv32imc/riscv32-unknown-elf/lib/libc_nano.a(lib_a-impure.o)
 .comment       0x0000000000000012       0x13 /shares/eslfiler1/apps/linux/Development/rv32imc/riscv32-unknown-elf/lib/libc_nano.a(lib_a-init.o)
 .comment       0x0000000000000012       0x13 /shares/eslfiler1/apps/linux/Development/rv32imc/riscv32-unknown-elf/lib/libc_nano.a(lib_a-puts.o)
 .comment       0x0000000000000012       0x13 /shares/eslfiler1/apps/linux/Development/rv32imc/riscv32-unknown-elf/lib/libc_nano.a(lib_a-reent.o)
 .comment       0x0000000000000012       0x13 /shares/eslfiler1/apps/linux/Development/rv32imc/riscv32-unknown-elf/lib/libc_nano.a(lib_a-wbuf.o)
 .comment       0x0000000000000012       0x13 /shares/eslfiler1/apps/linux/Development/rv32imc/riscv32-unknown-elf/lib/libc_nano.a(lib_a-wsetup.o)
 .comment       0x0000000000000012       0x13 /shares/eslfiler1/apps/linux/Development/rv32imc/riscv32-unknown-elf/lib/libc_nano.a(lib_a-__atexit.o)
 .comment       0x0000000000000012       0x13 /shares/eslfiler1/apps/linux/Development/rv32imc/riscv32-unknown-elf/lib/libc_nano.a(lib_a-__call_atexit.o)
 .comment       0x0000000000000012       0x13 /shares/eslfiler1/apps/linux/Development/rv32imc/riscv32-unknown-elf/lib/libc_nano.a(lib_a-fflush.o)
 .comment       0x0000000000000012       0x13 /shares/eslfiler1/apps/linux/Development/rv32imc/riscv32-unknown-elf/lib/libc_nano.a(lib_a-findfp.o)
 .comment       0x0000000000000012       0x13 /shares/eslfiler1/apps/linux/Development/rv32imc/riscv32-unknown-elf/lib/libc_nano.a(lib_a-fwalk.o)
 .comment       0x0000000000000012       0x13 /shares/eslfiler1/apps/linux/Development/rv32imc/riscv32-unknown-elf/lib/libc_nano.a(lib_a-makebuf.o)
 .comment       0x0000000000000012       0x13 /shares/eslfiler1/apps/linux/Development/rv32imc/riscv32-unknown-elf/lib/libc_nano.a(lib_a-nano-freer.o)
 .comment       0x0000000000000012       0x13 /shares/eslfiler1/apps/linux/Development/rv32imc/riscv32-unknown-elf/lib/libc_nano.a(lib_a-nano-mallocr.o)
 .comment       0x0000000000000012       0x13 /shares/eslfiler1/apps/linux/Development/rv32imc/riscv32-unknown-elf/lib/libc_nano.a(lib_a-sbrkr.o)
 .comment       0x0000000000000012       0x13 /shares/eslfiler1/apps/linux/Development/rv32imc/riscv32-unknown-elf/lib/libc_nano.a(lib_a-stdio.o)
 .comment       0x0000000000000012       0x13 /shares/eslfiler1/apps/linux/Development/rv32imc/riscv32-unknown-elf/lib/libc_nano.a(lib_a-writer.o)
 .comment       0x0000000000000012       0x13 /shares/eslfiler1/apps/linux/Development/rv32imc/riscv32-unknown-elf/lib/libc_nano.a(lib_a-closer.o)
 .comment       0x0000000000000012       0x13 /shares/eslfiler1/apps/linux/Development/rv32imc/riscv32-unknown-elf/lib/libc_nano.a(lib_a-fstatr.o)
 .comment       0x0000000000000012       0x13 /shares/eslfiler1/apps/linux/Development/rv32imc/riscv32-unknown-elf/lib/libc_nano.a(lib_a-isattyr.o)
 .comment       0x0000000000000012       0x13 /shares/eslfiler1/apps/linux/Development/rv32imc/riscv32-unknown-elf/lib/libc_nano.a(lib_a-lseekr.o)
 .comment       0x0000000000000012       0x13 /shares/eslfiler1/apps/linux/Development/rv32imc/riscv32-unknown-elf/lib/libc_nano.a(lib_a-mlock.o)
 .comment       0x0000000000000012       0x13 /shares/eslfiler1/apps/linux/Development/rv32imc/riscv32-unknown-elf/lib/libc_nano.a(lib_a-readr.o)
 .comment       0x0000000000000012       0x13 /shares/eslfiler1/apps/linux/Development/rv32imc/riscv32-unknown-elf/lib/libc_nano.a(lib_a-printf.o)
 .comment       0x0000000000000012       0x13 /shares/eslfiler1/apps/linux/Development/rv32imc/riscv32-unknown-elf/lib/libc_nano.a(lib_a-nano-vfprintf.o)
 .comment       0x0000000000000012       0x13 /shares/eslfiler1/apps/linux/Development/rv32imc/riscv32-unknown-elf/lib/libc_nano.a(lib_a-fvwrite.o)
 .comment       0x0000000000000012       0x13 /shares/eslfiler1/apps/linux/Development/rv32imc/riscv32-unknown-elf/lib/libc_nano.a(lib_a-memchr.o)
 .comment       0x0000000000000012       0x13 /shares/eslfiler1/apps/linux/Development/rv32imc/riscv32-unknown-elf/lib/libc_nano.a(lib_a-nano-reallocr.o)
 .comment       0x0000000000000012       0x13 /shares/eslfiler1/apps/linux/Development/rv32imc/riscv32-unknown-elf/lib/libc_nano.a(lib_a-nano-vfprintf_i.o)
 .comment       0x0000000000000012       0x13 /shares/eslfiler1/apps/linux/Development/rv32imc/riscv32-unknown-elf/lib/libc_nano.a(lib_a-nano-msizer.o)
 .comment       0x0000000000000012       0x13 /shares/eslfiler1/apps/linux/Development/rv32imc/lib/gcc/riscv32-unknown-elf/11.1.0/libgcc.a(_divdi3.o)
 .comment       0x0000000000000012       0x13 /shares/eslfiler1/apps/linux/Development/rv32imc/lib/gcc/riscv32-unknown-elf/11.1.0/libgcc.a(_udivdi3.o)
 .comment       0x0000000000000012       0x13 /shares/eslfiler1/apps/linux/Development/rv32imc/lib/gcc/riscv32-unknown-elf/11.1.0/libgcc.a(_clz.o)

.riscv.attributes
                0x0000000000000000       0x2a
 .riscv.attributes
                0x0000000000000000       0x28 /tmp/cchyeAls.o
 .riscv.attributes
                0x0000000000000028       0x28 /tmp/ccU2x79j.o
 .riscv.attributes
                0x0000000000000050       0x2a /tmp/cc9hJ8un.ltrans0.ltrans.o
 .riscv.attributes
                0x000000000000007a       0x26 /shares/eslfiler1/apps/linux/Development/rv32imc/riscv32-unknown-elf/lib/libc_nano.a(lib_a-atexit.o)
 .riscv.attributes
                0x00000000000000a0       0x26 /shares/eslfiler1/apps/linux/Development/rv32imc/riscv32-unknown-elf/lib/libc_nano.a(lib_a-exit.o)
 .riscv.attributes
                0x00000000000000c6       0x26 /shares/eslfiler1/apps/linux/Development/rv32imc/riscv32-unknown-elf/lib/libc_nano.a(lib_a-fini.o)
 .riscv.attributes
                0x00000000000000ec       0x26 /shares/eslfiler1/apps/linux/Development/rv32imc/riscv32-unknown-elf/lib/libc_nano.a(lib_a-impure.o)
 .riscv.attributes
                0x0000000000000112       0x26 /shares/eslfiler1/apps/linux/Development/rv32imc/riscv32-unknown-elf/lib/libc_nano.a(lib_a-init.o)
 .riscv.attributes
                0x0000000000000138       0x24 /shares/eslfiler1/apps/linux/Development/rv32imc/riscv32-unknown-elf/lib/libc_nano.a(lib_a-memset.o)
 .riscv.attributes
                0x000000000000015c       0x26 /shares/eslfiler1/apps/linux/Development/rv32imc/riscv32-unknown-elf/lib/libc_nano.a(lib_a-puts.o)
 .riscv.attributes
                0x0000000000000182       0x26 /shares/eslfiler1/apps/linux/Development/rv32imc/riscv32-unknown-elf/lib/libc_nano.a(lib_a-reent.o)
 .riscv.attributes
                0x00000000000001a8       0x26 /shares/eslfiler1/apps/linux/Development/rv32imc/riscv32-unknown-elf/lib/libc_nano.a(lib_a-wbuf.o)
 .riscv.attributes
                0x00000000000001ce       0x26 /shares/eslfiler1/apps/linux/Development/rv32imc/riscv32-unknown-elf/lib/libc_nano.a(lib_a-wsetup.o)
 .riscv.attributes
                0x00000000000001f4       0x26 /shares/eslfiler1/apps/linux/Development/rv32imc/riscv32-unknown-elf/lib/libc_nano.a(lib_a-__atexit.o)
 .riscv.attributes
                0x000000000000021a       0x26 /shares/eslfiler1/apps/linux/Development/rv32imc/riscv32-unknown-elf/lib/libc_nano.a(lib_a-__call_atexit.o)
 .riscv.attributes
                0x0000000000000240       0x26 /shares/eslfiler1/apps/linux/Development/rv32imc/riscv32-unknown-elf/lib/libc_nano.a(lib_a-fflush.o)
 .riscv.attributes
                0x0000000000000266       0x26 /shares/eslfiler1/apps/linux/Development/rv32imc/riscv32-unknown-elf/lib/libc_nano.a(lib_a-findfp.o)
 .riscv.attributes
                0x000000000000028c       0x26 /shares/eslfiler1/apps/linux/Development/rv32imc/riscv32-unknown-elf/lib/libc_nano.a(lib_a-fwalk.o)
 .riscv.attributes
                0x00000000000002b2       0x26 /shares/eslfiler1/apps/linux/Development/rv32imc/riscv32-unknown-elf/lib/libc_nano.a(lib_a-makebuf.o)
 .riscv.attributes
                0x00000000000002d8       0x26 /shares/eslfiler1/apps/linux/Development/rv32imc/riscv32-unknown-elf/lib/libc_nano.a(lib_a-nano-freer.o)
 .riscv.attributes
                0x00000000000002fe       0x26 /shares/eslfiler1/apps/linux/Development/rv32imc/riscv32-unknown-elf/lib/libc_nano.a(lib_a-nano-mallocr.o)
 .riscv.attributes
                0x0000000000000324       0x26 /shares/eslfiler1/apps/linux/Development/rv32imc/riscv32-unknown-elf/lib/libc_nano.a(lib_a-sbrkr.o)
 .riscv.attributes
                0x000000000000034a       0x26 /shares/eslfiler1/apps/linux/Development/rv32imc/riscv32-unknown-elf/lib/libc_nano.a(lib_a-stdio.o)
 .riscv.attributes
                0x0000000000000370       0x26 /shares/eslfiler1/apps/linux/Development/rv32imc/riscv32-unknown-elf/lib/libc_nano.a(lib_a-writer.o)
 .riscv.attributes
                0x0000000000000396       0x26 /shares/eslfiler1/apps/linux/Development/rv32imc/riscv32-unknown-elf/lib/libc_nano.a(lib_a-closer.o)
 .riscv.attributes
                0x00000000000003bc       0x26 /shares/eslfiler1/apps/linux/Development/rv32imc/riscv32-unknown-elf/lib/libc_nano.a(lib_a-fstatr.o)
 .riscv.attributes
                0x00000000000003e2       0x26 /shares/eslfiler1/apps/linux/Development/rv32imc/riscv32-unknown-elf/lib/libc_nano.a(lib_a-isattyr.o)
 .riscv.attributes
                0x0000000000000408       0x26 /shares/eslfiler1/apps/linux/Development/rv32imc/riscv32-unknown-elf/lib/libc_nano.a(lib_a-lseekr.o)
 .riscv.attributes
                0x000000000000042e       0x26 /shares/eslfiler1/apps/linux/Development/rv32imc/riscv32-unknown-elf/lib/libc_nano.a(lib_a-mlock.o)
 .riscv.attributes
                0x0000000000000454       0x26 /shares/eslfiler1/apps/linux/Development/rv32imc/riscv32-unknown-elf/lib/libc_nano.a(lib_a-readr.o)
 .riscv.attributes
                0x000000000000047a       0x24 /shares/eslfiler1/apps/linux/Development/rv32imc/riscv32-unknown-elf/lib/libc_nano.a(lib_a-memcpy-asm.o)
 .riscv.attributes
                0x000000000000049e       0x26 /shares/eslfiler1/apps/linux/Development/rv32imc/riscv32-unknown-elf/lib/libc_nano.a(lib_a-printf.o)
 .riscv.attributes
                0x00000000000004c4       0x26 /shares/eslfiler1/apps/linux/Development/rv32imc/riscv32-unknown-elf/lib/libc_nano.a(lib_a-nano-vfprintf.o)
 .riscv.attributes
                0x00000000000004ea       0x26 /shares/eslfiler1/apps/linux/Development/rv32imc/riscv32-unknown-elf/lib/libc_nano.a(lib_a-fvwrite.o)
 .riscv.attributes
                0x0000000000000510       0x26 /shares/eslfiler1/apps/linux/Development/rv32imc/riscv32-unknown-elf/lib/libc_nano.a(lib_a-memchr.o)
 .riscv.attributes
                0x0000000000000536       0x24 /shares/eslfiler1/apps/linux/Development/rv32imc/riscv32-unknown-elf/lib/libc_nano.a(lib_a-memmove.o)
 .riscv.attributes
                0x000000000000055a       0x26 /shares/eslfiler1/apps/linux/Development/rv32imc/riscv32-unknown-elf/lib/libc_nano.a(lib_a-nano-reallocr.o)
 .riscv.attributes
                0x0000000000000580       0x26 /shares/eslfiler1/apps/linux/Development/rv32imc/riscv32-unknown-elf/lib/libc_nano.a(lib_a-nano-vfprintf_i.o)
 .riscv.attributes
                0x00000000000005a6       0x26 /shares/eslfiler1/apps/linux/Development/rv32imc/riscv32-unknown-elf/lib/libc_nano.a(lib_a-nano-msizer.o)
 .riscv.attributes
                0x00000000000005cc       0x26 /shares/eslfiler1/apps/linux/Development/rv32imc/lib/gcc/riscv32-unknown-elf/11.1.0/libgcc.a(_divdi3.o)
 .riscv.attributes
                0x00000000000005f2       0x26 /shares/eslfiler1/apps/linux/Development/rv32imc/lib/gcc/riscv32-unknown-elf/11.1.0/libgcc.a(_udivdi3.o)
 .riscv.attributes
                0x0000000000000618       0x26 /shares/eslfiler1/apps/linux/Development/rv32imc/lib/gcc/riscv32-unknown-elf/11.1.0/libgcc.a(_clz.o)

.debug
 *(.debug)

.line
 *(.line)

.debug_srcinfo
 *(.debug_srcinfo)

.debug_sfnames
 *(.debug_sfnames)

.debug_aranges  0x0000000000000000      0x1c0
 *(.debug_aranges)
 .debug_aranges
                0x0000000000000000       0x20 /tmp/cchyeAls.o
 .debug_aranges
                0x0000000000000020       0x28 /tmp/ccU2x79j.o
 .debug_aranges
                0x0000000000000048      0x120 /tmp/cc9hJ8un.ltrans0.ltrans.o
 .debug_aranges
                0x0000000000000168       0x20 /shares/eslfiler1/apps/linux/Development/rv32imc/lib/gcc/riscv32-unknown-elf/11.1.0/libgcc.a(_divdi3.o)
 .debug_aranges
                0x0000000000000188       0x20 /shares/eslfiler1/apps/linux/Development/rv32imc/lib/gcc/riscv32-unknown-elf/11.1.0/libgcc.a(_udivdi3.o)
 .debug_aranges
                0x00000000000001a8       0x18 /shares/eslfiler1/apps/linux/Development/rv32imc/lib/gcc/riscv32-unknown-elf/11.1.0/libgcc.a(_clz.o)

.debug_pubnames
 *(.debug_pubnames)

.debug_info     0x0000000000000000     0x9ca6
 *(.debug_info .gnu.linkonce.wi.*)
 .debug_info    0x0000000000000000       0x25 /tmp/cchyeAls.o
 .debug_info    0x0000000000000025       0x23 /tmp/ccU2x79j.o
 .debug_info    0x0000000000000048     0x18a8 /tmp/cc9hJ8un.ltrans0.ltrans.o
 .debug_info    0x00000000000018f0      0x81e /tmp/ccr9OyPe.debug.temp.o
                0x00000000000018f0                test_dma_power_gating.c.cf8be183
 .debug_info    0x000000000000210e       0x32 /tmp/ccfZTGya.debug.temp.o
                0x000000000000210e                init.c.d1c69b7a
 .debug_info    0x0000000000002140      0xb52 /tmp/ccTtwRh6.debug.temp.o
                0x0000000000002140                syscalls.c.910a3237
 .debug_info    0x0000000000002c92      0x3d2 /tmp/ccLhc501.debug.temp.o
                0x0000000000002c92                handler.c.91c0cbc6
 .debug_info    0x0000000000003064      0x6b9 /tmp/ccrvvlKX.debug.temp.o
                0x0000000000003064                mmio.c.3c56604c
 .debug_info    0x000000000000371d      0x244 /tmp/cclq3EtT.debug.temp.o
                0x000000000000371d                bitfield.c.47451968
 .debug_info    0x0000000000003961      0x164 /tmp/ccL5g2cP.debug.temp.o
                0x0000000000003961                memory.c.34b6ab61
 .debug_info    0x0000000000003ac5      0x245 /tmp/ccJiRsWK.debug.temp.o
                0x0000000000003ac5                soc_ctrl.c.be070afe
 .debug_info    0x0000000000003d0a      0x52d /tmp/ccdi1VFG.debug.temp.o
                0x0000000000003d0a                uart.c.aafb54f6
 .debug_info    0x0000000000004237      0x8cc /tmp/ccfR7rpC.debug.temp.o
                0x0000000000004237                rv_plic.c.a036ba11
 .debug_info    0x0000000000004b03      0x8f0 /tmp/ccbJb18x.debug.temp.o
                0x0000000000004b03                rv_timer.c.c2273a04
 .debug_info    0x00000000000053f3      0x976 /tmp/ccX3oDSt.debug.temp.o
                0x00000000000053f3                gpio.c.2a6799f2
 .debug_info    0x0000000000005d69      0xb7d /tmp/ccxE1jCp.debug.temp.o
                0x0000000000005d69                i2c.c.825be6a3
 .debug_info    0x00000000000068e6      0x272 /tmp/ccTzF4ll.debug.temp.o
                0x00000000000068e6                dma.c.c7b8aa69
 .debug_info    0x0000000000006b58      0x91b /tmp/cc9tCR5g.debug.temp.o
                0x0000000000006b58                power_manager.c.d31fcade
 .debug_info    0x0000000000007473      0x2ac /tmp/cctOmHPc.debug.temp.o
                0x0000000000007473                fast_intr_ctrl.c.84032032
 .debug_info    0x000000000000771f      0x629 /tmp/ccV0Bzz8.debug.temp.o
                0x000000000000771f                spi_host.c.0a4e85ba
 .debug_info    0x0000000000007d48      0x206 /tmp/cctcDuj4.debug.temp.o
                0x0000000000007d48                pad_control.c.fc16b3e6
 .debug_info    0x0000000000007f4e      0x365 /tmp/ccb50r3Z.debug.temp.o
                0x0000000000007f4e                cgra.c.336f064d
 .debug_info    0x00000000000082b3      0x540 /tmp/ccvdSrNV.debug.temp.o
                0x00000000000082b3                fll.c.da835dcc
 .debug_info    0x00000000000087f3      0x354 /tmp/ccFmouxR.debug.temp.o
                0x00000000000087f3                coubertin.c.a9057f10
 .debug_info    0x0000000000008b47      0x193 /tmp/ccbJezhN.debug.temp.o
                0x0000000000008b47                heepocrates_ctrl.c.03d169b1
 .debug_info    0x0000000000008cda      0x793 /shares/eslfiler1/apps/linux/Development/rv32imc/lib/gcc/riscv32-unknown-elf/11.1.0/libgcc.a(_divdi3.o)
 .debug_info    0x000000000000946d      0x761 /shares/eslfiler1/apps/linux/Development/rv32imc/lib/gcc/riscv32-unknown-elf/11.1.0/libgcc.a(_udivdi3.o)
 .debug_info    0x0000000000009bce       0xd8 /shares/eslfiler1/apps/linux/Development/rv32imc/lib/gcc/riscv32-unknown-elf/11.1.0/libgcc.a(_clz.o)

.debug_abbrev   0x0000000000000000     0x1ee1
 *(.debug_abbrev)
 .debug_abbrev  0x0000000000000000       0x14 /tmp/cchyeAls.o
 .debug_abbrev  0x0000000000000014       0x12 /tmp/ccU2x79j.o
 .debug_abbrev  0x0000000000000026      0x13f /tmp/cc9hJ8un.ltrans0.ltrans.o
 .debug_abbrev  0x0000000000000165      0x19c /tmp/ccr9OyPe.debug.temp.o
 .debug_abbrev  0x0000000000000301       0x2c /tmp/ccfZTGya.debug.temp.o
 .debug_abbrev  0x000000000000032d      0x25d /tmp/ccTtwRh6.debug.temp.o
 .debug_abbrev  0x000000000000058a      0x105 /tmp/ccLhc501.debug.temp.o
 .debug_abbrev  0x000000000000068f      0x160 /tmp/ccrvvlKX.debug.temp.o
 .debug_abbrev  0x00000000000007ef       0xb6 /tmp/cclq3EtT.debug.temp.o
 .debug_abbrev  0x00000000000008a5       0xc8 /tmp/ccL5g2cP.debug.temp.o
 .debug_abbrev  0x000000000000096d       0xba /tmp/ccJiRsWK.debug.temp.o
 .debug_abbrev  0x0000000000000a27      0x13c /tmp/ccdi1VFG.debug.temp.o
 .debug_abbrev  0x0000000000000b63      0x1b5 /tmp/ccfR7rpC.debug.temp.o
 .debug_abbrev  0x0000000000000d18      0x1a0 /tmp/ccbJb18x.debug.temp.o
 .debug_abbrev  0x0000000000000eb8      0x16b /tmp/ccX3oDSt.debug.temp.o
 .debug_abbrev  0x0000000000001023      0x1f6 /tmp/ccxE1jCp.debug.temp.o
 .debug_abbrev  0x0000000000001219       0xd9 /tmp/ccTzF4ll.debug.temp.o
 .debug_abbrev  0x00000000000012f2      0x180 /tmp/cc9tCR5g.debug.temp.o
 .debug_abbrev  0x0000000000001472       0xe2 /tmp/cctOmHPc.debug.temp.o
 .debug_abbrev  0x0000000000001554      0x12b /tmp/ccV0Bzz8.debug.temp.o
 .debug_abbrev  0x000000000000167f       0xbc /tmp/cctcDuj4.debug.temp.o
 .debug_abbrev  0x000000000000173b       0xe9 /tmp/ccb50r3Z.debug.temp.o
 .debug_abbrev  0x0000000000001824      0x176 /tmp/ccvdSrNV.debug.temp.o
 .debug_abbrev  0x000000000000199a       0xb8 /tmp/ccFmouxR.debug.temp.o
 .debug_abbrev  0x0000000000001a52       0xba /tmp/ccbJezhN.debug.temp.o
 .debug_abbrev  0x0000000000001b0c      0x1bf /shares/eslfiler1/apps/linux/Development/rv32imc/lib/gcc/riscv32-unknown-elf/11.1.0/libgcc.a(_divdi3.o)
 .debug_abbrev  0x0000000000001ccb      0x1a6 /shares/eslfiler1/apps/linux/Development/rv32imc/lib/gcc/riscv32-unknown-elf/11.1.0/libgcc.a(_udivdi3.o)
 .debug_abbrev  0x0000000000001e71       0x70 /shares/eslfiler1/apps/linux/Development/rv32imc/lib/gcc/riscv32-unknown-elf/11.1.0/libgcc.a(_clz.o)

.debug_line     0x0000000000000000     0x3307
 *(.debug_line .debug_line.* .debug_line_end)
 .debug_line    0x0000000000000000      0x243 /tmp/cchyeAls.o
 .debug_line    0x0000000000000243      0x1ed /tmp/ccU2x79j.o
 .debug_line    0x0000000000000430     0x16ef /tmp/cc9hJ8un.ltrans0.ltrans.o
 .debug_line    0x0000000000001b1f       0x79 /tmp/ccr9OyPe.debug.temp.o
 .debug_line    0x0000000000001b98       0x3a /tmp/ccfZTGya.debug.temp.o
 .debug_line    0x0000000000001bd2       0x9d /tmp/ccTtwRh6.debug.temp.o
 .debug_line    0x0000000000001c6f       0x56 /tmp/ccLhc501.debug.temp.o
 .debug_line    0x0000000000001cc5       0x64 /tmp/ccrvvlKX.debug.temp.o
 .debug_line    0x0000000000001d29       0x4c /tmp/cclq3EtT.debug.temp.o
 .debug_line    0x0000000000001d75       0x5a /tmp/ccL5g2cP.debug.temp.o
 .debug_line    0x0000000000001dcf       0x63 /tmp/ccJiRsWK.debug.temp.o
 .debug_line    0x0000000000001e32       0x71 /tmp/ccdi1VFG.debug.temp.o
 .debug_line    0x0000000000001ea3       0x68 /tmp/ccfR7rpC.debug.temp.o
 .debug_line    0x0000000000001f0b       0x68 /tmp/ccbJb18x.debug.temp.o
 .debug_line    0x0000000000001f73       0x68 /tmp/ccX3oDSt.debug.temp.o
 .debug_line    0x0000000000001fdb       0x68 /tmp/ccxE1jCp.debug.temp.o
 .debug_line    0x0000000000002043       0x63 /tmp/ccTzF4ll.debug.temp.o
 .debug_line    0x00000000000020a6       0x68 /tmp/cc9tCR5g.debug.temp.o
 .debug_line    0x000000000000210e       0x68 /tmp/cctOmHPc.debug.temp.o
 .debug_line    0x0000000000002176       0x68 /tmp/ccV0Bzz8.debug.temp.o
 .debug_line    0x00000000000021de       0x63 /tmp/cctcDuj4.debug.temp.o
 .debug_line    0x0000000000002241       0x63 /tmp/ccb50r3Z.debug.temp.o
 .debug_line    0x00000000000022a4       0x68 /tmp/ccvdSrNV.debug.temp.o
 .debug_line    0x000000000000230c       0x68 /tmp/ccFmouxR.debug.temp.o
 .debug_line    0x0000000000002374       0x63 /tmp/ccbJezhN.debug.temp.o
 .debug_line    0x00000000000023d7      0x7ca /shares/eslfiler1/apps/linux/Development/rv32imc/lib/gcc/riscv32-unknown-elf/11.1.0/libgcc.a(_divdi3.o)
 .debug_line    0x0000000000002ba1      0x727 /shares/eslfiler1/apps/linux/Development/rv32imc/lib/gcc/riscv32-unknown-elf/11.1.0/libgcc.a(_udivdi3.o)
 .debug_line    0x00000000000032c8       0x3f /shares/eslfiler1/apps/linux/Development/rv32imc/lib/gcc/riscv32-unknown-elf/11.1.0/libgcc.a(_clz.o)

.debug_frame    0x0000000000000000      0x578
 *(.debug_frame)
 .debug_frame   0x0000000000000000      0x578 /tmp/cc9hJ8un.ltrans0.ltrans.o

.debug_str      0x0000000000000000     0x33bc
 *(.debug_str)
 .debug_str     0x0000000000000000       0x32 /tmp/cchyeAls.o
 .debug_str     0x0000000000000032        0xa /tmp/ccU2x79j.o
                                         0x35 (size before relaxing)
 .debug_str     0x000000000000003c      0x15a /tmp/cc9hJ8un.ltrans0.ltrans.o
                                        0x166 (size before relaxing)
 .debug_str     0x0000000000000196      0x6d3 /tmp/ccr9OyPe.debug.temp.o
                                        0x75a (size before relaxing)
 .debug_str     0x0000000000000869      0x6d3 /tmp/ccfZTGya.debug.temp.o
                                         0x7d (size before relaxing)
 .debug_str     0x0000000000000869      0x541 /tmp/ccTtwRh6.debug.temp.o
                                        0x776 (size before relaxing)
 .debug_str     0x0000000000000daa      0x297 /tmp/ccLhc501.debug.temp.o
                                        0x3c1 (size before relaxing)
 .debug_str     0x0000000000001041      0x323 /tmp/ccrvvlKX.debug.temp.o
                                        0x4cb (size before relaxing)
 .debug_str     0x0000000000001364       0x95 /tmp/cclq3EtT.debug.temp.o
                                        0x292 (size before relaxing)
 .debug_str     0x00000000000013f9       0x25 /tmp/ccL5g2cP.debug.temp.o
                                        0x160 (size before relaxing)
 .debug_str     0x000000000000141e       0x4a /tmp/ccJiRsWK.debug.temp.o
                                        0x263 (size before relaxing)
 .debug_str     0x0000000000001468       0x8f /tmp/ccdi1VFG.debug.temp.o
                                        0x3ea (size before relaxing)
 .debug_str     0x00000000000014f7      0x467 /tmp/ccfR7rpC.debug.temp.o
                                        0x728 (size before relaxing)
 .debug_str     0x000000000000195e      0x40d /tmp/ccbJb18x.debug.temp.o
                                        0x75d (size before relaxing)
 .debug_str     0x0000000000001d6b      0x3db /tmp/ccX3oDSt.debug.temp.o
                                        0x714 (size before relaxing)
 .debug_str     0x0000000000002146      0x78b /tmp/ccxE1jCp.debug.temp.o
                                        0xa89 (size before relaxing)
 .debug_str     0x00000000000028d1       0x17 /tmp/ccTzF4ll.debug.temp.o
                                        0x276 (size before relaxing)
 .debug_str     0x00000000000028e8      0x1c8 /tmp/cc9tCR5g.debug.temp.o
                                        0x73f (size before relaxing)
 .debug_str     0x0000000000002ab0      0x1c8 /tmp/cctOmHPc.debug.temp.o
                                        0x3b5 (size before relaxing)
 .debug_str     0x0000000000002ab0      0x1f0 /tmp/ccV0Bzz8.debug.temp.o
                                        0x48b (size before relaxing)
 .debug_str     0x0000000000002ca0       0xa3 /tmp/cctcDuj4.debug.temp.o
                                        0x238 (size before relaxing)
 .debug_str     0x0000000000002d43      0x14d /tmp/ccb50r3Z.debug.temp.o
                                        0x314 (size before relaxing)
 .debug_str     0x0000000000002e90      0x1bc /tmp/ccvdSrNV.debug.temp.o
                                        0x41a (size before relaxing)
 .debug_str     0x000000000000304c       0xc4 /tmp/ccFmouxR.debug.temp.o
                                        0x320 (size before relaxing)
 .debug_str     0x0000000000003110       0x63 /tmp/ccbJezhN.debug.temp.o
                                        0x1ff (size before relaxing)
 .debug_str     0x0000000000003173      0x198 /shares/eslfiler1/apps/linux/Development/rv32imc/lib/gcc/riscv32-unknown-elf/11.1.0/libgcc.a(_divdi3.o)
                                        0x248 (size before relaxing)
 .debug_str     0x000000000000330b      0x249 /shares/eslfiler1/apps/linux/Development/rv32imc/lib/gcc/riscv32-unknown-elf/11.1.0/libgcc.a(_udivdi3.o)
 .debug_str     0x000000000000330b       0xb1 /shares/eslfiler1/apps/linux/Development/rv32imc/lib/gcc/riscv32-unknown-elf/11.1.0/libgcc.a(_clz.o)
                                        0x196 (size before relaxing)

.debug_loc
 *(.debug_loc)

.debug_macinfo
 *(.debug_macinfo)

.debug_weaknames
 *(.debug_weaknames)

.debug_funcnames
 *(.debug_funcnames)

.debug_typenames
 *(.debug_typenames)

.debug_varnames
 *(.debug_varnames)

.debug_pubtypes
 *(.debug_pubtypes)

.debug_ranges
 *(.debug_ranges)

.debug_macro
 *(.debug_macro)

.debug_addr
 *(.debug_addr)

.gnu.attributes
 *(.gnu.attributes)

/DISCARD/
 *(.note.GNU-stack)
 *(.gnu_debuglink)
 *(.gnu.lto_*)
OUTPUT(applications/test_dma_power_gating/test_dma_power_gating.elf elf32-littleriscv)

.debug_line_str
                0x0000000000000000      0x95e
 .debug_line_str
                0x0000000000000000       0x26 /tmp/cchyeAls.o
                                         0x59 (size before relaxing)
 .debug_line_str
                0x0000000000000026        0xa /tmp/ccU2x79j.o
                                         0x40 (size before relaxing)
 .debug_line_str
                0x0000000000000030      0x14e /tmp/cc9hJ8un.ltrans0.ltrans.o
                                        0x1e7 (size before relaxing)
 .debug_line_str
                0x000000000000017e      0x178 /tmp/ccr9OyPe.debug.temp.o
                                        0x25f (size before relaxing)
 .debug_line_str
                0x00000000000002f6       0x21 /tmp/ccfZTGya.debug.temp.o
                                         0x61 (size before relaxing)
 .debug_line_str
                0x0000000000000317       0xd9 /tmp/ccTtwRh6.debug.temp.o
                                        0x25a (size before relaxing)
 .debug_line_str
                0x00000000000003f0       0x2e /tmp/ccLhc501.debug.temp.o
                                        0x13d (size before relaxing)
 .debug_line_str
                0x000000000000041e       0x27 /tmp/ccrvvlKX.debug.temp.o
                                        0x19c (size before relaxing)
 .debug_line_str
                0x0000000000000445       0x22 /tmp/cclq3EtT.debug.temp.o
                                        0x124 (size before relaxing)
 .debug_line_str
                0x0000000000000467       0x20 /tmp/ccL5g2cP.debug.temp.o
                                        0x18e (size before relaxing)
 .debug_line_str
                0x0000000000000487       0x2e /tmp/ccJiRsWK.debug.temp.o
                                        0x1ca (size before relaxing)
 .debug_line_str
                0x00000000000004b5       0x26 /tmp/ccdi1VFG.debug.temp.o
                                        0x1e3 (size before relaxing)
 .debug_line_str
                0x00000000000004db       0x58 /tmp/ccfR7rpC.debug.temp.o
                                        0x1d0 (size before relaxing)
 .debug_line_str
                0x0000000000000533       0x5c /tmp/ccbJb18x.debug.temp.o
                                        0x1d5 (size before relaxing)
 .debug_line_str
                0x000000000000058f       0x4c /tmp/ccX3oDSt.debug.temp.o
                                        0x1c1 (size before relaxing)
 .debug_line_str
                0x00000000000005db       0x48 /tmp/ccxE1jCp.debug.temp.o
                                        0x1bc (size before relaxing)
 .debug_line_str
                0x0000000000000623       0x24 /tmp/ccTzF4ll.debug.temp.o
                                        0x1b1 (size before relaxing)
 .debug_line_str
                0x0000000000000647       0x38 /tmp/cc9tCR5g.debug.temp.o
                                        0x1ee (size before relaxing)
 .debug_line_str
                0x000000000000067f       0x3a /tmp/cctOmHPc.debug.temp.o
                                        0x1f3 (size before relaxing)
 .debug_line_str
                0x00000000000006b9       0x5c /tmp/ccV0Bzz8.debug.temp.o
                                        0x1d5 (size before relaxing)
 .debug_line_str
                0x0000000000000715       0x68 /tmp/cctcDuj4.debug.temp.o
                                        0x1d9 (size before relaxing)
 .debug_line_str
                0x000000000000077d       0x3e /tmp/ccb50r3Z.debug.temp.o
                                        0x1a8 (size before relaxing)
 .debug_line_str
                0x00000000000007bb       0x3a /tmp/ccvdSrNV.debug.temp.o
                                        0x1ae (size before relaxing)
 .debug_line_str
                0x00000000000007f5       0x52 /tmp/ccFmouxR.debug.temp.o
                                        0x1cc (size before relaxing)
 .debug_line_str
                0x0000000000000847       0x6e /tmp/ccbJezhN.debug.temp.o
                                        0x1e4 (size before relaxing)
 .debug_line_str
                0x00000000000008b5       0xa9 /shares/eslfiler1/apps/linux/Development/rv32imc/lib/gcc/riscv32-unknown-elf/11.1.0/libgcc.a(_divdi3.o)
                                        0x136 (size before relaxing)
 .debug_line_str
                0x000000000000095e      0x136 /shares/eslfiler1/apps/linux/Development/rv32imc/lib/gcc/riscv32-unknown-elf/11.1.0/libgcc.a(_udivdi3.o)
 .debug_line_str
                0x000000000000095e      0x136 /shares/eslfiler1/apps/linux/Development/rv32imc/lib/gcc/riscv32-unknown-elf/11.1.0/libgcc.a(_clz.o)

.debug_rnglists
                0x0000000000000000      0x499
 .debug_rnglists
                0x0000000000000000       0x1a /tmp/ccU2x79j.o
 .debug_rnglists
                0x000000000000001a      0x278 /tmp/cc9hJ8un.ltrans0.ltrans.o
 .debug_rnglists
                0x0000000000000292       0xf6 /shares/eslfiler1/apps/linux/Development/rv32imc/lib/gcc/riscv32-unknown-elf/11.1.0/libgcc.a(_divdi3.o)
 .debug_rnglists
                0x0000000000000388      0x111 /shares/eslfiler1/apps/linux/Development/rv32imc/lib/gcc/riscv32-unknown-elf/11.1.0/libgcc.a(_udivdi3.o)

.debug_loclists
                0x0000000000000000     0x210b
 .debug_loclists
                0x0000000000000000      0xde4 /tmp/cc9hJ8un.ltrans0.ltrans.o
 .debug_loclists
                0x0000000000000de4      0x88e /shares/eslfiler1/apps/linux/Development/rv32imc/lib/gcc/riscv32-unknown-elf/11.1.0/libgcc.a(_divdi3.o)
 .debug_loclists
                0x0000000000001672      0xa99 /shares/eslfiler1/apps/linux/Development/rv32imc/lib/gcc/riscv32-unknown-elf/11.1.0/libgcc.a(_udivdi3.o)
